{
  "Data_flat_Metadata": {
    "Classification": "SPC-Monitoreo",
    "HexSize": "3.1",
    "Layout": "M4",
    "PartNumber": "AUIRF7736M2TR",
    "SolderType": "44-0206",
    "Area": "DirectFet_Diebond",
    "MeasLot": "104ONLO.I01",
    "SiteKey": "TIJ",
    "SpaceInstanceName": "BE",
    "BeginTimestampUtc": "2023-10-10T02:25:57Z",
    "BeginTimestamp": "2023-10-09T19:25:57Z",
    "EndTimestampUtc": "2023-10-10T02:25:57Z",
    "EndTimestamp": "2023-10-09T19:25:57Z"
  },
  "Data_flat_StrangeMetadata": {
    "Module": "SP",
    "PackageFamily": "WDSON",
    "Package": "WDSON_M-CAN",
    "Operator": "PINEDAYA",
    "WaferThickness": "PBF_2.0"
  },
  "Data_1list_Parameters": [
    {
      "Data_1list_RawValues": [
        {
          "process_equipment": "DBBE0016",
          "Seqnr": 4,
          "SampleId": 3096817,
          "Value": 6.0,
          "is_flagged": "N",
          "SampleTimestamp": "2023-10-09T19:25:57Z",
          "SampleTimestampUtc": "2023-10-10T02:25:57Z",
          "CreatedTimestamp": "2023-10-09T19:25:57Z",
          "CreatedTimestampUtc": "2023-10-10T02:25:57Z",
          "UpdatedTimestamp": "2023-10-09T19:25:57Z",
          "UpdatedTimestampUtc": "2023-10-10T02:25:57Z",
          "NumViolations": 0,
          "SampleMean": 5.8,
          "SampleMin": 3.0,
          "SampleMax": 8.0,
          "SampleMedian": 6.0,
          "SampleStdev": 1.78885438199983,
          "SampleQ1": 6.0,
          "SampleQ3": 6.0,
          "SampleSize": 5
        },
        {
          "process_equipment": "DBBE0016",
          "Seqnr": 3,
          "SampleId": 3096817,
          "Value": 6.0,
          "is_flagged": "N",
          "SampleTimestamp": "2023-10-09T19:25:57Z",
          "SampleTimestampUtc": "2023-10-10T02:25:57Z",
          "CreatedTimestamp": "2023-10-09T19:25:57Z",
          "CreatedTimestampUtc": "2023-10-10T02:25:57Z",
          "UpdatedTimestamp": "2023-10-09T19:25:57Z",
          "UpdatedTimestampUtc": "2023-10-10T02:25:57Z",
          "NumViolations": 0,
          "SampleMean": 5.8,
          "SampleMin": 3.0,
          "SampleMax": 8.0,
          "SampleMedian": 6.0,
          "SampleStdev": 1.78885438199983,
          "SampleQ1": 6.0,
          "SampleQ3": 6.0,
          "SampleSize": 5
        },
        {
          "process_equipment": "DBBE0016",
          "Seqnr": 2,
          "SampleId": 3096817,
          "Value": 6.0,
          "is_flagged": "N",
          "SampleTimestamp": "2023-10-09T19:25:57Z",
          "SampleTimestampUtc": "2023-10-10T02:25:57Z",
          "CreatedTimestamp": "2023-10-09T19:25:57Z",
          "CreatedTimestampUtc": "2023-10-10T02:25:57Z",
          "UpdatedTimestamp": "2023-10-09T19:25:57Z",
          "UpdatedTimestampUtc": "2023-10-10T02:25:57Z",
          "NumViolations": 0,
          "SampleMean": 5.8,
          "SampleMin": 3.0,
          "SampleMax": 8.0,
          "SampleMedian": 6.0,
          "SampleStdev": 1.78885438199983,
          "SampleQ1": 6.0,
          "SampleQ3": 6.0,
          "SampleSize": 5
        },
        {
          "process_equipment": "DBBE0016",
          "Seqnr": 1,
          "SampleId": 3096817,
          "Value": 3.0,
          "is_flagged": "N",
          "SampleTimestamp": "2023-10-09T19:25:57Z",
          "SampleTimestampUtc": "2023-10-10T02:25:57Z",
          "CreatedTimestamp": "2023-10-09T19:25:57Z",
          "CreatedTimestampUtc": "2023-10-10T02:25:57Z",
          "UpdatedTimestamp": "2023-10-09T19:25:57Z",
          "UpdatedTimestampUtc": "2023-10-10T02:25:57Z",
          "NumViolations": 0,
          "SampleMean": 5.8,
          "SampleMin": 3.0,
          "SampleMax": 8.0,
          "SampleMedian": 6.0,
          "SampleStdev": 1.78885438199983,
          "SampleQ1": 6.0,
          "SampleQ3": 6.0,
          "SampleSize": 5
        },
        {
          "process_equipment": "DBBE0016",
          "Seqnr": 5,
          "SampleId": 3096817,
          "Value": 8.0,
          "is_flagged": "N",
          "SampleTimestamp": "2023-10-09T19:25:57Z",
          "SampleTimestampUtc": "2023-10-10T02:25:57Z",
          "CreatedTimestamp": "2023-10-09T19:25:57Z",
          "CreatedTimestampUtc": "2023-10-10T02:25:57Z",
          "UpdatedTimestamp": "2023-10-09T19:25:57Z",
          "UpdatedTimestampUtc": "2023-10-10T02:25:57Z",
          "NumViolations": 0,
          "SampleMean": 5.8,
          "SampleMin": 3.0,
          "SampleMax": 8.0,
          "SampleMedian": 6.0,
          "SampleStdev": 1.78885438199983,
          "SampleQ1": 6.0,
          "SampleQ3": 6.0,
          "SampleSize": 5
        }
      ],
      "process_equipment": "DBBE0016",
      "FourDReport": "*",
      "ParameterClass": "E_SPC",
      "Segment": "Tijuana",
      "Data_flat_Limits": {
        "CKC_ID": "0",
        "MeasurementSpecLimits": {
          "SpecHighEnabled": "N",
          "SpecLowEnabled": "Y",
          "spec_high": 15.0,
          "target": 0.0
        },
        "ControlLimits": {
          "ctrl_mean_low": 0.0,
          "CtrlMeanLowEnabled": "Y",
          "ctrl_mean_target": 5.0,
          "CtrlMeanTargetEnabled": "Y",
          "ctrl_mean_high": 10.0,
          "CtrlMeanHighEnabled": "Y",
          "CtrlLowEnabled": "N",
          "CtrlHighEnabled": "N",
          "CtrlStdevLowEnabled": "Y",
          "CtrlSigmaCenterEnabled": "Y",
          "CtrlRangeCenterEnabled": "N",
          "CtrlCenterEnabled": "N",
          "CtrlStdevHighEnabled": "Y",
          "ctrl_range_low": 0.0,
          "CtrlRangeLowEnabled": "N",
          "ctrl_range_target": 5.0,
          "ctrl_range_high": 10.0,
          "CtrlRangeHighEnabled": "N"
        }
      },
      "Data_flat_MeasurementAggregates": {
        "exec_count": 5,
        "base_count": 5,
        "flagged_count": 0,
        "mean": 5.8,
        "median": 6.0,
        "stdev": 1.6,
        "range": 5.0,
        "min": 3.0,
        "max": 8.0,
        "q02": 3.24,
        "q05": 3.6000000000000005,
        "q25": 6.0,
        "q75": 6.0,
        "q95": 7.6,
        "q98": 7.84,
        "NumViolations": 0,
        "Samples": "3096817"
      },
      "ParameterName": "Die_Tiltness",
      "ParameterUnit": "um",
      "ChannelId": "480",
      "SourceDataLevel": "C",
      "channel_name": "Die_Tiltness WDSON_M-CAN M4 PBF_2.0 ABLESTIK_AAA3131A-IR",
      "RvStoreFlag": "Y",
      "created_timestamp_utc": "2023-10-10T02:25:57Z",
      "created_timestamp": "2023-10-09T19:25:57Z",
      "updated_timestamp_utc": "2023-10-10T02:25:57Z",
      "updated_timestamp": "2023-10-09T19:25:57Z"
    }
  ],
  "Document": {
    "Version": "1.0",
    "Type": "ProcessControl",
    "Repetition": {
      "Id": "0",
      "IdBaseValue": "2023-10-10T02:25:57Z"
    }
  },
  "ProductionAction": {
    "Id": "SPACEAGGED2:TIJ:BE:DirectFet_Diebond:SP",
    "Type": "SpaceAggregation"
  },
  "Item": {
    "Id": "Measlot:104ONLO.I01",
    "IdSystemName": "Measlot",
    "Type": "Lot"
  },
  "SystemLog": {
    "UniqueSourceKey": "TIJ:BE:104ONLO.I01:DirectFet_Diebond:SP:Die_Tiltness:480:3096817:0",
    "ExtractedTimestampUtc": "0001-01-01T00:00:00",
    "EnqueuedTimestampUtc": "0001-01-01T00:00:00",
    "DocCreatedTimestampUtc": "2023-10-09T19:25:57Z",
    "QueueOffset": 0,
    "QueuePartition": 0
  },
  "SearchPatterns": {
    "SpaceKey": "Measlot:104ONLO.I01:SPACEAGGED2:TIJ:BE:DirectFet_Diebond:SP:ProcessControl:1.0",
    "TimeGroup": "0",
    "SiteKey": "TIJ"
  }
}