{
  "Data_flat_Metadata": {
    "Classification": "SPC-Monitoreo",
    "PartNumber": "MA005550128",
    "Track": "A3477A",
    "Area": "Plastic_Singulacion",
    "MeasLot": "104OLWB.I01",
    "SiteKey": "TIJ",
    "SpaceInstanceName": "BE",
    "BeginTimestampUtc": "2023-10-10T03:35:37Z",
    "BeginTimestamp": "2023-10-09T20:35:37Z",
    "EndTimestampUtc": "2023-10-10T03:35:37Z",
    "EndTimestamp": "2023-10-09T20:35:37Z"
  },
  "Data_flat_StrangeMetadata": {
    "Module": "Assy_EOL",
    "PackageFamily": "TO252",
    "Package": "TO252-5",
    "Operator": "MGOMEZ5"
  },
  "Data_1list_Parameters": [
    {
      "Data_1list_RawValues": [
        {
          "process_equipment": "SFMI461B",
          "Seqnr": 1,
          "SampleId": 3096890,
          "Value": 3.05,
          "is_flagged": "N",
          "SampleTimestamp": "2023-10-09T20:35:37Z",
          "SampleTimestampUtc": "2023-10-10T03:35:37Z",
          "CreatedTimestamp": "2023-10-09T20:35:37Z",
          "CreatedTimestampUtc": "2023-10-10T03:35:37Z",
          "UpdatedTimestamp": "2023-10-09T20:35:37Z",
          "UpdatedTimestampUtc": "2023-10-10T03:35:37Z",
          "NumViolations": 0,
          "SampleMean": 3.17,
          "SampleMin": 2.95,
          "SampleMax": 3.35,
          "SampleMedian": 3.2,
          "SampleStdev": 0.168077363139716,
          "SampleQ1": 3.05,
          "SampleQ3": 3.3,
          "SampleSize": 5
        },
        {
          "process_equipment": "SFMI461B",
          "Seqnr": 2,
          "SampleId": 3096890,
          "Value": 3.2,
          "is_flagged": "N",
          "SampleTimestamp": "2023-10-09T20:35:37Z",
          "SampleTimestampUtc": "2023-10-10T03:35:37Z",
          "CreatedTimestamp": "2023-10-09T20:35:37Z",
          "CreatedTimestampUtc": "2023-10-10T03:35:37Z",
          "UpdatedTimestamp": "2023-10-09T20:35:37Z",
          "UpdatedTimestampUtc": "2023-10-10T03:35:37Z",
          "NumViolations": 0,
          "SampleMean": 3.17,
          "SampleMin": 2.95,
          "SampleMax": 3.35,
          "SampleMedian": 3.2,
          "SampleStdev": 0.168077363139716,
          "SampleQ1": 3.05,
          "SampleQ3": 3.3,
          "SampleSize": 5
        },
        {
          "process_equipment": "SFMI461B",
          "Seqnr": 5,
          "SampleId": 3096890,
          "Value": 3.35,
          "is_flagged": "N",
          "SampleTimestamp": "2023-10-09T20:35:37Z",
          "SampleTimestampUtc": "2023-10-10T03:35:37Z",
          "CreatedTimestamp": "2023-10-09T20:35:37Z",
          "CreatedTimestampUtc": "2023-10-10T03:35:37Z",
          "UpdatedTimestamp": "2023-10-09T20:35:37Z",
          "UpdatedTimestampUtc": "2023-10-10T03:35:37Z",
          "NumViolations": 0,
          "SampleMean": 3.17,
          "SampleMin": 2.95,
          "SampleMax": 3.35,
          "SampleMedian": 3.2,
          "SampleStdev": 0.168077363139716,
          "SampleQ1": 3.05,
          "SampleQ3": 3.3,
          "SampleSize": 5
        },
        {
          "process_equipment": "SFMI461B",
          "Seqnr": 4,
          "SampleId": 3096890,
          "Value": 2.95,
          "is_flagged": "N",
          "SampleTimestamp": "2023-10-09T20:35:37Z",
          "SampleTimestampUtc": "2023-10-10T03:35:37Z",
          "CreatedTimestamp": "2023-10-09T20:35:37Z",
          "CreatedTimestampUtc": "2023-10-10T03:35:37Z",
          "UpdatedTimestamp": "2023-10-09T20:35:37Z",
          "UpdatedTimestampUtc": "2023-10-10T03:35:37Z",
          "NumViolations": 0,
          "SampleMean": 3.17,
          "SampleMin": 2.95,
          "SampleMax": 3.35,
          "SampleMedian": 3.2,
          "SampleStdev": 0.168077363139716,
          "SampleQ1": 3.05,
          "SampleQ3": 3.3,
          "SampleSize": 5
        },
        {
          "process_equipment": "SFMI461B",
          "Seqnr": 3,
          "SampleId": 3096890,
          "Value": 3.3,
          "is_flagged": "N",
          "SampleTimestamp": "2023-10-09T20:35:37Z",
          "SampleTimestampUtc": "2023-10-10T03:35:37Z",
          "CreatedTimestamp": "2023-10-09T20:35:37Z",
          "CreatedTimestampUtc": "2023-10-10T03:35:37Z",
          "UpdatedTimestamp": "2023-10-09T20:35:37Z",
          "UpdatedTimestampUtc": "2023-10-10T03:35:37Z",
          "NumViolations": 0,
          "SampleMean": 3.17,
          "SampleMin": 2.95,
          "SampleMax": 3.35,
          "SampleMedian": 3.2,
          "SampleStdev": 0.168077363139716,
          "SampleQ1": 3.05,
          "SampleQ3": 3.3,
          "SampleSize": 5
        }
      ],
      "process_equipment": "SFMI461B",
      "FourDReport": "*",
      "ParameterClass": "PPAP",
      "Segment": "Tijuana",
      "Data_flat_Limits": {
        "CKC_ID": "0",
        "MeasurementSpecLimits": {
          "SpecHighEnabled": "N",
          "SpecLowEnabled": "Y",
          "spec_high": 5.0,
          "target": 0.0
        },
        "ControlLimits": {
          "ctrl_mean_low": 2.29222,
          "CtrlMeanLowEnabled": "Y",
          "ctrl_mean_target": 2.93343,
          "CtrlMeanTargetEnabled": "Y",
          "ctrl_mean_high": 3.57463,
          "CtrlMeanHighEnabled": "Y",
          "CtrlLowEnabled": "N",
          "CtrlHighEnabled": "N",
          "CtrlStdevLowEnabled": "Y",
          "CtrlSigmaCenterEnabled": "Y",
          "CtrlRangeCenterEnabled": "N",
          "CtrlCenterEnabled": "N",
          "CtrlStdevHighEnabled": "Y",
          "ctrl_range_low": 0.069522,
          "CtrlRangeLowEnabled": "N",
          "ctrl_range_target": 0.389,
          "ctrl_range_high": 1.08269,
          "CtrlRangeHighEnabled": "N"
        }
      },
      "Data_flat_MeasurementAggregates": {
        "exec_count": 5,
        "base_count": 5,
        "flagged_count": 0,
        "mean": 3.1700000000000004,
        "median": 3.2,
        "stdev": 0.15033296378372907,
        "range": 0.3999999999999999,
        "min": 2.95,
        "max": 3.35,
        "q02": 2.958,
        "q05": 2.97,
        "q25": 3.05,
        "q75": 3.3,
        "q95": 3.34,
        "q98": 3.346,
        "NumViolations": 0,
        "Samples": "3096890"
      },
      "ParameterName": "BodyToGround_Distance",
      "ParameterUnit": "mils",
      "ChannelId": "1048",
      "SourceDataLevel": "C",
      "channel_name": "BodyToGround_Distance TO252-5",
      "channel_description": "singulation plastics",
      "RvStoreFlag": "Y",
      "created_timestamp_utc": "2023-10-10T03:35:37Z",
      "created_timestamp": "2023-10-09T20:35:37Z",
      "updated_timestamp_utc": "2023-10-10T03:35:37Z",
      "updated_timestamp": "2023-10-09T20:35:37Z"
    }
  ],
  "Document": {
    "Version": "1.0",
    "Type": "ProcessControl",
    "Repetition": {
      "Id": "0",
      "IdBaseValue": "2023-10-10T03:35:37Z"
    }
  },
  "ProductionAction": {
    "Id": "SPACEAGGED2:TIJ:BE:Plastic_Singulacion:Assy_EOL",
    "Type": "SpaceAggregation"
  },
  "Item": {
    "Id": "Measlot:104OLWB.I01",
    "IdSystemName": "Measlot",
    "Type": "Lot"
  },
  "SystemLog": {
    "UniqueSourceKey": "TIJ:BE:104OLWB.I01:Plastic_Singulacion:Assy_EOL:BodyToGround_Distance:1048:3096890:0",
    "ExtractedTimestampUtc": "0001-01-01T00:00:00",
    "EnqueuedTimestampUtc": "0001-01-01T00:00:00",
    "DocCreatedTimestampUtc": "2023-10-09T20:35:37Z",
    "QueueOffset": 0,
    "QueuePartition": 0
  },
  "SearchPatterns": {
    "SpaceKey": "Measlot:104OLWB.I01:SPACEAGGED2:TIJ:BE:Plastic_Singulacion:Assy_EOL:ProcessControl:1.0",
    "TimeGroup": "0",
    "SiteKey": "TIJ"
  }
}