{
  "Data_flat_Metadata": {
    "Classification": "SPC-Monitoreo",
    "PartNumber": "PA002410340",
    "Track": "Z2",
    "Area": "Pre_assy_Corte",
    "MeasLot": "104OOG8.1",
    "SiteKey": "TIJ",
    "SpaceInstanceName": "BE",
    "BeginTimestampUtc": "2023-10-10T02:52:26Z",
    "BeginTimestamp": "2023-10-09T19:52:26Z",
    "EndTimestampUtc": "2023-10-10T02:52:26Z",
    "EndTimestamp": "2023-10-09T19:52:26Z"
  },
  "Data_flat_StrangeMetadata": {
    "Module": "SP",
    "Category": "PT-0008-07",
    "Operator": "omarroq1"
  },
  "Data_1list_Parameters": [
    {
      "Data_1list_RawValues": [
        {
          "process_equipment": "WSDI0109",
          "Seqnr": 5,
          "SampleId": 3096852,
          "Value": 0.0315,
          "is_flagged": "N",
          "SampleTimestamp": "2023-10-09T19:52:26Z",
          "SampleTimestampUtc": "2023-10-10T02:52:26Z",
          "CreatedTimestamp": "2023-10-09T19:52:26Z",
          "CreatedTimestampUtc": "2023-10-10T02:52:26Z",
          "UpdatedTimestamp": "2023-10-09T19:52:26Z",
          "UpdatedTimestampUtc": "2023-10-10T02:52:26Z",
          "NumViolations": 0,
          "SampleMean": 0.0309,
          "SampleMin": 0.0305,
          "SampleMax": 0.0315,
          "SampleMedian": 0.0305,
          "SampleStdev": 0.000547722557505167,
          "SampleQ1": 0.0305,
          "SampleQ3": 0.0315,
          "SampleSize": 5
        },
        {
          "process_equipment": "WSDI0109",
          "Seqnr": 3,
          "SampleId": 3096852,
          "Value": 0.0315,
          "is_flagged": "N",
          "SampleTimestamp": "2023-10-09T19:52:26Z",
          "SampleTimestampUtc": "2023-10-10T02:52:26Z",
          "CreatedTimestamp": "2023-10-09T19:52:26Z",
          "CreatedTimestampUtc": "2023-10-10T02:52:26Z",
          "UpdatedTimestamp": "2023-10-09T19:52:26Z",
          "UpdatedTimestampUtc": "2023-10-10T02:52:26Z",
          "NumViolations": 0,
          "SampleMean": 0.0309,
          "SampleMin": 0.0305,
          "SampleMax": 0.0315,
          "SampleMedian": 0.0305,
          "SampleStdev": 0.000547722557505167,
          "SampleQ1": 0.0305,
          "SampleQ3": 0.0315,
          "SampleSize": 5
        },
        {
          "process_equipment": "WSDI0109",
          "Seqnr": 2,
          "SampleId": 3096852,
          "Value": 0.0305,
          "is_flagged": "N",
          "SampleTimestamp": "2023-10-09T19:52:26Z",
          "SampleTimestampUtc": "2023-10-10T02:52:26Z",
          "CreatedTimestamp": "2023-10-09T19:52:26Z",
          "CreatedTimestampUtc": "2023-10-10T02:52:26Z",
          "UpdatedTimestamp": "2023-10-09T19:52:26Z",
          "UpdatedTimestampUtc": "2023-10-10T02:52:26Z",
          "NumViolations": 0,
          "SampleMean": 0.0309,
          "SampleMin": 0.0305,
          "SampleMax": 0.0315,
          "SampleMedian": 0.0305,
          "SampleStdev": 0.000547722557505167,
          "SampleQ1": 0.0305,
          "SampleQ3": 0.0315,
          "SampleSize": 5
        },
        {
          "process_equipment": "WSDI0109",
          "Seqnr": 1,
          "SampleId": 3096852,
          "Value": 0.0305,
          "is_flagged": "N",
          "SampleTimestamp": "2023-10-09T19:52:26Z",
          "SampleTimestampUtc": "2023-10-10T02:52:26Z",
          "CreatedTimestamp": "2023-10-09T19:52:26Z",
          "CreatedTimestampUtc": "2023-10-10T02:52:26Z",
          "UpdatedTimestamp": "2023-10-09T19:52:26Z",
          "UpdatedTimestampUtc": "2023-10-10T02:52:26Z",
          "NumViolations": 0,
          "SampleMean": 0.0309,
          "SampleMin": 0.0305,
          "SampleMax": 0.0315,
          "SampleMedian": 0.0305,
          "SampleStdev": 0.000547722557505167,
          "SampleQ1": 0.0305,
          "SampleQ3": 0.0315,
          "SampleSize": 5
        },
        {
          "process_equipment": "WSDI0109",
          "Seqnr": 4,
          "SampleId": 3096852,
          "Value": 0.0305,
          "is_flagged": "N",
          "SampleTimestamp": "2023-10-09T19:52:26Z",
          "SampleTimestampUtc": "2023-10-10T02:52:26Z",
          "CreatedTimestamp": "2023-10-09T19:52:26Z",
          "CreatedTimestampUtc": "2023-10-10T02:52:26Z",
          "UpdatedTimestamp": "2023-10-09T19:52:26Z",
          "UpdatedTimestampUtc": "2023-10-10T02:52:26Z",
          "NumViolations": 0,
          "SampleMean": 0.0309,
          "SampleMin": 0.0305,
          "SampleMax": 0.0315,
          "SampleMedian": 0.0305,
          "SampleStdev": 0.000547722557505167,
          "SampleQ1": 0.0305,
          "SampleQ3": 0.0315,
          "SampleSize": 5
        }
      ],
      "process_equipment": "WSDI0109",
      "FourDReport": "*",
      "ParameterClass": "NON_PPAP",
      "Segment": "Tijuana",
      "Data_flat_Limits": {
        "CKC_ID": "0",
        "MeasurementSpecLimits": {
          "SpecHighEnabled": "N",
          "SpecLowEnabled": "Y",
          "spec_high": 0.0508,
          "target": 0.037
        },
        "ControlLimits": {
          "ctrl_mean_low": 0.02812,
          "CtrlMeanLowEnabled": "Y",
          "ctrl_mean_target": 0.03103,
          "CtrlMeanTargetEnabled": "Y",
          "ctrl_mean_high": 0.03393,
          "CtrlMeanHighEnabled": "Y",
          "CtrlLowEnabled": "N",
          "CtrlHighEnabled": "N",
          "CtrlStdevLowEnabled": "Y",
          "CtrlSigmaCenterEnabled": "Y",
          "CtrlRangeCenterEnabled": "N",
          "CtrlCenterEnabled": "N",
          "CtrlStdevHighEnabled": "Y",
          "ctrl_range_low": 0.0,
          "CtrlRangeLowEnabled": "N",
          "ctrl_range_target": 0.00127,
          "ctrl_range_high": 0.00254,
          "CtrlRangeHighEnabled": "N"
        }
      },
      "Data_flat_MeasurementAggregates": {
        "exec_count": 5,
        "base_count": 5,
        "flagged_count": 0,
        "mean": 0.0309,
        "median": 0.0305,
        "stdev": 0.000489897948556636,
        "range": 0.0010000000000000009,
        "min": 0.0305,
        "max": 0.0315,
        "q02": 0.030500000000000003,
        "q05": 0.030500000000000003,
        "q25": 0.0305,
        "q75": 0.0315,
        "q95": 0.0315,
        "q98": 0.0315,
        "NumViolations": 0,
        "Samples": "3096852"
      },
      "ParameterName": "WaferKerf_Width",
      "ParameterUnit": "mm",
      "ChannelId": "1834",
      "SourceDataLevel": "C",
      "channel_name": "WaferKerf_Width Pre_assy PT-0008-07",
      "channel_description": "Wafer saw process",
      "RvStoreFlag": "Y",
      "created_timestamp_utc": "2023-10-10T02:52:26Z",
      "created_timestamp": "2023-10-09T19:52:26Z",
      "updated_timestamp_utc": "2023-10-10T02:52:26Z",
      "updated_timestamp": "2023-10-09T19:52:26Z"
    }
  ],
  "Document": {
    "Version": "1.0",
    "Type": "ProcessControl",
    "Repetition": {
      "Id": "0",
      "IdBaseValue": "2023-10-10T02:52:26Z"
    }
  },
  "ProductionAction": {
    "Id": "SPACEAGGED2:TIJ:BE:Pre_assy_Corte:SP",
    "Type": "SpaceAggregation"
  },
  "Item": {
    "Id": "Measlot:104OOG8.1",
    "IdSystemName": "Measlot",
    "Type": "Lot"
  },
  "SystemLog": {
    "UniqueSourceKey": "TIJ:BE:104OOG8.1:Pre_assy_Corte:SP:WaferKerf_Width:1834:3096852:0",
    "ExtractedTimestampUtc": "0001-01-01T00:00:00",
    "EnqueuedTimestampUtc": "0001-01-01T00:00:00",
    "DocCreatedTimestampUtc": "2023-10-09T19:52:26Z",
    "QueueOffset": 0,
    "QueuePartition": 0
  },
  "SearchPatterns": {
    "SpaceKey": "Measlot:104OOG8.1:SPACEAGGED2:TIJ:BE:Pre_assy_Corte:SP:ProcessControl:1.0",
    "TimeGroup": "0",
    "SiteKey": "TIJ"
  }
}