{
  "Data_flat_Metadata": {
    "Classification": "Setup/Conversi√≥n",
    "PartNumber": "MA005678599",
    "Track": "MP2010-1-A2-1",
    "Area": "Plastic_Trim",
    "MeasLot": "104OOIL.I01",
    "SiteKey": "TIJ",
    "SpaceInstanceName": "BE",
    "BeginTimestampUtc": "2023-10-10T02:59:18Z",
    "BeginTimestamp": "2023-10-09T19:59:18Z",
    "EndTimestampUtc": "2023-10-10T02:59:18Z",
    "EndTimestamp": "2023-10-09T19:59:18Z"
  },
  "Data_flat_StrangeMetadata": {
    "Module": "Assy_EOL",
    "PackageFamily": "TO262",
    "Package": "TO262-3",
    "Operator": "CSALINAS1"
  },
  "Data_1list_Parameters": [
    {
      "Data_1list_RawValues": [
        {
          "process_equipment": "TRPS0441",
          "Seqnr": 2,
          "SampleId": 3096860,
          "Value": 1.6,
          "is_flagged": "N",
          "SampleTimestamp": "2023-10-09T19:59:18Z",
          "SampleTimestampUtc": "2023-10-10T02:59:18Z",
          "CreatedTimestamp": "2023-10-09T19:59:18Z",
          "CreatedTimestampUtc": "2023-10-10T02:59:18Z",
          "UpdatedTimestamp": "2023-10-09T19:59:18Z",
          "UpdatedTimestampUtc": "2023-10-10T02:59:18Z",
          "NumViolations": 0,
          "SampleMean": 1.23,
          "SampleMin": 1.0,
          "SampleMax": 1.6,
          "SampleMedian": 1.2,
          "SampleStdev": 0.238746727726266,
          "SampleQ1": 1.05,
          "SampleQ3": 1.3,
          "SampleSize": 5
        },
        {
          "process_equipment": "TRPS0441",
          "Seqnr": 1,
          "SampleId": 3096860,
          "Value": 1.2,
          "is_flagged": "N",
          "SampleTimestamp": "2023-10-09T19:59:18Z",
          "SampleTimestampUtc": "2023-10-10T02:59:18Z",
          "CreatedTimestamp": "2023-10-09T19:59:18Z",
          "CreatedTimestampUtc": "2023-10-10T02:59:18Z",
          "UpdatedTimestamp": "2023-10-09T19:59:18Z",
          "UpdatedTimestampUtc": "2023-10-10T02:59:18Z",
          "NumViolations": 0,
          "SampleMean": 1.23,
          "SampleMin": 1.0,
          "SampleMax": 1.6,
          "SampleMedian": 1.2,
          "SampleStdev": 0.238746727726266,
          "SampleQ1": 1.05,
          "SampleQ3": 1.3,
          "SampleSize": 5
        },
        {
          "process_equipment": "TRPS0441",
          "Seqnr": 3,
          "SampleId": 3096860,
          "Value": 1.3,
          "is_flagged": "N",
          "SampleTimestamp": "2023-10-09T19:59:18Z",
          "SampleTimestampUtc": "2023-10-10T02:59:18Z",
          "CreatedTimestamp": "2023-10-09T19:59:18Z",
          "CreatedTimestampUtc": "2023-10-10T02:59:18Z",
          "UpdatedTimestamp": "2023-10-09T19:59:18Z",
          "UpdatedTimestampUtc": "2023-10-10T02:59:18Z",
          "NumViolations": 0,
          "SampleMean": 1.23,
          "SampleMin": 1.0,
          "SampleMax": 1.6,
          "SampleMedian": 1.2,
          "SampleStdev": 0.238746727726266,
          "SampleQ1": 1.05,
          "SampleQ3": 1.3,
          "SampleSize": 5
        },
        {
          "process_equipment": "TRPS0441",
          "Seqnr": 5,
          "SampleId": 3096860,
          "Value": 1.05,
          "is_flagged": "N",
          "SampleTimestamp": "2023-10-09T19:59:18Z",
          "SampleTimestampUtc": "2023-10-10T02:59:18Z",
          "CreatedTimestamp": "2023-10-09T19:59:18Z",
          "CreatedTimestampUtc": "2023-10-10T02:59:18Z",
          "UpdatedTimestamp": "2023-10-09T19:59:18Z",
          "UpdatedTimestampUtc": "2023-10-10T02:59:18Z",
          "NumViolations": 0,
          "SampleMean": 1.23,
          "SampleMin": 1.0,
          "SampleMax": 1.6,
          "SampleMedian": 1.2,
          "SampleStdev": 0.238746727726266,
          "SampleQ1": 1.05,
          "SampleQ3": 1.3,
          "SampleSize": 5
        },
        {
          "process_equipment": "TRPS0441",
          "Seqnr": 4,
          "SampleId": 3096860,
          "Value": 1.0,
          "is_flagged": "N",
          "SampleTimestamp": "2023-10-09T19:59:18Z",
          "SampleTimestampUtc": "2023-10-10T02:59:18Z",
          "CreatedTimestamp": "2023-10-09T19:59:18Z",
          "CreatedTimestampUtc": "2023-10-10T02:59:18Z",
          "UpdatedTimestamp": "2023-10-09T19:59:18Z",
          "UpdatedTimestampUtc": "2023-10-10T02:59:18Z",
          "NumViolations": 0,
          "SampleMean": 1.23,
          "SampleMin": 1.0,
          "SampleMax": 1.6,
          "SampleMedian": 1.2,
          "SampleStdev": 0.238746727726266,
          "SampleQ1": 1.05,
          "SampleQ3": 1.3,
          "SampleSize": 5
        }
      ],
      "process_equipment": "TRPS0441",
      "FourDReport": "*",
      "ParameterClass": "NON_PPAP",
      "Segment": "Tijuana",
      "Data_flat_Limits": {
        "CKC_ID": "0",
        "MeasurementSpecLimits": {
          "SpecHighEnabled": "N",
          "SpecLowEnabled": "Y",
          "spec_high": 5.0,
          "target": 0.0
        },
        "ControlLimits": {
          "ctrl_mean_low": 0.00430644531069646,
          "CtrlMeanLowEnabled": "Y",
          "ctrl_mean_target": 1.14493693693694,
          "CtrlMeanTargetEnabled": "Y",
          "ctrl_mean_high": 2.28556742856318,
          "CtrlMeanHighEnabled": "Y",
          "CtrlLowEnabled": "N",
          "CtrlHighEnabled": "N",
          "CtrlStdevLowEnabled": "Y",
          "CtrlSigmaCenterEnabled": "Y",
          "CtrlRangeCenterEnabled": "N",
          "CtrlCenterEnabled": "N",
          "CtrlStdevHighEnabled": "Y",
          "ctrl_range_low": 0.220375690949331,
          "CtrlRangeLowEnabled": "N",
          "ctrl_range_target": 0.663172362420041,
          "ctrl_range_high": 2.24675905234989,
          "CtrlRangeHighEnabled": "N"
        }
      },
      "Data_flat_MeasurementAggregates": {
        "exec_count": 5,
        "base_count": 5,
        "flagged_count": 0,
        "mean": 1.23,
        "median": 1.2,
        "stdev": 0.21354156504062627,
        "range": 0.6000000000000001,
        "min": 1.0,
        "max": 1.6,
        "q02": 1.004,
        "q05": 1.01,
        "q25": 1.05,
        "q75": 1.3,
        "q95": 1.54,
        "q98": 1.576,
        "NumViolations": 0,
        "Samples": "3096860"
      },
      "ParameterName": "DambarDisplacement_Distance",
      "ParameterUnit": "mils",
      "ChannelId": "1084",
      "SourceDataLevel": "C",
      "channel_name": "DambarDisplacement_Distance TO262-3",
      "channel_description": "singulation plastics",
      "RvStoreFlag": "Y",
      "created_timestamp_utc": "2023-10-10T02:59:18Z",
      "created_timestamp": "2023-10-09T19:59:18Z",
      "updated_timestamp_utc": "2023-10-10T02:59:18Z",
      "updated_timestamp": "2023-10-09T19:59:18Z"
    }
  ],
  "Document": {
    "Version": "1.0",
    "Type": "ProcessControl",
    "Repetition": {
      "Id": "0",
      "IdBaseValue": "2023-10-10T02:59:18Z"
    }
  },
  "ProductionAction": {
    "Id": "SPACEAGGED2:TIJ:BE:Plastic_Trim:Assy_EOL",
    "Type": "SpaceAggregation"
  },
  "Item": {
    "Id": "Measlot:104OOIL.I01",
    "IdSystemName": "Measlot",
    "Type": "Lot"
  },
  "SystemLog": {
    "UniqueSourceKey": "TIJ:BE:104OOIL.I01:Plastic_Trim:Assy_EOL:DambarDisplacement_Distance:1084:3096860:0",
    "ExtractedTimestampUtc": "0001-01-01T00:00:00",
    "EnqueuedTimestampUtc": "0001-01-01T00:00:00",
    "DocCreatedTimestampUtc": "2023-10-09T19:59:18Z",
    "QueueOffset": 0,
    "QueuePartition": 0
  },
  "SearchPatterns": {
    "SpaceKey": "Measlot:104OOIL.I01:SPACEAGGED2:TIJ:BE:Plastic_Trim:Assy_EOL:ProcessControl:1.0",
    "TimeGroup": "0",
    "SiteKey": "TIJ"
  }
}