{
  "Data_flat_Metadata": {
    "Line": "IHM",
    "ProductionOrder": "81771429",
    "Batch": "HR05865P0",
    "MaterialNumber": "42812",
    "ProductGroup": "M-IHM-B190",
    "MeasurementRecipe": "9",
    "OrderType": "2100",
    "QrkGroup": "2100",
    "ProcessGroup": "system_soldering",
    "SpcClass": "2100",
    "Segment": "HPS",
    "MeasLot": "81771429",
    "SiteKey": "CEG",
    "SpaceInstanceName": "BE",
    "BeginTimestampUtc": "2023-10-27T09:21:34Z",
    "BeginTimestamp": "2023-10-27T11:21:34Z",
    "EndTimestampUtc": "2023-10-27T09:21:34Z",
    "EndTimestamp": "2023-10-27T11:21:34Z",
    "Equipment": "VADU22"
  },
  "Data_flat_StrangeMetadata": {
    "MaterialNumberText": "2100",
    "Operator": "2100",
    "ParameterClass": "NON_SPC",
    "Package": "IHM",
    "PosName": "2100"
  },
  "Data_1list_Parameters": [
    {
      "process_equipment": "132013101092",
      "ProcessEquipmentName": "VADU22",
      "LongParameterName": "K1-Löttemp",
      "Data_1list_RawValues": [
        {
          "process_equipment": "132013101092",
          "MeasurementEquipment": "VADU22",
          "ProcessEquipmentName": "VADU22",
          "Seqnr": 4,
          "SampleId": 332712509,
          "Value": 190.0,
          "is_flagged": "N",
          "SampleTimestamp": "2023-10-27T11:21:34Z",
          "SampleTimestampUtc": "2023-10-27T09:21:34Z",
          "CreatedTimestamp": "2023-10-27T11:26:33Z",
          "CreatedTimestampUtc": "2023-10-27T09:26:33Z",
          "UpdatedTimestamp": "2023-10-27T11:26:33Z",
          "UpdatedTimestampUtc": "2023-10-27T09:26:33Z",
          "NumViolations": 0,
          "SampleMean": 190.01625,
          "SampleMin": 190.0,
          "SampleMax": 190.07,
          "SampleMedian": 190.005,
          "SampleStdev": 0.0244584195260898,
          "SampleQ1": 190.0,
          "SampleQ3": 190.0225,
          "SampleSize": 8
        },
        {
          "process_equipment": "132013101092",
          "MeasurementEquipment": "VADU22",
          "ProcessEquipmentName": "VADU22",
          "Seqnr": 5,
          "SampleId": 332712509,
          "Value": 190.0,
          "is_flagged": "N",
          "SampleTimestamp": "2023-10-27T11:21:34Z",
          "SampleTimestampUtc": "2023-10-27T09:21:34Z",
          "CreatedTimestamp": "2023-10-27T11:26:33Z",
          "CreatedTimestampUtc": "2023-10-27T09:26:33Z",
          "UpdatedTimestamp": "2023-10-27T11:26:33Z",
          "UpdatedTimestampUtc": "2023-10-27T09:26:33Z",
          "NumViolations": 0,
          "SampleMean": 190.01625,
          "SampleMin": 190.0,
          "SampleMax": 190.07,
          "SampleMedian": 190.005,
          "SampleStdev": 0.0244584195260898,
          "SampleQ1": 190.0,
          "SampleQ3": 190.0225,
          "SampleSize": 8
        },
        {
          "process_equipment": "132013101092",
          "MeasurementEquipment": "VADU22",
          "ProcessEquipmentName": "VADU22",
          "Seqnr": 6,
          "SampleId": 332712509,
          "Value": 190.03,
          "is_flagged": "N",
          "SampleTimestamp": "2023-10-27T11:21:34Z",
          "SampleTimestampUtc": "2023-10-27T09:21:34Z",
          "CreatedTimestamp": "2023-10-27T11:26:33Z",
          "CreatedTimestampUtc": "2023-10-27T09:26:33Z",
          "UpdatedTimestamp": "2023-10-27T11:26:33Z",
          "UpdatedTimestampUtc": "2023-10-27T09:26:33Z",
          "NumViolations": 0,
          "SampleMean": 190.01625,
          "SampleMin": 190.0,
          "SampleMax": 190.07,
          "SampleMedian": 190.005,
          "SampleStdev": 0.0244584195260898,
          "SampleQ1": 190.0,
          "SampleQ3": 190.0225,
          "SampleSize": 8
        },
        {
          "process_equipment": "132013101092",
          "MeasurementEquipment": "VADU22",
          "ProcessEquipmentName": "VADU22",
          "Seqnr": 2,
          "SampleId": 332712509,
          "Value": 190.0,
          "is_flagged": "N",
          "SampleTimestamp": "2023-10-27T11:21:34Z",
          "SampleTimestampUtc": "2023-10-27T09:21:34Z",
          "CreatedTimestamp": "2023-10-27T11:26:33Z",
          "CreatedTimestampUtc": "2023-10-27T09:26:33Z",
          "UpdatedTimestamp": "2023-10-27T11:26:33Z",
          "UpdatedTimestampUtc": "2023-10-27T09:26:33Z",
          "NumViolations": 0,
          "SampleMean": 190.01625,
          "SampleMin": 190.0,
          "SampleMax": 190.07,
          "SampleMedian": 190.005,
          "SampleStdev": 0.0244584195260898,
          "SampleQ1": 190.0,
          "SampleQ3": 190.0225,
          "SampleSize": 8
        },
        {
          "process_equipment": "132013101092",
          "MeasurementEquipment": "VADU22",
          "ProcessEquipmentName": "VADU22",
          "Seqnr": 8,
          "SampleId": 332712509,
          "Value": 190.0,
          "is_flagged": "N",
          "SampleTimestamp": "2023-10-27T11:21:34Z",
          "SampleTimestampUtc": "2023-10-27T09:21:34Z",
          "CreatedTimestamp": "2023-10-27T11:26:33Z",
          "CreatedTimestampUtc": "2023-10-27T09:26:33Z",
          "UpdatedTimestamp": "2023-10-27T11:26:33Z",
          "UpdatedTimestampUtc": "2023-10-27T09:26:33Z",
          "NumViolations": 0,
          "SampleMean": 190.01625,
          "SampleMin": 190.0,
          "SampleMax": 190.07,
          "SampleMedian": 190.005,
          "SampleStdev": 0.0244584195260898,
          "SampleQ1": 190.0,
          "SampleQ3": 190.0225,
          "SampleSize": 8
        },
        {
          "process_equipment": "132013101092",
          "MeasurementEquipment": "VADU22",
          "ProcessEquipmentName": "VADU22",
          "Seqnr": 1,
          "SampleId": 332712509,
          "Value": 190.02,
          "is_flagged": "N",
          "SampleTimestamp": "2023-10-27T11:21:34Z",
          "SampleTimestampUtc": "2023-10-27T09:21:34Z",
          "CreatedTimestamp": "2023-10-27T11:26:33Z",
          "CreatedTimestampUtc": "2023-10-27T09:26:33Z",
          "UpdatedTimestamp": "2023-10-27T11:26:33Z",
          "UpdatedTimestampUtc": "2023-10-27T09:26:33Z",
          "NumViolations": 0,
          "SampleMean": 190.01625,
          "SampleMin": 190.0,
          "SampleMax": 190.07,
          "SampleMedian": 190.005,
          "SampleStdev": 0.0244584195260898,
          "SampleQ1": 190.0,
          "SampleQ3": 190.0225,
          "SampleSize": 8
        },
        {
          "process_equipment": "132013101092",
          "MeasurementEquipment": "VADU22",
          "ProcessEquipmentName": "VADU22",
          "Seqnr": 3,
          "SampleId": 332712509,
          "Value": 190.01,
          "is_flagged": "N",
          "SampleTimestamp": "2023-10-27T11:21:34Z",
          "SampleTimestampUtc": "2023-10-27T09:21:34Z",
          "CreatedTimestamp": "2023-10-27T11:26:33Z",
          "CreatedTimestampUtc": "2023-10-27T09:26:33Z",
          "UpdatedTimestamp": "2023-10-27T11:26:33Z",
          "UpdatedTimestampUtc": "2023-10-27T09:26:33Z",
          "NumViolations": 0,
          "SampleMean": 190.01625,
          "SampleMin": 190.0,
          "SampleMax": 190.07,
          "SampleMedian": 190.005,
          "SampleStdev": 0.0244584195260898,
          "SampleQ1": 190.0,
          "SampleQ3": 190.0225,
          "SampleSize": 8
        },
        {
          "process_equipment": "132013101092",
          "MeasurementEquipment": "VADU22",
          "ProcessEquipmentName": "VADU22",
          "Seqnr": 7,
          "SampleId": 332712509,
          "Value": 190.07,
          "is_flagged": "N",
          "SampleTimestamp": "2023-10-27T11:21:34Z",
          "SampleTimestampUtc": "2023-10-27T09:21:34Z",
          "CreatedTimestamp": "2023-10-27T11:26:33Z",
          "CreatedTimestampUtc": "2023-10-27T09:26:33Z",
          "UpdatedTimestamp": "2023-10-27T11:26:33Z",
          "UpdatedTimestampUtc": "2023-10-27T09:26:33Z",
          "NumViolations": 0,
          "SampleMean": 190.01625,
          "SampleMin": 190.0,
          "SampleMax": 190.07,
          "SampleMedian": 190.005,
          "SampleStdev": 0.0244584195260898,
          "SampleQ1": 190.0,
          "SampleQ3": 190.0225,
          "SampleSize": 8
        }
      ],
      "ParameterType": "2100",
      "Data_flat_Limits": {
        "CKC_ID": "0",
        "MeasurementSpecLimits": {
          "SpecHighEnabled": "Y",
          "SpecLowEnabled": "Y",
          "spec_high": 192.0,
          "spec_low": 188.0,
          "target": 190.0
        },
        "ControlLimits": {
          "CtrlMeanLowEnabled": "N",
          "CtrlMeanTargetEnabled": "N",
          "CtrlMeanHighEnabled": "N",
          "CtrlLowEnabled": "N",
          "CtrlHighEnabled": "N",
          "CtrlStdevLowEnabled": "N",
          "CtrlSigmaCenterEnabled": "N",
          "CtrlRangeCenterEnabled": "N",
          "CtrlCenterEnabled": "N",
          "CtrlStdevHighEnabled": "N",
          "CtrlRangeLowEnabled": "N",
          "CtrlRangeHighEnabled": "N"
        }
      },
      "Data_flat_MeasurementAggregates": {
        "exec_count": 8,
        "base_count": 8,
        "flagged_count": 0,
        "mean": 190.01624999999999,
        "median": 190.005,
        "stdev": 0.022878756522152512,
        "range": 0.06999999999999318,
        "min": 190.0,
        "max": 190.07,
        "q02": 190.0,
        "q05": 190.0,
        "q25": 190.0,
        "q75": 190.0225,
        "q95": 190.05599999999998,
        "q98": 190.06439999999998,
        "NumViolations": 0,
        "Samples": "332712509"
      },
      "ParameterName": "K1-T-Loettemp",
      "ParameterUnit": "°C",
      "ChannelId": "101143",
      "SourceDataLevel": "C",
      "channel_name": "K1-T-Loettemp",
      "RvStoreFlag": "Y",
      "created_timestamp_utc": "2023-10-27T09:26:33Z",
      "created_timestamp": "2023-10-27T11:26:33Z",
      "updated_timestamp_utc": "2023-10-27T09:26:33Z",
      "updated_timestamp": "2023-10-27T11:26:33Z"
    }
  ],
  "Document": {
    "Version": "1.0",
    "Type": "ProcessControl",
    "Repetition": {
      "Id": "0",
      "IdBaseValue": "2023-10-27T09:26:33Z"
    }
  },
  "ProductionAction": {
    "Id": "SPACEAGGED3:CEG:BE:IHM::",
    "Type": "SpaceAggregation"
  },
  "Item": {
    "Id": "ERROR:81771429",
    "IdSystemName": "ERROR",
    "Type": "Fauf"
  },
  "SystemLog": {
    "UniqueSourceKey": "CEG:BE:81771429:IHM::K1-T-Loettemp:101143:332712509:0",
    "ExtractedTimestampUtc": "0001-01-01T00:00:00",
    "EnqueuedTimestampUtc": "0001-01-01T00:00:00",
    "DocCreatedTimestampUtc": "2023-10-27T11:21:34Z",
    "QueueOffset": 0,
    "QueuePartition": 0
  },
  "SearchPatterns": {
    "SpaceKey": "ERROR:81771429:SPACEAGGED3:CEG:BE:IHM:::ProcessControl:1.0",
    "TimeGroup": "0",
    "SiteKey": "CEG"
  }
}