{
  "Data_flat_Metadata": {
    "Line": "62mm",
    "ProductionOrder": "81771705",
    "Batch": "UZ38277P0",
    "MaterialNumber": "42814",
    "ProductGroup": "M-62MM3.GEN",
    "MeasurementRecipe": "1",
    "OrderType": "2100",
    "QrkGroup": "2100",
    "ProcessGroup": "system_soldering",
    "SpcClass": "2100",
    "CustomComment": "system soldering",
    "Segment": "HPS",
    "MeasLot": "81771705",
    "ParameterOper": "system soldering",
    "SiteKey": "CEG",
    "SpaceInstanceName": "BE",
    "BeginTimestampUtc": "2023-10-27T09:58:31Z",
    "BeginTimestamp": "2023-10-27T11:58:31Z",
    "EndTimestampUtc": "2023-10-27T09:58:31Z",
    "EndTimestamp": "2023-10-27T11:58:31Z",
    "Equipment": "VADU10"
  },
  "Data_flat_StrangeMetadata": {
    "MaterialNumberText": "2100",
    "Operator": "2100",
    "ParameterClass": "NON_PPAP",
    "Package": "62mm",
    "Module": "11 substrate-baseplate interconnect",
    "PosName": "2100"
  },
  "Data_1list_Parameters": [
    {
      "process_equipment": "10000973",
      "ProcessEquipmentName": "VADU10",
      "LongParameterName": "K2-Löttemp",
      "Data_1list_RawValues": [
        {
          "process_equipment": "10000973",
          "MeasurementEquipment": "VADU10",
          "ProcessEquipmentName": "VADU10",
          "Seqnr": 1,
          "SampleId": 332713727,
          "Value": 287.7,
          "is_flagged": "N",
          "SampleTimestamp": "2023-10-27T11:58:31Z",
          "SampleTimestampUtc": "2023-10-27T09:58:31Z",
          "CreatedTimestamp": "2023-10-27T12:04:18Z",
          "CreatedTimestampUtc": "2023-10-27T10:04:18Z",
          "UpdatedTimestamp": "2023-10-27T12:04:18Z",
          "UpdatedTimestampUtc": "2023-10-27T10:04:18Z",
          "NumViolations": 0,
          "SampleMean": 287.7,
          "SampleMin": 287.7,
          "SampleMax": 287.7,
          "SampleMedian": 287.7,
          "SampleStdev": 0.0,
          "SampleQ1": 287.7,
          "SampleQ3": 287.7,
          "SampleSize": 1
        }
      ],
      "ParameterType": "2100",
      "FourDReport": "*",
      "Data_flat_Limits": {
        "CKC_ID": "0",
        "MeasurementSpecLimits": {
          "SpecHighEnabled": "Y",
          "SpecLowEnabled": "Y",
          "spec_high": 290.0,
          "spec_low": 285.0,
          "target": 287.5
        },
        "ControlLimits": {
          "ctrl_mean_low": 286.693453271218,
          "CtrlMeanLowEnabled": "Y",
          "ctrl_mean_target": 287.754632857143,
          "CtrlMeanTargetEnabled": "Y",
          "ctrl_mean_high": 288.815812443067,
          "CtrlMeanHighEnabled": "Y",
          "CtrlLowEnabled": "N",
          "CtrlHighEnabled": "N",
          "CtrlStdevLowEnabled": "N",
          "CtrlSigmaCenterEnabled": "N",
          "CtrlRangeCenterEnabled": "N",
          "CtrlCenterEnabled": "N",
          "CtrlStdevHighEnabled": "N",
          "CtrlRangeLowEnabled": "N",
          "CtrlRangeHighEnabled": "N"
        }
      },
      "Data_flat_MeasurementAggregates": {
        "exec_count": 1,
        "base_count": 1,
        "flagged_count": 0,
        "mean": 287.7,
        "median": 287.7,
        "stdev": 0.0,
        "range": 0.0,
        "min": 287.7,
        "max": 287.7,
        "q02": 287.7,
        "q05": 287.7,
        "q25": 287.7,
        "q75": 287.7,
        "q95": 287.7,
        "q98": 287.7,
        "NumViolations": 0,
        "Samples": "332713727"
      },
      "ParameterName": "K2-T-Loettemp",
      "ParameterUnit": "°C",
      "ChannelId": "101007",
      "SourceDataLevel": "C",
      "channel_name": "K2-T-Loettemp Recipe1 VADU>5",
      "RvStoreFlag": "Y",
      "created_timestamp_utc": "2023-10-27T10:04:18Z",
      "created_timestamp": "2023-10-27T12:04:18Z",
      "updated_timestamp_utc": "2023-10-27T10:04:18Z",
      "updated_timestamp": "2023-10-27T12:04:18Z"
    }
  ],
  "Document": {
    "Version": "1.0",
    "Type": "ProcessControl",
    "Repetition": {
      "Id": "0",
      "IdBaseValue": "2023-10-27T10:04:18Z"
    }
  },
  "ProductionAction": {
    "Id": "SPACEAGGED3:CEG:BE:62mm:system soldering:",
    "Type": "SpaceAggregation"
  },
  "Item": {
    "Id": "HPSModFAUF:81771705",
    "IdSystemName": "HPSModFAUF",
    "Type": "Fauf"
  },
  "SystemLog": {
    "UniqueSourceKey": "CEG:BE:81771705:62mm:system soldering:K2-T-Loettemp:101007:332713727:0",
    "ExtractedTimestampUtc": "0001-01-01T00:00:00",
    "EnqueuedTimestampUtc": "0001-01-01T00:00:00",
    "DocCreatedTimestampUtc": "2023-10-27T11:58:31Z",
    "QueueOffset": 0,
    "QueuePartition": 0
  },
  "SearchPatterns": {
    "SpaceKey": "HPSModFAUF:81771705:SPACEAGGED3:CEG:BE:62mm:system soldering::ProcessControl:1.0",
    "TimeGroup": "0",
    "SiteKey": "CEG"
  }
}