{
  "Data_flat_Metadata": {
    "ParameterOper": "FOL_Autovision_SmartS",
    "ParameterFacility": "BE1I",
    "SiteKey": "BAT",
    "SpaceInstanceName": "BE",
    "BeginTimestampUtc": "2023-10-07T01:09:22Z",
    "BeginTimestamp": "2023-10-07T08:09:22Z",
    "EndTimestampUtc": "2023-10-07T01:09:22Z",
    "EndTimestamp": "2023-10-07T08:09:22Z"
  },
  "Data_flat_StrangeMetadata": {
    "Device": "L2891S",
    "ParameterClass": "PPAP",
    "Segment": "A2PL"
  },
  "Data_1list_Parameters": [
    {
      "Data_1list_RawValues": [
        {
          "Seqnr": 1,
          "SampleId": 236630618,
          "Value": 26.655,
          "is_flagged": "N",
          "SampleTimestamp": "2023-10-07T08:09:22Z",
          "SampleTimestampUtc": "2023-10-07T01:09:22Z",
          "CreatedTimestamp": "2023-10-07T08:09:22Z",
          "CreatedTimestampUtc": "2023-10-07T01:09:22Z",
          "UpdatedTimestamp": "2023-11-14T15:37:58Z",
          "UpdatedTimestampUtc": "2023-11-14T08:37:58Z",
          "NumViolations": 1,
          "ViolationComments": "FD        : A2PL WIREPULL 6 POINT RUN DOWN  RC        : CHECK MACHINE HISTORY   CHEMICAL ANALYSIS  CA        : NO FOUND ABNORMALITY  PCDF    : NA  PREE    : M TILMIZAN  PC        : SENDRI",
          "ViolationList": "8",
          "PrimaryViolation": "8",
          "PrimaryViolationComments": "FD        : A2PL WIREPULL 6 POINT RUN DOWN  RC        : CHECK MACHINE HISTORY   CHEMICAL ANALYSIS  CA        : NO FOUND ABNORMALITY  PCDF    : NA  PREE    : M TILMIZAN  PC        : SENDRI",
          "SampleMean": 27.989875,
          "SampleMin": 25.642,
          "SampleMax": 29.947,
          "SampleMedian": 28.439,
          "SampleStdev": 1.3592052759399,
          "SampleQ1": 27.213,
          "SampleQ3": 28.6525,
          "SampleSize": 8
        },
        {
          "Seqnr": 2,
          "SampleId": 236630618,
          "Value": 28.313,
          "is_flagged": "N",
          "SampleTimestamp": "2023-10-07T08:09:22Z",
          "SampleTimestampUtc": "2023-10-07T01:09:22Z",
          "CreatedTimestamp": "2023-10-07T08:09:22Z",
          "CreatedTimestampUtc": "2023-10-07T01:09:22Z",
          "UpdatedTimestamp": "2023-11-14T15:37:58Z",
          "UpdatedTimestampUtc": "2023-11-14T08:37:58Z",
          "NumViolations": 1,
          "ViolationComments": "FD        : A2PL WIREPULL 6 POINT RUN DOWN  RC        : CHECK MACHINE HISTORY   CHEMICAL ANALYSIS  CA        : NO FOUND ABNORMALITY  PCDF    : NA  PREE    : M TILMIZAN  PC        : SENDRI",
          "ViolationList": "8",
          "PrimaryViolation": "8",
          "PrimaryViolationComments": "FD        : A2PL WIREPULL 6 POINT RUN DOWN  RC        : CHECK MACHINE HISTORY   CHEMICAL ANALYSIS  CA        : NO FOUND ABNORMALITY  PCDF    : NA  PREE    : M TILMIZAN  PC        : SENDRI",
          "SampleMean": 27.989875,
          "SampleMin": 25.642,
          "SampleMax": 29.947,
          "SampleMedian": 28.439,
          "SampleStdev": 1.3592052759399,
          "SampleQ1": 27.213,
          "SampleQ3": 28.6525,
          "SampleSize": 8
        },
        {
          "Seqnr": 3,
          "SampleId": 236630618,
          "Value": 28.792,
          "is_flagged": "N",
          "SampleTimestamp": "2023-10-07T08:09:22Z",
          "SampleTimestampUtc": "2023-10-07T01:09:22Z",
          "CreatedTimestamp": "2023-10-07T08:09:22Z",
          "CreatedTimestampUtc": "2023-10-07T01:09:22Z",
          "UpdatedTimestamp": "2023-11-14T15:37:58Z",
          "UpdatedTimestampUtc": "2023-11-14T08:37:58Z",
          "NumViolations": 1,
          "ViolationComments": "FD        : A2PL WIREPULL 6 POINT RUN DOWN  RC        : CHECK MACHINE HISTORY   CHEMICAL ANALYSIS  CA        : NO FOUND ABNORMALITY  PCDF    : NA  PREE    : M TILMIZAN  PC        : SENDRI",
          "ViolationList": "8",
          "PrimaryViolation": "8",
          "PrimaryViolationComments": "FD        : A2PL WIREPULL 6 POINT RUN DOWN  RC        : CHECK MACHINE HISTORY   CHEMICAL ANALYSIS  CA        : NO FOUND ABNORMALITY  PCDF    : NA  PREE    : M TILMIZAN  PC        : SENDRI",
          "SampleMean": 27.989875,
          "SampleMin": 25.642,
          "SampleMax": 29.947,
          "SampleMedian": 28.439,
          "SampleStdev": 1.3592052759399,
          "SampleQ1": 27.213,
          "SampleQ3": 28.6525,
          "SampleSize": 8
        },
        {
          "Seqnr": 8,
          "SampleId": 236630618,
          "Value": 29.947,
          "is_flagged": "N",
          "SampleTimestamp": "2023-10-07T08:09:22Z",
          "SampleTimestampUtc": "2023-10-07T01:09:22Z",
          "CreatedTimestamp": "2023-10-07T08:09:22Z",
          "CreatedTimestampUtc": "2023-10-07T01:09:22Z",
          "UpdatedTimestamp": "2023-11-14T15:37:58Z",
          "UpdatedTimestampUtc": "2023-11-14T08:37:58Z",
          "NumViolations": 1,
          "ViolationComments": "FD        : A2PL WIREPULL 6 POINT RUN DOWN  RC        : CHECK MACHINE HISTORY   CHEMICAL ANALYSIS  CA        : NO FOUND ABNORMALITY  PCDF    : NA  PREE    : M TILMIZAN  PC        : SENDRI",
          "ViolationList": "8",
          "PrimaryViolation": "8",
          "PrimaryViolationComments": "FD        : A2PL WIREPULL 6 POINT RUN DOWN  RC        : CHECK MACHINE HISTORY   CHEMICAL ANALYSIS  CA        : NO FOUND ABNORMALITY  PCDF    : NA  PREE    : M TILMIZAN  PC        : SENDRI",
          "SampleMean": 27.989875,
          "SampleMin": 25.642,
          "SampleMax": 29.947,
          "SampleMedian": 28.439,
          "SampleStdev": 1.3592052759399,
          "SampleQ1": 27.213,
          "SampleQ3": 28.6525,
          "SampleSize": 8
        },
        {
          "Seqnr": 5,
          "SampleId": 236630618,
          "Value": 25.642,
          "is_flagged": "N",
          "SampleTimestamp": "2023-10-07T08:09:22Z",
          "SampleTimestampUtc": "2023-10-07T01:09:22Z",
          "CreatedTimestamp": "2023-10-07T08:09:22Z",
          "CreatedTimestampUtc": "2023-10-07T01:09:22Z",
          "UpdatedTimestamp": "2023-11-14T15:37:58Z",
          "UpdatedTimestampUtc": "2023-11-14T08:37:58Z",
          "NumViolations": 1,
          "ViolationComments": "FD        : A2PL WIREPULL 6 POINT RUN DOWN  RC        : CHECK MACHINE HISTORY   CHEMICAL ANALYSIS  CA        : NO FOUND ABNORMALITY  PCDF    : NA  PREE    : M TILMIZAN  PC        : SENDRI",
          "ViolationList": "8",
          "PrimaryViolation": "8",
          "PrimaryViolationComments": "FD        : A2PL WIREPULL 6 POINT RUN DOWN  RC        : CHECK MACHINE HISTORY   CHEMICAL ANALYSIS  CA        : NO FOUND ABNORMALITY  PCDF    : NA  PREE    : M TILMIZAN  PC        : SENDRI",
          "SampleMean": 27.989875,
          "SampleMin": 25.642,
          "SampleMax": 29.947,
          "SampleMedian": 28.439,
          "SampleStdev": 1.3592052759399,
          "SampleQ1": 27.213,
          "SampleQ3": 28.6525,
          "SampleSize": 8
        },
        {
          "Seqnr": 6,
          "SampleId": 236630618,
          "Value": 27.399,
          "is_flagged": "N",
          "SampleTimestamp": "2023-10-07T08:09:22Z",
          "SampleTimestampUtc": "2023-10-07T01:09:22Z",
          "CreatedTimestamp": "2023-10-07T08:09:22Z",
          "CreatedTimestampUtc": "2023-10-07T01:09:22Z",
          "UpdatedTimestamp": "2023-11-14T15:37:58Z",
          "UpdatedTimestampUtc": "2023-11-14T08:37:58Z",
          "NumViolations": 1,
          "ViolationComments": "FD        : A2PL WIREPULL 6 POINT RUN DOWN  RC        : CHECK MACHINE HISTORY   CHEMICAL ANALYSIS  CA        : NO FOUND ABNORMALITY  PCDF    : NA  PREE    : M TILMIZAN  PC        : SENDRI",
          "ViolationList": "8",
          "PrimaryViolation": "8",
          "PrimaryViolationComments": "FD        : A2PL WIREPULL 6 POINT RUN DOWN  RC        : CHECK MACHINE HISTORY   CHEMICAL ANALYSIS  CA        : NO FOUND ABNORMALITY  PCDF    : NA  PREE    : M TILMIZAN  PC        : SENDRI",
          "SampleMean": 27.989875,
          "SampleMin": 25.642,
          "SampleMax": 29.947,
          "SampleMedian": 28.439,
          "SampleStdev": 1.3592052759399,
          "SampleQ1": 27.213,
          "SampleQ3": 28.6525,
          "SampleSize": 8
        },
        {
          "Seqnr": 7,
          "SampleId": 236630618,
          "Value": 28.606,
          "is_flagged": "N",
          "SampleTimestamp": "2023-10-07T08:09:22Z",
          "SampleTimestampUtc": "2023-10-07T01:09:22Z",
          "CreatedTimestamp": "2023-10-07T08:09:22Z",
          "CreatedTimestampUtc": "2023-10-07T01:09:22Z",
          "UpdatedTimestamp": "2023-11-14T15:37:58Z",
          "UpdatedTimestampUtc": "2023-11-14T08:37:58Z",
          "NumViolations": 1,
          "ViolationComments": "FD        : A2PL WIREPULL 6 POINT RUN DOWN  RC        : CHECK MACHINE HISTORY   CHEMICAL ANALYSIS  CA        : NO FOUND ABNORMALITY  PCDF    : NA  PREE    : M TILMIZAN  PC        : SENDRI",
          "ViolationList": "8",
          "PrimaryViolation": "8",
          "PrimaryViolationComments": "FD        : A2PL WIREPULL 6 POINT RUN DOWN  RC        : CHECK MACHINE HISTORY   CHEMICAL ANALYSIS  CA        : NO FOUND ABNORMALITY  PCDF    : NA  PREE    : M TILMIZAN  PC        : SENDRI",
          "SampleMean": 27.989875,
          "SampleMin": 25.642,
          "SampleMax": 29.947,
          "SampleMedian": 28.439,
          "SampleStdev": 1.3592052759399,
          "SampleQ1": 27.213,
          "SampleQ3": 28.6525,
          "SampleSize": 8
        },
        {
          "Seqnr": 4,
          "SampleId": 236630618,
          "Value": 28.565,
          "is_flagged": "N",
          "SampleTimestamp": "2023-10-07T08:09:22Z",
          "SampleTimestampUtc": "2023-10-07T01:09:22Z",
          "CreatedTimestamp": "2023-10-07T08:09:22Z",
          "CreatedTimestampUtc": "2023-10-07T01:09:22Z",
          "UpdatedTimestamp": "2023-11-14T15:37:58Z",
          "UpdatedTimestampUtc": "2023-11-14T08:37:58Z",
          "NumViolations": 1,
          "ViolationComments": "FD        : A2PL WIREPULL 6 POINT RUN DOWN  RC        : CHECK MACHINE HISTORY   CHEMICAL ANALYSIS  CA        : NO FOUND ABNORMALITY  PCDF    : NA  PREE    : M TILMIZAN  PC        : SENDRI",
          "ViolationList": "8",
          "PrimaryViolation": "8",
          "PrimaryViolationComments": "FD        : A2PL WIREPULL 6 POINT RUN DOWN  RC        : CHECK MACHINE HISTORY   CHEMICAL ANALYSIS  CA        : NO FOUND ABNORMALITY  PCDF    : NA  PREE    : M TILMIZAN  PC        : SENDRI",
          "SampleMean": 27.989875,
          "SampleMin": 25.642,
          "SampleMax": 29.947,
          "SampleMedian": 28.439,
          "SampleStdev": 1.3592052759399,
          "SampleQ1": 27.213,
          "SampleQ3": 28.6525,
          "SampleSize": 8
        }
      ],
      "CFComment": "FOL",
      "FourDReport": "*",
      "Data_flat_Limits": {
        "CKC_ID": "4",
        "MeasurementSpecLimits": {
          "SpecHighEnabled": "N",
          "SpecLowEnabled": "Y",
          "spec_low": 8.0,
          "target": 16.0
        },
        "ControlLimits": {
          "ctrl_mean_low": 25.63,
          "CtrlMeanLowEnabled": "Y",
          "ctrl_mean_target": 30.09,
          "CtrlMeanTargetEnabled": "Y",
          "ctrl_mean_high": 34.56,
          "CtrlMeanHighEnabled": "Y",
          "CtrlLowEnabled": "N",
          "CtrlHighEnabled": "N",
          "CtrlStdevLowEnabled": "N",
          "CtrlSigmaCenterEnabled": "N",
          "CtrlRangeCenterEnabled": "Y",
          "CtrlCenterEnabled": "N",
          "CtrlStdevHighEnabled": "N",
          "CtrlRangeLowEnabled": "N",
          "ctrl_range_target": 3.3,
          "ctrl_range_high": 7.18,
          "CtrlRangeHighEnabled": "Y"
        }
      },
      "Data_flat_MeasurementAggregates": {
        "exec_count": 8,
        "base_count": 8,
        "flagged_count": 0,
        "mean": 27.989875,
        "median": 28.439,
        "stdev": 1.2714201152156592,
        "range": 4.305,
        "min": 25.642,
        "max": 29.947,
        "q02": 25.78382,
        "q05": 25.99655,
        "q25": 27.213,
        "q75": 28.652500000000003,
        "q95": 29.542749999999998,
        "q98": 29.7853,
        "NumViolations": 1,
        "ViolationComments": "FD        : A2PL WIREPULL 6 POINT RUN DOWN  RC        : CHECK MACHINE HISTORY   CHEMICAL ANALYSIS  CA        : NO FOUND ABNORMALITY  PCDF    : NA  PREE    : M TILMIZAN  PC        : SENDRI",
        "ViolationList": "8",
        "PrimaryViolation": "8",
        "PrimaryViolationComments": "FD        : A2PL WIREPULL 6 POINT RUN DOWN  RC        : CHECK MACHINE HISTORY   CHEMICAL ANALYSIS  CA        : NO FOUND ABNORMALITY  PCDF    : NA  PREE    : M TILMIZAN  PC        : SENDRI",
        "Samples": "236630618"
      },
      "ParameterName": "A2PLWirePullTop",
      "ParameterUnit": "g",
      "ChannelId": "7265",
      "SourceDataLevel": "C",
      "channel_name": "Wire_PullForce AL 50um DS28 A2AL",
      "channel_description": "A2PLWirePullTop DS20 A2AL 50 ",
      "RvStoreFlag": "Y",
      "created_timestamp_utc": "2023-10-07T01:09:22Z",
      "created_timestamp": "2023-10-07T08:09:22Z",
      "updated_timestamp_utc": "2023-11-14T08:37:58Z",
      "updated_timestamp": "2023-11-14T15:37:58Z"
    }
  ],
  "Document": {
    "Version": "1.0",
    "Type": "ProcessControl",
    "Repetition": {
      "Id": "0",
      "IdBaseValue": "2023-11-14T08:37:58Z"
    }
  },
  "ProductionAction": {
    "Id": "SPACEAGGED2:BAT:BE:BE1I:FOL_Autovision_SmartS:",
    "Type": "SpaceAggregation"
  },
  "Item": {
    "Id": "Measlot:",
    "IdSystemName": "Measlot",
    "Type": "Lot"
  },
  "SystemLog": {
    "UniqueSourceKey": "BAT:BE:VE344129B08:BE1I:FOL_Autovision_SmartS:A2PLWirePullTop:7265:236630618:4",
    "ExtractedTimestampUtc": "0001-01-01T00:00:00",
    "EnqueuedTimestampUtc": "0001-01-01T00:00:00",
    "DocCreatedTimestampUtc": "2023-10-07T08:09:22Z",
    "QueueOffset": 0,
    "QueuePartition": 0
  },
  "SearchPatterns": {
    "SpaceKey": "Measlot::SPACEAGGED2:BAT:BE:BE1I:FOL_Autovision_SmartS::ProcessControl:1.0",
    "TimeGroup": "0",
    "SiteKey": "BAT"
  }
}