{
  "Data_flat_Metadata": {
    "ParameterOper": "Wire_Bond1",
    "ParameterFacility": "BE1I",
    "SiteKey": "BAT",
    "SpaceInstanceName": "BE",
    "BeginTimestampUtc": "2023-11-14T06:00:48Z",
    "BeginTimestamp": "2023-11-14T13:00:48Z",
    "EndTimestampUtc": "2023-11-14T06:00:48Z",
    "EndTimestamp": "2023-11-14T13:00:48Z"
  },
  "Data_flat_StrangeMetadata": {
    "Device": "U5435A",
    "ParameterClass": "NON_SPC",
    "Segment": "WB"
  },
  "Data_1list_Parameters": [
    {
      "Data_1list_RawValues": [
        {
          "Seqnr": 1,
          "SampleId": 240184473,
          "Value": 22.9,
          "is_flagged": "N",
          "SampleTimestamp": "2023-11-14T13:00:48Z",
          "SampleTimestampUtc": "2023-11-14T06:00:48Z",
          "CreatedTimestamp": "2023-11-14T13:00:48Z",
          "CreatedTimestampUtc": "2023-11-14T06:00:48Z",
          "UpdatedTimestamp": "2023-11-14T13:49:24Z",
          "UpdatedTimestampUtc": "2023-11-14T06:49:24Z",
          "NumViolations": 2,
          "ViolationComments": "RC : EFO PARAMETER TOO HIGH CA : ADJUST CURRENT PARAMETER FROM 63 TO 60 TECH : DITA",
          "ViolationList": "1,3",
          "PrimaryViolation": "1",
          "PrimaryViolationComments": "RC : EFO PARAMETER TOO HIGH CA : ADJUST CURRENT PARAMETER FROM 63 TO 60 TECH : DITA",
          "SampleMean": 24.6,
          "SampleMin": 22.9,
          "SampleMax": 26.6,
          "SampleMedian": 24.2,
          "SampleStdev": 1.43003496460751,
          "SampleQ1": 23.9,
          "SampleQ3": 25.4,
          "SampleSize": 5
        },
        {
          "Seqnr": 2,
          "SampleId": 240184473,
          "Value": 24.2,
          "is_flagged": "N",
          "SampleTimestamp": "2023-11-14T13:00:48Z",
          "SampleTimestampUtc": "2023-11-14T06:00:48Z",
          "CreatedTimestamp": "2023-11-14T13:00:48Z",
          "CreatedTimestampUtc": "2023-11-14T06:00:48Z",
          "UpdatedTimestamp": "2023-11-14T13:49:24Z",
          "UpdatedTimestampUtc": "2023-11-14T06:49:24Z",
          "NumViolations": 2,
          "ViolationComments": "RC : EFO PARAMETER TOO HIGH CA : ADJUST CURRENT PARAMETER FROM 63 TO 60 TECH : DITA",
          "ViolationList": "1,3",
          "PrimaryViolation": "1",
          "PrimaryViolationComments": "RC : EFO PARAMETER TOO HIGH CA : ADJUST CURRENT PARAMETER FROM 63 TO 60 TECH : DITA",
          "SampleMean": 24.6,
          "SampleMin": 22.9,
          "SampleMax": 26.6,
          "SampleMedian": 24.2,
          "SampleStdev": 1.43003496460751,
          "SampleQ1": 23.9,
          "SampleQ3": 25.4,
          "SampleSize": 5
        },
        {
          "Seqnr": 5,
          "SampleId": 240184473,
          "Value": 25.4,
          "is_flagged": "N",
          "SampleTimestamp": "2023-11-14T13:00:48Z",
          "SampleTimestampUtc": "2023-11-14T06:00:48Z",
          "CreatedTimestamp": "2023-11-14T13:00:48Z",
          "CreatedTimestampUtc": "2023-11-14T06:00:48Z",
          "UpdatedTimestamp": "2023-11-14T13:49:24Z",
          "UpdatedTimestampUtc": "2023-11-14T06:49:24Z",
          "NumViolations": 2,
          "ViolationComments": "RC : EFO PARAMETER TOO HIGH CA : ADJUST CURRENT PARAMETER FROM 63 TO 60 TECH : DITA",
          "ViolationList": "1,3",
          "PrimaryViolation": "1",
          "PrimaryViolationComments": "RC : EFO PARAMETER TOO HIGH CA : ADJUST CURRENT PARAMETER FROM 63 TO 60 TECH : DITA",
          "SampleMean": 24.6,
          "SampleMin": 22.9,
          "SampleMax": 26.6,
          "SampleMedian": 24.2,
          "SampleStdev": 1.43003496460751,
          "SampleQ1": 23.9,
          "SampleQ3": 25.4,
          "SampleSize": 5
        },
        {
          "Seqnr": 4,
          "SampleId": 240184473,
          "Value": 26.6,
          "is_flagged": "N",
          "SampleTimestamp": "2023-11-14T13:00:48Z",
          "SampleTimestampUtc": "2023-11-14T06:00:48Z",
          "CreatedTimestamp": "2023-11-14T13:00:48Z",
          "CreatedTimestampUtc": "2023-11-14T06:00:48Z",
          "UpdatedTimestamp": "2023-11-14T13:49:24Z",
          "UpdatedTimestampUtc": "2023-11-14T06:49:24Z",
          "NumViolations": 2,
          "ViolationComments": "RC : EFO PARAMETER TOO HIGH CA : ADJUST CURRENT PARAMETER FROM 63 TO 60 TECH : DITA",
          "ViolationList": "1,3",
          "PrimaryViolation": "1",
          "PrimaryViolationComments": "RC : EFO PARAMETER TOO HIGH CA : ADJUST CURRENT PARAMETER FROM 63 TO 60 TECH : DITA",
          "SampleMean": 24.6,
          "SampleMin": 22.9,
          "SampleMax": 26.6,
          "SampleMedian": 24.2,
          "SampleStdev": 1.43003496460751,
          "SampleQ1": 23.9,
          "SampleQ3": 25.4,
          "SampleSize": 5
        },
        {
          "Seqnr": 3,
          "SampleId": 240184473,
          "Value": 23.9,
          "is_flagged": "N",
          "SampleTimestamp": "2023-11-14T13:00:48Z",
          "SampleTimestampUtc": "2023-11-14T06:00:48Z",
          "CreatedTimestamp": "2023-11-14T13:00:48Z",
          "CreatedTimestampUtc": "2023-11-14T06:00:48Z",
          "UpdatedTimestamp": "2023-11-14T13:49:24Z",
          "UpdatedTimestampUtc": "2023-11-14T06:49:24Z",
          "NumViolations": 2,
          "ViolationComments": "RC : EFO PARAMETER TOO HIGH CA : ADJUST CURRENT PARAMETER FROM 63 TO 60 TECH : DITA",
          "ViolationList": "1,3",
          "PrimaryViolation": "1",
          "PrimaryViolationComments": "RC : EFO PARAMETER TOO HIGH CA : ADJUST CURRENT PARAMETER FROM 63 TO 60 TECH : DITA",
          "SampleMean": 24.6,
          "SampleMin": 22.9,
          "SampleMax": 26.6,
          "SampleMedian": 24.2,
          "SampleStdev": 1.43003496460751,
          "SampleQ1": 23.9,
          "SampleQ3": 25.4,
          "SampleSize": 5
        }
      ],
      "CFComment": "FOL",
      "FourDReport": "*",
      "Data_flat_Limits": {
        "CKC_ID": "912",
        "MeasurementSpecLimits": {
          "SpecHighEnabled": "Y",
          "SpecLowEnabled": "Y",
          "spec_high": 24.0,
          "spec_low": 9.0,
          "target": 16.5
        },
        "ControlLimits": {
          "ctrl_mean_low": 11.0,
          "CtrlMeanLowEnabled": "Y",
          "ctrl_mean_target": 17.0,
          "CtrlMeanTargetEnabled": "Y",
          "ctrl_mean_high": 23.0,
          "CtrlMeanHighEnabled": "Y",
          "CtrlLowEnabled": "N",
          "CtrlHighEnabled": "N",
          "CtrlStdevLowEnabled": "N",
          "CtrlSigmaCenterEnabled": "N",
          "CtrlRangeCenterEnabled": "Y",
          "CtrlCenterEnabled": "N",
          "CtrlStdevHighEnabled": "N",
          "CtrlRangeLowEnabled": "N",
          "ctrl_range_target": 0.0,
          "ctrl_range_high": 15.0,
          "CtrlRangeHighEnabled": "Y"
        }
      },
      "Data_flat_MeasurementAggregates": {
        "exec_count": 5,
        "base_count": 5,
        "flagged_count": 0,
        "mean": 24.6,
        "median": 24.2,
        "stdev": 1.2790621564255593,
        "range": 3.700000000000003,
        "min": 22.9,
        "max": 26.6,
        "q02": 22.979999999999997,
        "q05": 23.1,
        "q25": 23.9,
        "q75": 25.4,
        "q95": 26.360000000000003,
        "q98": 26.503999999999998,
        "NumViolations": 2,
        "ViolationComments": "RC : EFO PARAMETER TOO HIGH CA : ADJUST CURRENT PARAMETER FROM 63 TO 60 TECH : DITA",
        "ViolationList": "1, 3",
        "PrimaryViolation": "1",
        "PrimaryViolationComments": "RC : EFO PARAMETER TOO HIGH CA : ADJUST CURRENT PARAMETER FROM 63 TO 60 TECH : DITA",
        "Samples": "240184473"
      },
      "ParameterName": "GoldBallHeight",
      "ParameterUnit": "um",
      "ChannelId": "67999",
      "SourceDataLevel": "C",
      "channel_name": "Ball_Height AU 30um",
      "RvStoreFlag": "Y",
      "created_timestamp_utc": "2023-11-14T06:00:48Z",
      "created_timestamp": "2023-11-14T13:00:48Z",
      "updated_timestamp_utc": "2023-11-14T06:49:24Z",
      "updated_timestamp": "2023-11-14T13:49:24Z"
    }
  ],
  "Document": {
    "Version": "1.0",
    "Type": "ProcessControl",
    "Repetition": {
      "Id": "0",
      "IdBaseValue": "2023-11-14T06:49:24Z"
    }
  },
  "ProductionAction": {
    "Id": "SPACEAGGED2:BAT:BE:BE1I:Wire_Bond1:",
    "Type": "SpaceAggregation"
  },
  "Item": {
    "Id": "Measlot:",
    "IdSystemName": "Measlot",
    "Type": "Lot"
  },
  "SystemLog": {
    "UniqueSourceKey": "BAT:BE:RU243389B26:BE1I:Wire_Bond1:GoldBallHeight:67999:240184473:912",
    "ExtractedTimestampUtc": "0001-01-01T00:00:00",
    "EnqueuedTimestampUtc": "0001-01-01T00:00:00",
    "DocCreatedTimestampUtc": "2023-11-14T13:00:48Z",
    "QueueOffset": 0,
    "QueuePartition": 0
  },
  "SearchPatterns": {
    "SpaceKey": "Measlot::SPACEAGGED2:BAT:BE:BE1I:Wire_Bond1::ProcessControl:1.0",
    "TimeGroup": "0",
    "SiteKey": "BAT"
  }
}