{
  "Data_flat_Metadata": {
    "ParameterOper": "Wire_Bond1",
    "ParameterFacility": "BE1I",
    "SiteKey": "BAT",
    "SpaceInstanceName": "BE",
    "BeginTimestampUtc": "2023-11-14T06:17:22Z",
    "BeginTimestamp": "2023-11-14T13:17:22Z",
    "EndTimestampUtc": "2023-11-14T06:17:22Z",
    "EndTimestamp": "2023-11-14T13:17:22Z"
  },
  "Data_flat_StrangeMetadata": {
    "Device": "S0946T",
    "ParameterClass": "NON_SPC",
    "Segment": "WB"
  },
  "Data_1list_Parameters": [
    {
      "Data_1list_RawValues": [
        {
          "Seqnr": 2,
          "SampleId": 240185470,
          "Value": 36.8,
          "is_flagged": "N",
          "SampleTimestamp": "2023-11-14T13:17:22Z",
          "SampleTimestampUtc": "2023-11-14T06:17:22Z",
          "CreatedTimestamp": "2023-11-14T13:17:22Z",
          "CreatedTimestampUtc": "2023-11-14T06:17:22Z",
          "UpdatedTimestamp": "2023-11-14T14:46:31Z",
          "UpdatedTimestampUtc": "2023-11-14T07:46:31Z",
          "NumViolations": 2,
          "ViolationComments": "RC : EFO  TIME OFFSET TO HIGH CA : ADJUST EFO TIME OFFSET FROM 0.2 TO 0.0 TECH : DEDE",
          "ViolationList": "1,3",
          "PrimaryViolation": "1",
          "PrimaryViolationComments": "RC : EFO  TIME OFFSET TO HIGH CA : ADJUST EFO TIME OFFSET FROM 0.2 TO 0.0 TECH : DEDE",
          "SampleMean": 38.08,
          "SampleMin": 36.5,
          "SampleMax": 39.7,
          "SampleMedian": 38.0,
          "SampleStdev": 1.45842380671738,
          "SampleQ1": 36.8,
          "SampleQ3": 39.4,
          "SampleSize": 5
        },
        {
          "Seqnr": 3,
          "SampleId": 240185470,
          "Value": 38.0,
          "is_flagged": "N",
          "SampleTimestamp": "2023-11-14T13:17:22Z",
          "SampleTimestampUtc": "2023-11-14T06:17:22Z",
          "CreatedTimestamp": "2023-11-14T13:17:22Z",
          "CreatedTimestampUtc": "2023-11-14T06:17:22Z",
          "UpdatedTimestamp": "2023-11-14T14:46:31Z",
          "UpdatedTimestampUtc": "2023-11-14T07:46:31Z",
          "NumViolations": 2,
          "ViolationComments": "RC : EFO  TIME OFFSET TO HIGH CA : ADJUST EFO TIME OFFSET FROM 0.2 TO 0.0 TECH : DEDE",
          "ViolationList": "1,3",
          "PrimaryViolation": "1",
          "PrimaryViolationComments": "RC : EFO  TIME OFFSET TO HIGH CA : ADJUST EFO TIME OFFSET FROM 0.2 TO 0.0 TECH : DEDE",
          "SampleMean": 38.08,
          "SampleMin": 36.5,
          "SampleMax": 39.7,
          "SampleMedian": 38.0,
          "SampleStdev": 1.45842380671738,
          "SampleQ1": 36.8,
          "SampleQ3": 39.4,
          "SampleSize": 5
        },
        {
          "Seqnr": 4,
          "SampleId": 240185470,
          "Value": 36.5,
          "is_flagged": "N",
          "SampleTimestamp": "2023-11-14T13:17:22Z",
          "SampleTimestampUtc": "2023-11-14T06:17:22Z",
          "CreatedTimestamp": "2023-11-14T13:17:22Z",
          "CreatedTimestampUtc": "2023-11-14T06:17:22Z",
          "UpdatedTimestamp": "2023-11-14T14:46:31Z",
          "UpdatedTimestampUtc": "2023-11-14T07:46:31Z",
          "NumViolations": 2,
          "ViolationComments": "RC : EFO  TIME OFFSET TO HIGH CA : ADJUST EFO TIME OFFSET FROM 0.2 TO 0.0 TECH : DEDE",
          "ViolationList": "1,3",
          "PrimaryViolation": "1",
          "PrimaryViolationComments": "RC : EFO  TIME OFFSET TO HIGH CA : ADJUST EFO TIME OFFSET FROM 0.2 TO 0.0 TECH : DEDE",
          "SampleMean": 38.08,
          "SampleMin": 36.5,
          "SampleMax": 39.7,
          "SampleMedian": 38.0,
          "SampleStdev": 1.45842380671738,
          "SampleQ1": 36.8,
          "SampleQ3": 39.4,
          "SampleSize": 5
        },
        {
          "Seqnr": 5,
          "SampleId": 240185470,
          "Value": 39.7,
          "is_flagged": "N",
          "SampleTimestamp": "2023-11-14T13:17:22Z",
          "SampleTimestampUtc": "2023-11-14T06:17:22Z",
          "CreatedTimestamp": "2023-11-14T13:17:22Z",
          "CreatedTimestampUtc": "2023-11-14T06:17:22Z",
          "UpdatedTimestamp": "2023-11-14T14:46:31Z",
          "UpdatedTimestampUtc": "2023-11-14T07:46:31Z",
          "NumViolations": 2,
          "ViolationComments": "RC : EFO  TIME OFFSET TO HIGH CA : ADJUST EFO TIME OFFSET FROM 0.2 TO 0.0 TECH : DEDE",
          "ViolationList": "1,3",
          "PrimaryViolation": "1",
          "PrimaryViolationComments": "RC : EFO  TIME OFFSET TO HIGH CA : ADJUST EFO TIME OFFSET FROM 0.2 TO 0.0 TECH : DEDE",
          "SampleMean": 38.08,
          "SampleMin": 36.5,
          "SampleMax": 39.7,
          "SampleMedian": 38.0,
          "SampleStdev": 1.45842380671738,
          "SampleQ1": 36.8,
          "SampleQ3": 39.4,
          "SampleSize": 5
        },
        {
          "Seqnr": 1,
          "SampleId": 240185470,
          "Value": 39.4,
          "is_flagged": "N",
          "SampleTimestamp": "2023-11-14T13:17:22Z",
          "SampleTimestampUtc": "2023-11-14T06:17:22Z",
          "CreatedTimestamp": "2023-11-14T13:17:22Z",
          "CreatedTimestampUtc": "2023-11-14T06:17:22Z",
          "UpdatedTimestamp": "2023-11-14T14:46:31Z",
          "UpdatedTimestampUtc": "2023-11-14T07:46:31Z",
          "NumViolations": 2,
          "ViolationComments": "RC : EFO  TIME OFFSET TO HIGH CA : ADJUST EFO TIME OFFSET FROM 0.2 TO 0.0 TECH : DEDE",
          "ViolationList": "1,3",
          "PrimaryViolation": "1",
          "PrimaryViolationComments": "RC : EFO  TIME OFFSET TO HIGH CA : ADJUST EFO TIME OFFSET FROM 0.2 TO 0.0 TECH : DEDE",
          "SampleMean": 38.08,
          "SampleMin": 36.5,
          "SampleMax": 39.7,
          "SampleMedian": 38.0,
          "SampleStdev": 1.45842380671738,
          "SampleQ1": 36.8,
          "SampleQ3": 39.4,
          "SampleSize": 5
        }
      ],
      "CFComment": "FOL",
      "FourDReport": "*",
      "Data_flat_Limits": {
        "CKC_ID": "275",
        "MeasurementSpecLimits": {
          "SpecHighEnabled": "Y",
          "SpecLowEnabled": "Y",
          "spec_high": 38.0,
          "spec_low": 22.0,
          "target": 30.0
        },
        "ControlLimits": {
          "ctrl_mean_low": 23.6,
          "CtrlMeanLowEnabled": "Y",
          "ctrl_mean_target": 30.0,
          "CtrlMeanTargetEnabled": "Y",
          "ctrl_mean_high": 36.4,
          "CtrlMeanHighEnabled": "Y",
          "CtrlLowEnabled": "N",
          "CtrlHighEnabled": "N",
          "CtrlStdevLowEnabled": "N",
          "CtrlSigmaCenterEnabled": "N",
          "CtrlRangeCenterEnabled": "Y",
          "CtrlCenterEnabled": "N",
          "CtrlStdevHighEnabled": "N",
          "CtrlRangeLowEnabled": "N",
          "ctrl_range_target": 0.0,
          "ctrl_range_high": 16.0,
          "CtrlRangeHighEnabled": "Y"
        }
      },
      "Data_flat_MeasurementAggregates": {
        "exec_count": 5,
        "base_count": 5,
        "flagged_count": 0,
        "mean": 38.08,
        "median": 38.0,
        "stdev": 1.3044539087296272,
        "range": 3.200000000000003,
        "min": 36.5,
        "max": 39.7,
        "q02": 36.524,
        "q05": 36.56,
        "q25": 36.8,
        "q75": 39.4,
        "q95": 39.64,
        "q98": 39.676,
        "NumViolations": 2,
        "ViolationComments": "RC : EFO  TIME OFFSET TO HIGH CA : ADJUST EFO TIME OFFSET FROM 0.2 TO 0.0 TECH : DEDE",
        "ViolationList": "1, 3",
        "PrimaryViolation": "1",
        "PrimaryViolationComments": "RC : EFO  TIME OFFSET TO HIGH CA : ADJUST EFO TIME OFFSET FROM 0.2 TO 0.0 TECH : DEDE",
        "Samples": "240185470"
      },
      "ParameterName": "CopperBallHeight",
      "ParameterUnit": "g",
      "ChannelId": "67621",
      "SourceDataLevel": "C",
      "channel_name": "Ball_Height CU 50um",
      "RvStoreFlag": "Y",
      "created_timestamp_utc": "2023-11-14T06:17:22Z",
      "created_timestamp": "2023-11-14T13:17:22Z",
      "updated_timestamp_utc": "2023-11-14T07:46:31Z",
      "updated_timestamp": "2023-11-14T14:46:31Z"
    }
  ],
  "Document": {
    "Version": "1.0",
    "Type": "ProcessControl",
    "Repetition": {
      "Id": "0",
      "IdBaseValue": "2023-11-14T07:46:31Z"
    }
  },
  "ProductionAction": {
    "Id": "SPACEAGGED2:BAT:BE:BE1I:Wire_Bond1:",
    "Type": "SpaceAggregation"
  },
  "Item": {
    "Id": "Measlot:",
    "IdSystemName": "Measlot",
    "Type": "Lot"
  },
  "SystemLog": {
    "UniqueSourceKey": "BAT:BE:RU342056B04:BE1I:Wire_Bond1:CopperBallHeight:67621:240185470:275",
    "ExtractedTimestampUtc": "0001-01-01T00:00:00",
    "EnqueuedTimestampUtc": "0001-01-01T00:00:00",
    "DocCreatedTimestampUtc": "2023-11-14T13:17:22Z",
    "QueueOffset": 0,
    "QueuePartition": 0
  },
  "SearchPatterns": {
    "SpaceKey": "Measlot::SPACEAGGED2:BAT:BE:BE1I:Wire_Bond1::ProcessControl:1.0",
    "TimeGroup": "0",
    "SiteKey": "BAT"
  }
}