{
  "Data_flat_Metadata": {
    "ParameterOper": "A2_Plating",
    "ParameterFacility": "BE1I",
    "SiteKey": "BAT",
    "SpaceInstanceName": "BE",
    "BeginTimestampUtc": "2023-11-01T15:12:36Z",
    "BeginTimestamp": "2023-11-01T22:12:36Z",
    "EndTimestampUtc": "2023-11-01T15:12:36Z",
    "EndTimestamp": "2023-11-01T22:12:36Z"
  },
  "Data_flat_StrangeMetadata": {
    "Device": "S1918E",
    "ParameterClass": "PPAP",
    "Segment": "A2PL",
    "F56Parameter": "N"
  },
  "Data_1list_Parameters": [
    {
      "Data_1list_RawValues": [
        {
          "Seqnr": 5,
          "SampleId": 239042336,
          "Value": 296.48,
          "is_flagged": "N",
          "SampleTimestamp": "2023-11-01T22:12:36Z",
          "SampleTimestampUtc": "2023-11-01T15:12:36Z",
          "CreatedTimestamp": "2023-11-01T22:12:36Z",
          "CreatedTimestampUtc": "2023-11-01T15:12:36Z",
          "UpdatedTimestamp": "2023-11-14T15:01:23Z",
          "UpdatedTimestampUtc": "2023-11-14T08:01:23Z",
          "NumViolations": 1,
          "ViolationComments": "FD     : A2PL BALL SHEAR TOP OUT OF LCL RANGE CA     : UNDER REVIEW CONTROL LIMIT BY QE",
          "ViolationList": "18",
          "PrimaryViolation": "18",
          "PrimaryViolationComments": "FD     : A2PL BALL SHEAR TOP OUT OF LCL RANGE CA     : UNDER REVIEW CONTROL LIMIT BY QE",
          "SampleMean": 300.616666666667,
          "SampleMin": 294.6,
          "SampleMax": 304.71,
          "SampleMedian": 301.65,
          "SampleStdev": 4.28223617595604,
          "SampleQ1": 297.44,
          "SampleQ3": 304.2025,
          "SampleSize": 6
        },
        {
          "Seqnr": 1,
          "SampleId": 239042336,
          "Value": 304.71,
          "is_flagged": "N",
          "SampleTimestamp": "2023-11-01T22:12:36Z",
          "SampleTimestampUtc": "2023-11-01T15:12:36Z",
          "CreatedTimestamp": "2023-11-01T22:12:36Z",
          "CreatedTimestampUtc": "2023-11-01T15:12:36Z",
          "UpdatedTimestamp": "2023-11-14T15:01:23Z",
          "UpdatedTimestampUtc": "2023-11-14T08:01:23Z",
          "NumViolations": 1,
          "ViolationComments": "FD     : A2PL BALL SHEAR TOP OUT OF LCL RANGE CA     : UNDER REVIEW CONTROL LIMIT BY QE",
          "ViolationList": "18",
          "PrimaryViolation": "18",
          "PrimaryViolationComments": "FD     : A2PL BALL SHEAR TOP OUT OF LCL RANGE CA     : UNDER REVIEW CONTROL LIMIT BY QE",
          "SampleMean": 300.616666666667,
          "SampleMin": 294.6,
          "SampleMax": 304.71,
          "SampleMedian": 301.65,
          "SampleStdev": 4.28223617595604,
          "SampleQ1": 297.44,
          "SampleQ3": 304.2025,
          "SampleSize": 6
        },
        {
          "Seqnr": 2,
          "SampleId": 239042336,
          "Value": 304.61,
          "is_flagged": "N",
          "SampleTimestamp": "2023-11-01T22:12:36Z",
          "SampleTimestampUtc": "2023-11-01T15:12:36Z",
          "CreatedTimestamp": "2023-11-01T22:12:36Z",
          "CreatedTimestampUtc": "2023-11-01T15:12:36Z",
          "UpdatedTimestamp": "2023-11-14T15:01:23Z",
          "UpdatedTimestampUtc": "2023-11-14T08:01:23Z",
          "NumViolations": 1,
          "ViolationComments": "FD     : A2PL BALL SHEAR TOP OUT OF LCL RANGE CA     : UNDER REVIEW CONTROL LIMIT BY QE",
          "ViolationList": "18",
          "PrimaryViolation": "18",
          "PrimaryViolationComments": "FD     : A2PL BALL SHEAR TOP OUT OF LCL RANGE CA     : UNDER REVIEW CONTROL LIMIT BY QE",
          "SampleMean": 300.616666666667,
          "SampleMin": 294.6,
          "SampleMax": 304.71,
          "SampleMedian": 301.65,
          "SampleStdev": 4.28223617595604,
          "SampleQ1": 297.44,
          "SampleQ3": 304.2025,
          "SampleSize": 6
        },
        {
          "Seqnr": 3,
          "SampleId": 239042336,
          "Value": 300.32,
          "is_flagged": "N",
          "SampleTimestamp": "2023-11-01T22:12:36Z",
          "SampleTimestampUtc": "2023-11-01T15:12:36Z",
          "CreatedTimestamp": "2023-11-01T22:12:36Z",
          "CreatedTimestampUtc": "2023-11-01T15:12:36Z",
          "UpdatedTimestamp": "2023-11-14T15:01:23Z",
          "UpdatedTimestampUtc": "2023-11-14T08:01:23Z",
          "NumViolations": 1,
          "ViolationComments": "FD     : A2PL BALL SHEAR TOP OUT OF LCL RANGE CA     : UNDER REVIEW CONTROL LIMIT BY QE",
          "ViolationList": "18",
          "PrimaryViolation": "18",
          "PrimaryViolationComments": "FD     : A2PL BALL SHEAR TOP OUT OF LCL RANGE CA     : UNDER REVIEW CONTROL LIMIT BY QE",
          "SampleMean": 300.616666666667,
          "SampleMin": 294.6,
          "SampleMax": 304.71,
          "SampleMedian": 301.65,
          "SampleStdev": 4.28223617595604,
          "SampleQ1": 297.44,
          "SampleQ3": 304.2025,
          "SampleSize": 6
        },
        {
          "Seqnr": 4,
          "SampleId": 239042336,
          "Value": 302.98,
          "is_flagged": "N",
          "SampleTimestamp": "2023-11-01T22:12:36Z",
          "SampleTimestampUtc": "2023-11-01T15:12:36Z",
          "CreatedTimestamp": "2023-11-01T22:12:36Z",
          "CreatedTimestampUtc": "2023-11-01T15:12:36Z",
          "UpdatedTimestamp": "2023-11-14T15:01:23Z",
          "UpdatedTimestampUtc": "2023-11-14T08:01:23Z",
          "NumViolations": 1,
          "ViolationComments": "FD     : A2PL BALL SHEAR TOP OUT OF LCL RANGE CA     : UNDER REVIEW CONTROL LIMIT BY QE",
          "ViolationList": "18",
          "PrimaryViolation": "18",
          "PrimaryViolationComments": "FD     : A2PL BALL SHEAR TOP OUT OF LCL RANGE CA     : UNDER REVIEW CONTROL LIMIT BY QE",
          "SampleMean": 300.616666666667,
          "SampleMin": 294.6,
          "SampleMax": 304.71,
          "SampleMedian": 301.65,
          "SampleStdev": 4.28223617595604,
          "SampleQ1": 297.44,
          "SampleQ3": 304.2025,
          "SampleSize": 6
        },
        {
          "Seqnr": 6,
          "SampleId": 239042336,
          "Value": 294.6,
          "is_flagged": "N",
          "SampleTimestamp": "2023-11-01T22:12:36Z",
          "SampleTimestampUtc": "2023-11-01T15:12:36Z",
          "CreatedTimestamp": "2023-11-01T22:12:36Z",
          "CreatedTimestampUtc": "2023-11-01T15:12:36Z",
          "UpdatedTimestamp": "2023-11-14T15:01:23Z",
          "UpdatedTimestampUtc": "2023-11-14T08:01:23Z",
          "NumViolations": 1,
          "ViolationComments": "FD     : A2PL BALL SHEAR TOP OUT OF LCL RANGE CA     : UNDER REVIEW CONTROL LIMIT BY QE",
          "ViolationList": "18",
          "PrimaryViolation": "18",
          "PrimaryViolationComments": "FD     : A2PL BALL SHEAR TOP OUT OF LCL RANGE CA     : UNDER REVIEW CONTROL LIMIT BY QE",
          "SampleMean": 300.616666666667,
          "SampleMin": 294.6,
          "SampleMax": 304.71,
          "SampleMedian": 301.65,
          "SampleStdev": 4.28223617595604,
          "SampleQ1": 297.44,
          "SampleQ3": 304.2025,
          "SampleSize": 6
        }
      ],
      "CFComment": "FOL",
      "FourDReport": "*",
      "Data_flat_Limits": {
        "CKC_ID": "3",
        "MeasurementSpecLimits": {
          "SpecHighEnabled": "N",
          "SpecLowEnabled": "Y",
          "spec_low": 120.0,
          "target": 240.0
        },
        "ControlLimits": {
          "ctrl_mean_low": 247.68,
          "CtrlMeanLowEnabled": "Y",
          "ctrl_mean_target": 304.99325,
          "CtrlMeanTargetEnabled": "Y",
          "ctrl_mean_high": 362.307,
          "CtrlMeanHighEnabled": "Y",
          "CtrlLowEnabled": "N",
          "CtrlHighEnabled": "N",
          "ctrl_stdev_low": 5.77929693470142,
          "CtrlStdevLowEnabled": "Y",
          "CtrlSigmaCenterEnabled": "N",
          "CtrlRangeCenterEnabled": "Y",
          "CtrlCenterEnabled": "N",
          "CtrlStdevHighEnabled": "N",
          "ctrl_range_low": 10.972213791679,
          "CtrlRangeLowEnabled": "Y",
          "ctrl_range_target": 27.6252883183484,
          "ctrl_range_high": 104.169258635356,
          "CtrlRangeHighEnabled": "Y"
        }
      },
      "Data_flat_MeasurementAggregates": {
        "exec_count": 6,
        "base_count": 6,
        "flagged_count": 0,
        "mean": 300.61666666666673,
        "median": 301.65,
        "stdev": 3.909128916892972,
        "range": 10.109999999999957,
        "min": 294.6,
        "max": 304.71,
        "q02": 294.78800000000007,
        "q05": 295.07000000000005,
        "q25": 297.44,
        "q75": 304.2025,
        "q95": 304.68499999999995,
        "q98": 304.7,
        "NumViolations": 1,
        "ViolationComments": "FD     : A2PL BALL SHEAR TOP OUT OF LCL RANGE CA     : UNDER REVIEW CONTROL LIMIT BY QE",
        "ViolationList": "18",
        "PrimaryViolation": "18",
        "PrimaryViolationComments": "FD     : A2PL BALL SHEAR TOP OUT OF LCL RANGE CA     : UNDER REVIEW CONTROL LIMIT BY QE",
        "Samples": "239042336"
      },
      "ParameterName": "A2PLBallShearTop",
      "ParameterUnit": "g",
      "ChannelId": "22246",
      "SourceDataLevel": "C",
      "channel_name": "Ball_ShearForce AU 65um PDS36 A2CU7",
      "channel_description": "A2PLBallShearTop PDS36 A2CU7 65",
      "RvStoreFlag": "Y",
      "created_timestamp_utc": "2023-11-01T15:12:36Z",
      "created_timestamp": "2023-11-01T22:12:36Z",
      "updated_timestamp_utc": "2023-11-14T08:01:23Z",
      "updated_timestamp": "2023-11-14T15:01:23Z"
    }
  ],
  "Document": {
    "Version": "1.0",
    "Type": "ProcessControl",
    "Repetition": {
      "Id": "0",
      "IdBaseValue": "2023-11-14T08:01:23Z"
    }
  },
  "ProductionAction": {
    "Id": "SPACEAGGED2:BAT:BE:BE1I:A2_Plating:",
    "Type": "SpaceAggregation"
  },
  "Item": {
    "Id": "Measlot:",
    "IdSystemName": "Measlot",
    "Type": "Lot"
  },
  "SystemLog": {
    "UniqueSourceKey": "BAT:BE:RU331049B05:BE1I:A2_Plating:A2PLBallShearTop:22246:239042336:3",
    "ExtractedTimestampUtc": "0001-01-01T00:00:00",
    "EnqueuedTimestampUtc": "0001-01-01T00:00:00",
    "DocCreatedTimestampUtc": "2023-11-01T22:12:36Z",
    "QueueOffset": 0,
    "QueuePartition": 0
  },
  "SearchPatterns": {
    "SpaceKey": "Measlot::SPACEAGGED2:BAT:BE:BE1I:A2_Plating::ProcessControl:1.0",
    "TimeGroup": "0",
    "SiteKey": "BAT"
  }
}