{
  "Data_flat_Metadata": {
    "ParameterOper": "Wire_Bond1",
    "ParameterFacility": "BE1I",
    "SiteKey": "BAT",
    "SpaceInstanceName": "BE",
    "BeginTimestampUtc": "2023-11-14T06:00:48Z",
    "BeginTimestamp": "2023-11-14T13:00:48Z",
    "EndTimestampUtc": "2023-11-14T06:00:48Z",
    "EndTimestamp": "2023-11-14T13:00:48Z"
  },
  "Data_flat_StrangeMetadata": {
    "Device": "U5435A",
    "ParameterClass": "NON_SPC",
    "Segment": "WB"
  },
  "Data_1list_Parameters": [
    {
      "Data_1list_RawValues": [
        {
          "Seqnr": 2,
          "SampleId": 240184472,
          "Value": 77.9,
          "is_flagged": "N",
          "SampleTimestamp": "2023-11-14T13:00:48Z",
          "SampleTimestampUtc": "2023-11-14T06:00:48Z",
          "CreatedTimestamp": "2023-11-14T13:00:48Z",
          "CreatedTimestampUtc": "2023-11-14T06:00:48Z",
          "UpdatedTimestamp": "2023-11-14T13:50:28Z",
          "UpdatedTimestampUtc": "2023-11-14T06:50:28Z",
          "NumViolations": 2,
          "ViolationComments": "RC : 1ST BOND PARAMETER TOO LOW CA : ADJUST US POWER PARAMETER FROM 400 TO 440 TECH : DITA",
          "ViolationList": "2,4",
          "PrimaryViolation": "2",
          "PrimaryViolationComments": "RC : 1ST BOND PARAMETER TOO LOW CA : ADJUST US POWER PARAMETER FROM 400 TO 440 TECH : DITA",
          "SampleMean": 76.52,
          "SampleMin": 72.3,
          "SampleMax": 78.3,
          "SampleMedian": 77.8,
          "SampleStdev": 2.47830587297049,
          "SampleQ1": 76.3,
          "SampleQ3": 77.9,
          "SampleSize": 5
        },
        {
          "Seqnr": 1,
          "SampleId": 240184472,
          "Value": 72.3,
          "is_flagged": "N",
          "SampleTimestamp": "2023-11-14T13:00:48Z",
          "SampleTimestampUtc": "2023-11-14T06:00:48Z",
          "CreatedTimestamp": "2023-11-14T13:00:48Z",
          "CreatedTimestampUtc": "2023-11-14T06:00:48Z",
          "UpdatedTimestamp": "2023-11-14T13:50:28Z",
          "UpdatedTimestampUtc": "2023-11-14T06:50:28Z",
          "NumViolations": 2,
          "ViolationComments": "RC : 1ST BOND PARAMETER TOO LOW CA : ADJUST US POWER PARAMETER FROM 400 TO 440 TECH : DITA",
          "ViolationList": "2,4",
          "PrimaryViolation": "2",
          "PrimaryViolationComments": "RC : 1ST BOND PARAMETER TOO LOW CA : ADJUST US POWER PARAMETER FROM 400 TO 440 TECH : DITA",
          "SampleMean": 76.52,
          "SampleMin": 72.3,
          "SampleMax": 78.3,
          "SampleMedian": 77.8,
          "SampleStdev": 2.47830587297049,
          "SampleQ1": 76.3,
          "SampleQ3": 77.9,
          "SampleSize": 5
        },
        {
          "Seqnr": 3,
          "SampleId": 240184472,
          "Value": 76.3,
          "is_flagged": "N",
          "SampleTimestamp": "2023-11-14T13:00:48Z",
          "SampleTimestampUtc": "2023-11-14T06:00:48Z",
          "CreatedTimestamp": "2023-11-14T13:00:48Z",
          "CreatedTimestampUtc": "2023-11-14T06:00:48Z",
          "UpdatedTimestamp": "2023-11-14T13:50:28Z",
          "UpdatedTimestampUtc": "2023-11-14T06:50:28Z",
          "NumViolations": 2,
          "ViolationComments": "RC : 1ST BOND PARAMETER TOO LOW CA : ADJUST US POWER PARAMETER FROM 400 TO 440 TECH : DITA",
          "ViolationList": "2,4",
          "PrimaryViolation": "2",
          "PrimaryViolationComments": "RC : 1ST BOND PARAMETER TOO LOW CA : ADJUST US POWER PARAMETER FROM 400 TO 440 TECH : DITA",
          "SampleMean": 76.52,
          "SampleMin": 72.3,
          "SampleMax": 78.3,
          "SampleMedian": 77.8,
          "SampleStdev": 2.47830587297049,
          "SampleQ1": 76.3,
          "SampleQ3": 77.9,
          "SampleSize": 5
        },
        {
          "Seqnr": 5,
          "SampleId": 240184472,
          "Value": 77.8,
          "is_flagged": "N",
          "SampleTimestamp": "2023-11-14T13:00:48Z",
          "SampleTimestampUtc": "2023-11-14T06:00:48Z",
          "CreatedTimestamp": "2023-11-14T13:00:48Z",
          "CreatedTimestampUtc": "2023-11-14T06:00:48Z",
          "UpdatedTimestamp": "2023-11-14T13:50:28Z",
          "UpdatedTimestampUtc": "2023-11-14T06:50:28Z",
          "NumViolations": 2,
          "ViolationComments": "RC : 1ST BOND PARAMETER TOO LOW CA : ADJUST US POWER PARAMETER FROM 400 TO 440 TECH : DITA",
          "ViolationList": "2,4",
          "PrimaryViolation": "2",
          "PrimaryViolationComments": "RC : 1ST BOND PARAMETER TOO LOW CA : ADJUST US POWER PARAMETER FROM 400 TO 440 TECH : DITA",
          "SampleMean": 76.52,
          "SampleMin": 72.3,
          "SampleMax": 78.3,
          "SampleMedian": 77.8,
          "SampleStdev": 2.47830587297049,
          "SampleQ1": 76.3,
          "SampleQ3": 77.9,
          "SampleSize": 5
        },
        {
          "Seqnr": 4,
          "SampleId": 240184472,
          "Value": 78.3,
          "is_flagged": "N",
          "SampleTimestamp": "2023-11-14T13:00:48Z",
          "SampleTimestampUtc": "2023-11-14T06:00:48Z",
          "CreatedTimestamp": "2023-11-14T13:00:48Z",
          "CreatedTimestampUtc": "2023-11-14T06:00:48Z",
          "UpdatedTimestamp": "2023-11-14T13:50:28Z",
          "UpdatedTimestampUtc": "2023-11-14T06:50:28Z",
          "NumViolations": 2,
          "ViolationComments": "RC : 1ST BOND PARAMETER TOO LOW CA : ADJUST US POWER PARAMETER FROM 400 TO 440 TECH : DITA",
          "ViolationList": "2,4",
          "PrimaryViolation": "2",
          "PrimaryViolationComments": "RC : 1ST BOND PARAMETER TOO LOW CA : ADJUST US POWER PARAMETER FROM 400 TO 440 TECH : DITA",
          "SampleMean": 76.52,
          "SampleMin": 72.3,
          "SampleMax": 78.3,
          "SampleMedian": 77.8,
          "SampleStdev": 2.47830587297049,
          "SampleQ1": 76.3,
          "SampleQ3": 77.9,
          "SampleSize": 5
        }
      ],
      "CFComment": "FOL",
      "FourDReport": "*",
      "Data_flat_Limits": {
        "CKC_ID": "56",
        "MeasurementSpecLimits": {
          "SpecHighEnabled": "Y",
          "SpecLowEnabled": "Y",
          "spec_high": 90.0,
          "spec_low": 75.0,
          "target": 82.5
        },
        "ControlLimits": {
          "ctrl_mean_low": 78.0,
          "CtrlMeanLowEnabled": "Y",
          "ctrl_mean_target": 83.0,
          "CtrlMeanTargetEnabled": "Y",
          "ctrl_mean_high": 88.0,
          "CtrlMeanHighEnabled": "Y",
          "CtrlLowEnabled": "N",
          "CtrlHighEnabled": "N",
          "CtrlStdevLowEnabled": "N",
          "CtrlSigmaCenterEnabled": "N",
          "CtrlRangeCenterEnabled": "Y",
          "CtrlCenterEnabled": "N",
          "CtrlStdevHighEnabled": "N",
          "CtrlRangeLowEnabled": "N",
          "ctrl_range_target": 0.0,
          "ctrl_range_high": 15.0,
          "CtrlRangeHighEnabled": "Y"
        }
      },
      "Data_flat_MeasurementAggregates": {
        "exec_count": 5,
        "base_count": 5,
        "flagged_count": 0,
        "mean": 76.52000000000001,
        "median": 77.8,
        "stdev": 2.2166641603995867,
        "range": 6.0,
        "min": 72.3,
        "max": 78.3,
        "q02": 72.62,
        "q05": 73.10000000000001,
        "q25": 76.3,
        "q75": 77.9,
        "q95": 78.22,
        "q98": 78.268,
        "NumViolations": 2,
        "ViolationComments": "RC : 1ST BOND PARAMETER TOO LOW CA : ADJUST US POWER PARAMETER FROM 400 TO 440 TECH : DITA",
        "ViolationList": "2, 4",
        "PrimaryViolation": "2",
        "PrimaryViolationComments": "RC : 1ST BOND PARAMETER TOO LOW CA : ADJUST US POWER PARAMETER FROM 400 TO 440 TECH : DITA",
        "Samples": "240184472"
      },
      "ParameterName": "GoldBallDiameter",
      "ParameterUnit": "um",
      "ChannelId": "67983",
      "SourceDataLevel": "C",
      "channel_name": "Ball_Diameter AU 30um BPO90",
      "RvStoreFlag": "Y",
      "created_timestamp_utc": "2023-11-14T06:00:48Z",
      "created_timestamp": "2023-11-14T13:00:48Z",
      "updated_timestamp_utc": "2023-11-14T06:50:28Z",
      "updated_timestamp": "2023-11-14T13:50:28Z"
    }
  ],
  "Document": {
    "Version": "1.0",
    "Type": "ProcessControl",
    "Repetition": {
      "Id": "0",
      "IdBaseValue": "2023-11-14T06:50:28Z"
    }
  },
  "ProductionAction": {
    "Id": "SPACEAGGED2:BAT:BE:BE1I:Wire_Bond1:",
    "Type": "SpaceAggregation"
  },
  "Item": {
    "Id": "Measlot:",
    "IdSystemName": "Measlot",
    "Type": "Lot"
  },
  "SystemLog": {
    "UniqueSourceKey": "BAT:BE:RU243389B26:BE1I:Wire_Bond1:GoldBallDiameter:67983:240184472:56",
    "ExtractedTimestampUtc": "0001-01-01T00:00:00",
    "EnqueuedTimestampUtc": "0001-01-01T00:00:00",
    "DocCreatedTimestampUtc": "2023-11-14T13:00:48Z",
    "QueueOffset": 0,
    "QueuePartition": 0
  },
  "SearchPatterns": {
    "SpaceKey": "Measlot::SPACEAGGED2:BAT:BE:BE1I:Wire_Bond1::ProcessControl:1.0",
    "TimeGroup": "0",
    "SiteKey": "BAT"
  }
}