{
  "Data_flat_Metadata": {
    "ParameterOper": "FOL_Autovision",
    "ParameterFacility": "BE1I",
    "SiteKey": "BAT",
    "SpaceInstanceName": "BE",
    "BeginTimestampUtc": "2023-11-03T11:26:34Z",
    "BeginTimestamp": "2023-11-03T18:26:34Z",
    "EndTimestampUtc": "2023-11-03T11:26:34Z",
    "EndTimestamp": "2023-11-03T18:26:34Z"
  },
  "Data_flat_StrangeMetadata": {
    "Device": "S0946T",
    "ParameterClass": "PPAP",
    "Segment": "A2PL",
    "F56Parameter": "N"
  },
  "Data_1list_Parameters": [
    {
      "Data_1list_RawValues": [
        {
          "Seqnr": 1,
          "SampleId": 239203540,
          "Value": 41.938,
          "is_flagged": "N",
          "SampleTimestamp": "2023-11-03T18:26:34Z",
          "SampleTimestampUtc": "2023-11-03T11:26:34Z",
          "CreatedTimestamp": "2023-11-03T18:26:34Z",
          "CreatedTimestampUtc": "2023-11-03T11:26:34Z",
          "UpdatedTimestamp": "2023-11-14T15:00:09Z",
          "UpdatedTimestampUtc": "2023-11-14T08:00:09Z",
          "NumViolations": 1,
          "ViolationComments": "RC   : A2PL WIRE PULL TOP 8 POINT RUN DOWN  CA   : UNDER MONITORING BY QE UPE",
          "ViolationList": "10",
          "PrimaryViolation": "10",
          "PrimaryViolationComments": "RC   : A2PL WIRE PULL TOP 8 POINT RUN DOWN  CA   : UNDER MONITORING BY QE UPE",
          "SampleMean": 42.61,
          "SampleMin": 41.938,
          "SampleMax": 43.575,
          "SampleMedian": 42.358,
          "SampleStdev": 0.645670636957089,
          "SampleQ1": 42.1375,
          "SampleQ3": 43.01175,
          "SampleSize": 8
        },
        {
          "Seqnr": 2,
          "SampleId": 239203540,
          "Value": 42.257,
          "is_flagged": "N",
          "SampleTimestamp": "2023-11-03T18:26:34Z",
          "SampleTimestampUtc": "2023-11-03T11:26:34Z",
          "CreatedTimestamp": "2023-11-03T18:26:34Z",
          "CreatedTimestampUtc": "2023-11-03T11:26:34Z",
          "UpdatedTimestamp": "2023-11-14T15:00:09Z",
          "UpdatedTimestampUtc": "2023-11-14T08:00:09Z",
          "NumViolations": 1,
          "ViolationComments": "RC   : A2PL WIRE PULL TOP 8 POINT RUN DOWN  CA   : UNDER MONITORING BY QE UPE",
          "ViolationList": "10",
          "PrimaryViolation": "10",
          "PrimaryViolationComments": "RC   : A2PL WIRE PULL TOP 8 POINT RUN DOWN  CA   : UNDER MONITORING BY QE UPE",
          "SampleMean": 42.61,
          "SampleMin": 41.938,
          "SampleMax": 43.575,
          "SampleMedian": 42.358,
          "SampleStdev": 0.645670636957089,
          "SampleQ1": 42.1375,
          "SampleQ3": 43.01175,
          "SampleSize": 8
        },
        {
          "Seqnr": 3,
          "SampleId": 239203540,
          "Value": 43.575,
          "is_flagged": "N",
          "SampleTimestamp": "2023-11-03T18:26:34Z",
          "SampleTimestampUtc": "2023-11-03T11:26:34Z",
          "CreatedTimestamp": "2023-11-03T18:26:34Z",
          "CreatedTimestampUtc": "2023-11-03T11:26:34Z",
          "UpdatedTimestamp": "2023-11-14T15:00:09Z",
          "UpdatedTimestampUtc": "2023-11-14T08:00:09Z",
          "NumViolations": 1,
          "ViolationComments": "RC   : A2PL WIRE PULL TOP 8 POINT RUN DOWN  CA   : UNDER MONITORING BY QE UPE",
          "ViolationList": "10",
          "PrimaryViolation": "10",
          "PrimaryViolationComments": "RC   : A2PL WIRE PULL TOP 8 POINT RUN DOWN  CA   : UNDER MONITORING BY QE UPE",
          "SampleMean": 42.61,
          "SampleMin": 41.938,
          "SampleMax": 43.575,
          "SampleMedian": 42.358,
          "SampleStdev": 0.645670636957089,
          "SampleQ1": 42.1375,
          "SampleQ3": 43.01175,
          "SampleSize": 8
        },
        {
          "Seqnr": 8,
          "SampleId": 239203540,
          "Value": 43.551,
          "is_flagged": "N",
          "SampleTimestamp": "2023-11-03T18:26:34Z",
          "SampleTimestampUtc": "2023-11-03T11:26:34Z",
          "CreatedTimestamp": "2023-11-03T18:26:34Z",
          "CreatedTimestampUtc": "2023-11-03T11:26:34Z",
          "UpdatedTimestamp": "2023-11-14T15:00:09Z",
          "UpdatedTimestampUtc": "2023-11-14T08:00:09Z",
          "NumViolations": 1,
          "ViolationComments": "RC   : A2PL WIRE PULL TOP 8 POINT RUN DOWN  CA   : UNDER MONITORING BY QE UPE",
          "ViolationList": "10",
          "PrimaryViolation": "10",
          "PrimaryViolationComments": "RC   : A2PL WIRE PULL TOP 8 POINT RUN DOWN  CA   : UNDER MONITORING BY QE UPE",
          "SampleMean": 42.61,
          "SampleMin": 41.938,
          "SampleMax": 43.575,
          "SampleMedian": 42.358,
          "SampleStdev": 0.645670636957089,
          "SampleQ1": 42.1375,
          "SampleQ3": 43.01175,
          "SampleSize": 8
        },
        {
          "Seqnr": 5,
          "SampleId": 239203540,
          "Value": 42.141,
          "is_flagged": "N",
          "SampleTimestamp": "2023-11-03T18:26:34Z",
          "SampleTimestampUtc": "2023-11-03T11:26:34Z",
          "CreatedTimestamp": "2023-11-03T18:26:34Z",
          "CreatedTimestampUtc": "2023-11-03T11:26:34Z",
          "UpdatedTimestamp": "2023-11-14T15:00:09Z",
          "UpdatedTimestampUtc": "2023-11-14T08:00:09Z",
          "NumViolations": 1,
          "ViolationComments": "RC   : A2PL WIRE PULL TOP 8 POINT RUN DOWN  CA   : UNDER MONITORING BY QE UPE",
          "ViolationList": "10",
          "PrimaryViolation": "10",
          "PrimaryViolationComments": "RC   : A2PL WIRE PULL TOP 8 POINT RUN DOWN  CA   : UNDER MONITORING BY QE UPE",
          "SampleMean": 42.61,
          "SampleMin": 41.938,
          "SampleMax": 43.575,
          "SampleMedian": 42.358,
          "SampleStdev": 0.645670636957089,
          "SampleQ1": 42.1375,
          "SampleQ3": 43.01175,
          "SampleSize": 8
        },
        {
          "Seqnr": 6,
          "SampleId": 239203540,
          "Value": 42.459,
          "is_flagged": "N",
          "SampleTimestamp": "2023-11-03T18:26:34Z",
          "SampleTimestampUtc": "2023-11-03T11:26:34Z",
          "CreatedTimestamp": "2023-11-03T18:26:34Z",
          "CreatedTimestampUtc": "2023-11-03T11:26:34Z",
          "UpdatedTimestamp": "2023-11-14T15:00:09Z",
          "UpdatedTimestampUtc": "2023-11-14T08:00:09Z",
          "NumViolations": 1,
          "ViolationComments": "RC   : A2PL WIRE PULL TOP 8 POINT RUN DOWN  CA   : UNDER MONITORING BY QE UPE",
          "ViolationList": "10",
          "PrimaryViolation": "10",
          "PrimaryViolationComments": "RC   : A2PL WIRE PULL TOP 8 POINT RUN DOWN  CA   : UNDER MONITORING BY QE UPE",
          "SampleMean": 42.61,
          "SampleMin": 41.938,
          "SampleMax": 43.575,
          "SampleMedian": 42.358,
          "SampleStdev": 0.645670636957089,
          "SampleQ1": 42.1375,
          "SampleQ3": 43.01175,
          "SampleSize": 8
        },
        {
          "Seqnr": 7,
          "SampleId": 239203540,
          "Value": 42.127,
          "is_flagged": "N",
          "SampleTimestamp": "2023-11-03T18:26:34Z",
          "SampleTimestampUtc": "2023-11-03T11:26:34Z",
          "CreatedTimestamp": "2023-11-03T18:26:34Z",
          "CreatedTimestampUtc": "2023-11-03T11:26:34Z",
          "UpdatedTimestamp": "2023-11-14T15:00:09Z",
          "UpdatedTimestampUtc": "2023-11-14T08:00:09Z",
          "NumViolations": 1,
          "ViolationComments": "RC   : A2PL WIRE PULL TOP 8 POINT RUN DOWN  CA   : UNDER MONITORING BY QE UPE",
          "ViolationList": "10",
          "PrimaryViolation": "10",
          "PrimaryViolationComments": "RC   : A2PL WIRE PULL TOP 8 POINT RUN DOWN  CA   : UNDER MONITORING BY QE UPE",
          "SampleMean": 42.61,
          "SampleMin": 41.938,
          "SampleMax": 43.575,
          "SampleMedian": 42.358,
          "SampleStdev": 0.645670636957089,
          "SampleQ1": 42.1375,
          "SampleQ3": 43.01175,
          "SampleSize": 8
        },
        {
          "Seqnr": 4,
          "SampleId": 239203540,
          "Value": 42.832,
          "is_flagged": "N",
          "SampleTimestamp": "2023-11-03T18:26:34Z",
          "SampleTimestampUtc": "2023-11-03T11:26:34Z",
          "CreatedTimestamp": "2023-11-03T18:26:34Z",
          "CreatedTimestampUtc": "2023-11-03T11:26:34Z",
          "UpdatedTimestamp": "2023-11-14T15:00:09Z",
          "UpdatedTimestampUtc": "2023-11-14T08:00:09Z",
          "NumViolations": 1,
          "ViolationComments": "RC   : A2PL WIRE PULL TOP 8 POINT RUN DOWN  CA   : UNDER MONITORING BY QE UPE",
          "ViolationList": "10",
          "PrimaryViolation": "10",
          "PrimaryViolationComments": "RC   : A2PL WIRE PULL TOP 8 POINT RUN DOWN  CA   : UNDER MONITORING BY QE UPE",
          "SampleMean": 42.61,
          "SampleMin": 41.938,
          "SampleMax": 43.575,
          "SampleMedian": 42.358,
          "SampleStdev": 0.645670636957089,
          "SampleQ1": 42.1375,
          "SampleQ3": 43.01175,
          "SampleSize": 8
        }
      ],
      "CFComment": "FOL",
      "FourDReport": "*",
      "Data_flat_Limits": {
        "CKC_ID": "1",
        "MeasurementSpecLimits": {
          "SpecHighEnabled": "N",
          "SpecLowEnabled": "Y",
          "spec_low": 10.0,
          "target": 20.0
        },
        "ControlLimits": {
          "ctrl_mean_low": 33.3151540719785,
          "CtrlMeanLowEnabled": "Y",
          "ctrl_mean_target": 44.0952438837921,
          "CtrlMeanTargetEnabled": "Y",
          "ctrl_mean_high": 54.8753336956056,
          "CtrlMeanHighEnabled": "Y",
          "CtrlLowEnabled": "N",
          "CtrlHighEnabled": "N",
          "CtrlStdevLowEnabled": "N",
          "CtrlSigmaCenterEnabled": "N",
          "CtrlRangeCenterEnabled": "Y",
          "CtrlCenterEnabled": "N",
          "CtrlStdevHighEnabled": "N",
          "CtrlRangeLowEnabled": "N",
          "ctrl_range_target": 5.51093157534837,
          "ctrl_range_high": 23.5050462728126,
          "CtrlRangeHighEnabled": "Y"
        }
      },
      "Data_flat_MeasurementAggregates": {
        "exec_count": 8,
        "base_count": 8,
        "flagged_count": 0,
        "mean": 42.61,
        "median": 42.358000000000004,
        "stdev": 0.6039695770483814,
        "range": 1.6370000000000005,
        "min": 41.938,
        "max": 43.575,
        "q02": 41.96446,
        "q05": 42.00415,
        "q25": 42.1375,
        "q75": 43.011750000000006,
        "q95": 43.5666,
        "q98": 43.57164,
        "NumViolations": 1,
        "ViolationComments": "RC   : A2PL WIRE PULL TOP 8 POINT RUN DOWN  CA   : UNDER MONITORING BY QE UPE",
        "ViolationList": "10",
        "PrimaryViolation": "10",
        "PrimaryViolationComments": "RC   : A2PL WIRE PULL TOP 8 POINT RUN DOWN  CA   : UNDER MONITORING BY QE UPE",
        "Samples": "239203540"
      },
      "ParameterName": "A2PLWirePullTop",
      "ParameterUnit": "g",
      "ChannelId": "20375",
      "SourceDataLevel": "C",
      "channel_name": "Wire_PullForce CU 50um DS20 A2CU",
      "channel_description": "A2PLWirePullTop DS20 A2CU 50 ",
      "RvStoreFlag": "Y",
      "created_timestamp_utc": "2023-11-03T11:26:34Z",
      "created_timestamp": "2023-11-03T18:26:34Z",
      "updated_timestamp_utc": "2023-11-14T08:00:09Z",
      "updated_timestamp": "2023-11-14T15:00:09Z"
    }
  ],
  "Document": {
    "Version": "1.0",
    "Type": "ProcessControl",
    "Repetition": {
      "Id": "0",
      "IdBaseValue": "2023-11-14T08:00:09Z"
    }
  },
  "ProductionAction": {
    "Id": "SPACEAGGED2:BAT:BE:BE1I:FOL_Autovision:",
    "Type": "SpaceAggregation"
  },
  "Item": {
    "Id": "Measlot:",
    "IdSystemName": "Measlot",
    "Type": "Lot"
  },
  "SystemLog": {
    "UniqueSourceKey": "BAT:BE:RU342054B04:BE1I:FOL_Autovision:A2PLWirePullTop:20375:239203540:1",
    "ExtractedTimestampUtc": "0001-01-01T00:00:00",
    "EnqueuedTimestampUtc": "0001-01-01T00:00:00",
    "DocCreatedTimestampUtc": "2023-11-03T18:26:34Z",
    "QueueOffset": 0,
    "QueuePartition": 0
  },
  "SearchPatterns": {
    "SpaceKey": "Measlot::SPACEAGGED2:BAT:BE:BE1I:FOL_Autovision::ProcessControl:1.0",
    "TimeGroup": "0",
    "SiteKey": "BAT"
  }
}