{
  "Data_flat_Metadata": {
    "ParameterOper": "Wire_Bond1",
    "ParameterFacility": "BE1I",
    "SiteKey": "BAT",
    "SpaceInstanceName": "BE",
    "BeginTimestampUtc": "2023-11-14T06:03:13Z",
    "BeginTimestamp": "2023-11-14T13:03:13Z",
    "EndTimestampUtc": "2023-11-14T06:03:13Z",
    "EndTimestamp": "2023-11-14T13:03:13Z"
  },
  "Data_flat_StrangeMetadata": {
    "Device": "U5435A",
    "ParameterClass": "NON_SPC",
    "Segment": "WB"
  },
  "Data_1list_Parameters": [
    {
      "Data_1list_RawValues": [
        {
          "Seqnr": 2,
          "SampleId": 240184639,
          "Value": 24.1,
          "is_flagged": "N",
          "SampleTimestamp": "2023-11-14T13:03:13Z",
          "SampleTimestampUtc": "2023-11-14T06:03:13Z",
          "CreatedTimestamp": "2023-11-14T13:03:14Z",
          "CreatedTimestampUtc": "2023-11-14T06:03:14Z",
          "UpdatedTimestamp": "2023-11-14T13:44:17Z",
          "UpdatedTimestampUtc": "2023-11-14T06:44:17Z",
          "NumViolations": 2,
          "ViolationComments": "RC : EFO PARAMETER TOO HIGH CA : ADJUST CURRENT PARAMETER FROM 60 TO 59 TECH : DITA",
          "ViolationList": "1,3",
          "PrimaryViolation": "1",
          "PrimaryViolationComments": "RC : EFO PARAMETER TOO HIGH CA : ADJUST CURRENT PARAMETER FROM 60 TO 59 TECH : DITA",
          "SampleMean": 23.7,
          "SampleMin": 21.0,
          "SampleMax": 25.4,
          "SampleMedian": 24.1,
          "SampleStdev": 1.62326830807479,
          "SampleQ1": 23.9,
          "SampleQ3": 24.1,
          "SampleSize": 5
        },
        {
          "Seqnr": 1,
          "SampleId": 240184639,
          "Value": 24.1,
          "is_flagged": "N",
          "SampleTimestamp": "2023-11-14T13:03:13Z",
          "SampleTimestampUtc": "2023-11-14T06:03:13Z",
          "CreatedTimestamp": "2023-11-14T13:03:14Z",
          "CreatedTimestampUtc": "2023-11-14T06:03:14Z",
          "UpdatedTimestamp": "2023-11-14T13:44:17Z",
          "UpdatedTimestampUtc": "2023-11-14T06:44:17Z",
          "NumViolations": 2,
          "ViolationComments": "RC : EFO PARAMETER TOO HIGH CA : ADJUST CURRENT PARAMETER FROM 60 TO 59 TECH : DITA",
          "ViolationList": "1,3",
          "PrimaryViolation": "1",
          "PrimaryViolationComments": "RC : EFO PARAMETER TOO HIGH CA : ADJUST CURRENT PARAMETER FROM 60 TO 59 TECH : DITA",
          "SampleMean": 23.7,
          "SampleMin": 21.0,
          "SampleMax": 25.4,
          "SampleMedian": 24.1,
          "SampleStdev": 1.62326830807479,
          "SampleQ1": 23.9,
          "SampleQ3": 24.1,
          "SampleSize": 5
        },
        {
          "Seqnr": 3,
          "SampleId": 240184639,
          "Value": 21.0,
          "is_flagged": "N",
          "SampleTimestamp": "2023-11-14T13:03:13Z",
          "SampleTimestampUtc": "2023-11-14T06:03:13Z",
          "CreatedTimestamp": "2023-11-14T13:03:14Z",
          "CreatedTimestampUtc": "2023-11-14T06:03:14Z",
          "UpdatedTimestamp": "2023-11-14T13:44:17Z",
          "UpdatedTimestampUtc": "2023-11-14T06:44:17Z",
          "NumViolations": 2,
          "ViolationComments": "RC : EFO PARAMETER TOO HIGH CA : ADJUST CURRENT PARAMETER FROM 60 TO 59 TECH : DITA",
          "ViolationList": "1,3",
          "PrimaryViolation": "1",
          "PrimaryViolationComments": "RC : EFO PARAMETER TOO HIGH CA : ADJUST CURRENT PARAMETER FROM 60 TO 59 TECH : DITA",
          "SampleMean": 23.7,
          "SampleMin": 21.0,
          "SampleMax": 25.4,
          "SampleMedian": 24.1,
          "SampleStdev": 1.62326830807479,
          "SampleQ1": 23.9,
          "SampleQ3": 24.1,
          "SampleSize": 5
        },
        {
          "Seqnr": 4,
          "SampleId": 240184639,
          "Value": 25.4,
          "is_flagged": "N",
          "SampleTimestamp": "2023-11-14T13:03:13Z",
          "SampleTimestampUtc": "2023-11-14T06:03:13Z",
          "CreatedTimestamp": "2023-11-14T13:03:14Z",
          "CreatedTimestampUtc": "2023-11-14T06:03:14Z",
          "UpdatedTimestamp": "2023-11-14T13:44:17Z",
          "UpdatedTimestampUtc": "2023-11-14T06:44:17Z",
          "NumViolations": 2,
          "ViolationComments": "RC : EFO PARAMETER TOO HIGH CA : ADJUST CURRENT PARAMETER FROM 60 TO 59 TECH : DITA",
          "ViolationList": "1,3",
          "PrimaryViolation": "1",
          "PrimaryViolationComments": "RC : EFO PARAMETER TOO HIGH CA : ADJUST CURRENT PARAMETER FROM 60 TO 59 TECH : DITA",
          "SampleMean": 23.7,
          "SampleMin": 21.0,
          "SampleMax": 25.4,
          "SampleMedian": 24.1,
          "SampleStdev": 1.62326830807479,
          "SampleQ1": 23.9,
          "SampleQ3": 24.1,
          "SampleSize": 5
        },
        {
          "Seqnr": 5,
          "SampleId": 240184639,
          "Value": 23.9,
          "is_flagged": "N",
          "SampleTimestamp": "2023-11-14T13:03:13Z",
          "SampleTimestampUtc": "2023-11-14T06:03:13Z",
          "CreatedTimestamp": "2023-11-14T13:03:14Z",
          "CreatedTimestampUtc": "2023-11-14T06:03:14Z",
          "UpdatedTimestamp": "2023-11-14T13:44:17Z",
          "UpdatedTimestampUtc": "2023-11-14T06:44:17Z",
          "NumViolations": 2,
          "ViolationComments": "RC : EFO PARAMETER TOO HIGH CA : ADJUST CURRENT PARAMETER FROM 60 TO 59 TECH : DITA",
          "ViolationList": "1,3",
          "PrimaryViolation": "1",
          "PrimaryViolationComments": "RC : EFO PARAMETER TOO HIGH CA : ADJUST CURRENT PARAMETER FROM 60 TO 59 TECH : DITA",
          "SampleMean": 23.7,
          "SampleMin": 21.0,
          "SampleMax": 25.4,
          "SampleMedian": 24.1,
          "SampleStdev": 1.62326830807479,
          "SampleQ1": 23.9,
          "SampleQ3": 24.1,
          "SampleSize": 5
        }
      ],
      "CFComment": "FOL",
      "FourDReport": "*",
      "Data_flat_Limits": {
        "CKC_ID": "519",
        "MeasurementSpecLimits": {
          "SpecHighEnabled": "Y",
          "SpecLowEnabled": "Y",
          "spec_high": 24.0,
          "spec_low": 9.0,
          "target": 16.5
        },
        "ControlLimits": {
          "ctrl_mean_low": 11.25,
          "CtrlMeanLowEnabled": "Y",
          "ctrl_mean_target": 16.5,
          "CtrlMeanTargetEnabled": "Y",
          "ctrl_mean_high": 21.75,
          "CtrlMeanHighEnabled": "Y",
          "CtrlLowEnabled": "N",
          "CtrlHighEnabled": "N",
          "CtrlStdevLowEnabled": "N",
          "CtrlSigmaCenterEnabled": "N",
          "CtrlRangeCenterEnabled": "Y",
          "CtrlCenterEnabled": "N",
          "CtrlStdevHighEnabled": "N",
          "CtrlRangeLowEnabled": "N",
          "ctrl_range_target": 0.0,
          "ctrl_range_high": 15.0,
          "CtrlRangeHighEnabled": "Y"
        }
      },
      "Data_flat_MeasurementAggregates": {
        "exec_count": 5,
        "base_count": 5,
        "flagged_count": 0,
        "mean": 23.7,
        "median": 24.1,
        "stdev": 1.4518953130305225,
        "range": 4.399999999999999,
        "min": 21.0,
        "max": 25.4,
        "q02": 21.232,
        "q05": 21.580000000000002,
        "q25": 23.9,
        "q75": 24.1,
        "q95": 25.139999999999997,
        "q98": 25.296,
        "NumViolations": 2,
        "ViolationComments": "RC : EFO PARAMETER TOO HIGH CA : ADJUST CURRENT PARAMETER FROM 60 TO 59 TECH : DITA",
        "ViolationList": "1, 3",
        "PrimaryViolation": "1",
        "PrimaryViolationComments": "RC : EFO PARAMETER TOO HIGH CA : ADJUST CURRENT PARAMETER FROM 60 TO 59 TECH : DITA",
        "Samples": "240184639"
      },
      "ParameterName": "GoldBallHeightBump",
      "ParameterUnit": "um",
      "ChannelId": "68003",
      "SourceDataLevel": "C",
      "channel_name": "Ball_Height AU 30um Bump",
      "RvStoreFlag": "Y",
      "created_timestamp_utc": "2023-11-14T06:03:14Z",
      "created_timestamp": "2023-11-14T13:03:14Z",
      "updated_timestamp_utc": "2023-11-14T06:44:17Z",
      "updated_timestamp": "2023-11-14T13:44:17Z"
    }
  ],
  "Document": {
    "Version": "1.0",
    "Type": "ProcessControl",
    "Repetition": {
      "Id": "0",
      "IdBaseValue": "2023-11-14T06:44:17Z"
    }
  },
  "ProductionAction": {
    "Id": "SPACEAGGED2:BAT:BE:BE1I:Wire_Bond1:",
    "Type": "SpaceAggregation"
  },
  "Item": {
    "Id": "Measlot:",
    "IdSystemName": "Measlot",
    "Type": "Lot"
  },
  "SystemLog": {
    "UniqueSourceKey": "BAT:BE:RU243389B26:BE1I:Wire_Bond1:GoldBallHeightBump:68003:240184639:519",
    "ExtractedTimestampUtc": "0001-01-01T00:00:00",
    "EnqueuedTimestampUtc": "0001-01-01T00:00:00",
    "DocCreatedTimestampUtc": "2023-11-14T13:03:13Z",
    "QueueOffset": 0,
    "QueuePartition": 0
  },
  "SearchPatterns": {
    "SpaceKey": "Measlot::SPACEAGGED2:BAT:BE:BE1I:Wire_Bond1::ProcessControl:1.0",
    "TimeGroup": "0",
    "SiteKey": "BAT"
  }
}