{
  "Data_flat_Metadata": {
    "ParameterOper": "Wire_Bond1",
    "ParameterFacility": "BE1I",
    "SiteKey": "BAT",
    "SpaceInstanceName": "BE",
    "BeginTimestampUtc": "2023-11-14T02:12:30Z",
    "BeginTimestamp": "2023-11-14T09:12:30Z",
    "EndTimestampUtc": "2023-11-14T02:12:30Z",
    "EndTimestamp": "2023-11-14T09:12:30Z"
  },
  "Data_flat_StrangeMetadata": {
    "Device": "S8803B",
    "ParameterClass": "PPAP",
    "Segment": "WB"
  },
  "Data_1list_Parameters": [
    {
      "Data_1list_RawValues": [
        {
          "Seqnr": 2,
          "SampleId": 240170467,
          "Value": 41.387,
          "is_flagged": "N",
          "SampleTimestamp": "2023-11-14T09:12:30Z",
          "SampleTimestampUtc": "2023-11-14T02:12:30Z",
          "CreatedTimestamp": "2023-11-14T09:12:30Z",
          "CreatedTimestampUtc": "2023-11-14T02:12:30Z",
          "UpdatedTimestamp": "2023-11-14T14:12:22Z",
          "UpdatedTimestampUtc": "2023-11-14T07:12:22Z",
          "NumViolations": 1,
          "ViolationComments": "r c : wire feed correction too low c a : inc wire feed correction from 0 to 20 agus --- 2023-11-14 14:12:22 iscw8cc2082mw1 --- RC : WIRE FEED CORRECTION TOO LOW CA : ADJUST WIRE FEED CORRECTION 300 - 330  OKI",
          "ViolationList": "10",
          "PrimaryViolation": "10",
          "PrimaryViolationComments": "r c : wire feed correction too low c a : inc wire feed correction from 0 to 20 agus --- 2023-11-14 14:12:22 iscw8cc2082mw1 --- RC : WIRE FEED CORRECTION TOO LOW CA : ADJUST WIRE FEED CORRECTION 300 - 330  OKI",
          "SampleMean": 41.7658,
          "SampleMin": 36.497,
          "SampleMax": 46.522,
          "SampleMedian": 41.387,
          "SampleStdev": 3.83609797841505,
          "SampleQ1": 40.219,
          "SampleQ3": 44.204,
          "SampleSize": 5
        },
        {
          "Seqnr": 1,
          "SampleId": 240170467,
          "Value": 46.522,
          "is_flagged": "N",
          "SampleTimestamp": "2023-11-14T09:12:30Z",
          "SampleTimestampUtc": "2023-11-14T02:12:30Z",
          "CreatedTimestamp": "2023-11-14T09:12:30Z",
          "CreatedTimestampUtc": "2023-11-14T02:12:30Z",
          "UpdatedTimestamp": "2023-11-14T14:12:22Z",
          "UpdatedTimestampUtc": "2023-11-14T07:12:22Z",
          "NumViolations": 1,
          "ViolationComments": "r c : wire feed correction too low c a : inc wire feed correction from 0 to 20 agus --- 2023-11-14 14:12:22 iscw8cc2082mw1 --- RC : WIRE FEED CORRECTION TOO LOW CA : ADJUST WIRE FEED CORRECTION 300 - 330  OKI",
          "ViolationList": "10",
          "PrimaryViolation": "10",
          "PrimaryViolationComments": "r c : wire feed correction too low c a : inc wire feed correction from 0 to 20 agus --- 2023-11-14 14:12:22 iscw8cc2082mw1 --- RC : WIRE FEED CORRECTION TOO LOW CA : ADJUST WIRE FEED CORRECTION 300 - 330  OKI",
          "SampleMean": 41.7658,
          "SampleMin": 36.497,
          "SampleMax": 46.522,
          "SampleMedian": 41.387,
          "SampleStdev": 3.83609797841505,
          "SampleQ1": 40.219,
          "SampleQ3": 44.204,
          "SampleSize": 5
        },
        {
          "Seqnr": 4,
          "SampleId": 240170467,
          "Value": 40.219,
          "is_flagged": "N",
          "SampleTimestamp": "2023-11-14T09:12:30Z",
          "SampleTimestampUtc": "2023-11-14T02:12:30Z",
          "CreatedTimestamp": "2023-11-14T09:12:30Z",
          "CreatedTimestampUtc": "2023-11-14T02:12:30Z",
          "UpdatedTimestamp": "2023-11-14T14:12:22Z",
          "UpdatedTimestampUtc": "2023-11-14T07:12:22Z",
          "NumViolations": 1,
          "ViolationComments": "r c : wire feed correction too low c a : inc wire feed correction from 0 to 20 agus --- 2023-11-14 14:12:22 iscw8cc2082mw1 --- RC : WIRE FEED CORRECTION TOO LOW CA : ADJUST WIRE FEED CORRECTION 300 - 330  OKI",
          "ViolationList": "10",
          "PrimaryViolation": "10",
          "PrimaryViolationComments": "r c : wire feed correction too low c a : inc wire feed correction from 0 to 20 agus --- 2023-11-14 14:12:22 iscw8cc2082mw1 --- RC : WIRE FEED CORRECTION TOO LOW CA : ADJUST WIRE FEED CORRECTION 300 - 330  OKI",
          "SampleMean": 41.7658,
          "SampleMin": 36.497,
          "SampleMax": 46.522,
          "SampleMedian": 41.387,
          "SampleStdev": 3.83609797841505,
          "SampleQ1": 40.219,
          "SampleQ3": 44.204,
          "SampleSize": 5
        },
        {
          "Seqnr": 3,
          "SampleId": 240170467,
          "Value": 44.204,
          "is_flagged": "N",
          "SampleTimestamp": "2023-11-14T09:12:30Z",
          "SampleTimestampUtc": "2023-11-14T02:12:30Z",
          "CreatedTimestamp": "2023-11-14T09:12:30Z",
          "CreatedTimestampUtc": "2023-11-14T02:12:30Z",
          "UpdatedTimestamp": "2023-11-14T14:12:22Z",
          "UpdatedTimestampUtc": "2023-11-14T07:12:22Z",
          "NumViolations": 1,
          "ViolationComments": "r c : wire feed correction too low c a : inc wire feed correction from 0 to 20 agus --- 2023-11-14 14:12:22 iscw8cc2082mw1 --- RC : WIRE FEED CORRECTION TOO LOW CA : ADJUST WIRE FEED CORRECTION 300 - 330  OKI",
          "ViolationList": "10",
          "PrimaryViolation": "10",
          "PrimaryViolationComments": "r c : wire feed correction too low c a : inc wire feed correction from 0 to 20 agus --- 2023-11-14 14:12:22 iscw8cc2082mw1 --- RC : WIRE FEED CORRECTION TOO LOW CA : ADJUST WIRE FEED CORRECTION 300 - 330  OKI",
          "SampleMean": 41.7658,
          "SampleMin": 36.497,
          "SampleMax": 46.522,
          "SampleMedian": 41.387,
          "SampleStdev": 3.83609797841505,
          "SampleQ1": 40.219,
          "SampleQ3": 44.204,
          "SampleSize": 5
        },
        {
          "Seqnr": 5,
          "SampleId": 240170467,
          "Value": 36.497,
          "is_flagged": "N",
          "SampleTimestamp": "2023-11-14T09:12:30Z",
          "SampleTimestampUtc": "2023-11-14T02:12:30Z",
          "CreatedTimestamp": "2023-11-14T09:12:30Z",
          "CreatedTimestampUtc": "2023-11-14T02:12:30Z",
          "UpdatedTimestamp": "2023-11-14T14:12:22Z",
          "UpdatedTimestampUtc": "2023-11-14T07:12:22Z",
          "NumViolations": 1,
          "ViolationComments": "r c : wire feed correction too low c a : inc wire feed correction from 0 to 20 agus --- 2023-11-14 14:12:22 iscw8cc2082mw1 --- RC : WIRE FEED CORRECTION TOO LOW CA : ADJUST WIRE FEED CORRECTION 300 - 330  OKI",
          "ViolationList": "10",
          "PrimaryViolation": "10",
          "PrimaryViolationComments": "r c : wire feed correction too low c a : inc wire feed correction from 0 to 20 agus --- 2023-11-14 14:12:22 iscw8cc2082mw1 --- RC : WIRE FEED CORRECTION TOO LOW CA : ADJUST WIRE FEED CORRECTION 300 - 330  OKI",
          "SampleMean": 41.7658,
          "SampleMin": 36.497,
          "SampleMax": 46.522,
          "SampleMedian": 41.387,
          "SampleStdev": 3.83609797841505,
          "SampleQ1": 40.219,
          "SampleQ3": 44.204,
          "SampleSize": 5
        }
      ],
      "CFComment": "FOL",
      "FourDReport": "*",
      "Data_flat_Limits": {
        "CKC_ID": "16",
        "MeasurementSpecLimits": {
          "SpecHighEnabled": "N",
          "SpecLowEnabled": "Y",
          "spec_low": 10.0,
          "target": 20.0
        },
        "ControlLimits": {
          "ctrl_mean_low": 36.38535170871,
          "CtrlMeanLowEnabled": "Y",
          "ctrl_mean_target": 44.881127046131,
          "CtrlMeanTargetEnabled": "Y",
          "ctrl_mean_high": 53.3769023835519,
          "CtrlMeanHighEnabled": "Y",
          "CtrlLowEnabled": "N",
          "CtrlHighEnabled": "N",
          "ctrl_stdev_low": 0.244502118600319,
          "CtrlStdevLowEnabled": "Y",
          "CtrlSigmaCenterEnabled": "N",
          "CtrlRangeCenterEnabled": "Y",
          "CtrlCenterEnabled": "N",
          "CtrlStdevHighEnabled": "N",
          "ctrl_range_low": 0.687968768320747,
          "CtrlRangeLowEnabled": "Y",
          "ctrl_range_target": 4.11534835713174,
          "ctrl_range_high": 13.969358381041,
          "CtrlRangeHighEnabled": "Y"
        }
      },
      "Data_flat_MeasurementAggregates": {
        "exec_count": 5,
        "base_count": 5,
        "flagged_count": 0,
        "mean": 41.7658,
        "median": 41.387,
        "stdev": 3.431110339234225,
        "range": 10.024999999999999,
        "min": 36.497,
        "max": 46.522,
        "q02": 36.794760000000004,
        "q05": 37.2414,
        "q25": 40.219,
        "q75": 44.204,
        "q95": 46.0584,
        "q98": 46.33656,
        "NumViolations": 1,
        "ViolationComments": "r c : wire feed correction too low c a : inc wire feed correction from 0 to 20 agus --- 2023-11-14 14:12:22 iscw8cc2082mw1 --- RC : WIRE FEED CORRECTION TOO LOW CA : ADJUST WIRE FEED CORRECTION 300 - 330  OKI",
        "ViolationList": "10",
        "PrimaryViolation": "10",
        "PrimaryViolationComments": "r c : wire feed correction too low c a : inc wire feed correction from 0 to 20 agus --- 2023-11-14 14:12:22 iscw8cc2082mw1 --- RC : WIRE FEED CORRECTION TOO LOW CA : ADJUST WIRE FEED CORRECTION 300 - 330  OKI",
        "Samples": "240170467"
      },
      "ParameterName": "WirePull",
      "ParameterUnit": "g",
      "ChannelId": "57747",
      "SourceDataLevel": "C",
      "channel_name": "Wire_PullForce CU 50um PDS36 CU6 LSS",
      "channel_description": "LSS",
      "RvStoreFlag": "Y",
      "created_timestamp_utc": "2023-11-14T02:12:30Z",
      "created_timestamp": "2023-11-14T09:12:30Z",
      "updated_timestamp_utc": "2023-11-14T07:12:22Z",
      "updated_timestamp": "2023-11-14T14:12:22Z"
    }
  ],
  "Document": {
    "Version": "1.0",
    "Type": "ProcessControl",
    "Repetition": {
      "Id": "0",
      "IdBaseValue": "2023-11-14T07:12:22Z"
    }
  },
  "ProductionAction": {
    "Id": "SPACEAGGED2:BAT:BE:BE1I:Wire_Bond1:",
    "Type": "SpaceAggregation"
  },
  "Item": {
    "Id": "Measlot:",
    "IdSystemName": "Measlot",
    "Type": "Lot"
  },
  "SystemLog": {
    "UniqueSourceKey": "BAT:BE:RU320233B01:BE1I:Wire_Bond1:WirePull:57747:240170467:16",
    "ExtractedTimestampUtc": "0001-01-01T00:00:00",
    "EnqueuedTimestampUtc": "0001-01-01T00:00:00",
    "DocCreatedTimestampUtc": "2023-11-14T09:12:30Z",
    "QueueOffset": 0,
    "QueuePartition": 0
  },
  "SearchPatterns": {
    "SpaceKey": "Measlot::SPACEAGGED2:BAT:BE:BE1I:Wire_Bond1::ProcessControl:1.0",
    "TimeGroup": "0",
    "SiteKey": "BAT"
  }
}