{
  "Data_flat_Metadata": {
    "Baunumber": "70012651",
    "Line": "SOD323",
    "Shift": "C",
    "Process": "WireBond",
    "MeasLot": "VC327640C02",
    "ParameterOper": "D_WireBond",
    "ParameterFacility": "ACWUS",
    "SiteKey": "WUX",
    "SpaceInstanceName": "BE",
    "BeginTimestampUtc": "2023-10-06T07:32:57Z",
    "BeginTimestamp": "2023-10-06T15:32:57Z",
    "EndTimestampUtc": "2023-10-06T07:32:57Z",
    "EndTimestamp": "2023-10-06T15:32:57Z",
    "Equipment": "DS-S56"
  },
  "Data_flat_StrangeMetadata": {
    "Package": "PG-SOD323-2-1",
    "SalesName": "BAT 165 E6874",
    "BusinessSegment": "55",
    "Wiresize": "Au wire 38um",
    "ChipType": "D0327H00011",
    "Operator": "30073142"
  },
  "Data_1list_Parameters": [
    {
      "Data_1list_RawValues": [
        {
          "Seqnr": 3,
          "SampleId": 200698694,
          "Value": 30.0,
          "is_flagged": "N",
          "SampleTimestamp": "2023-10-06T15:32:57Z",
          "SampleTimestampUtc": "2023-10-06T07:32:57Z",
          "CreatedTimestamp": "2023-10-06T15:32:57Z",
          "CreatedTimestampUtc": "2023-10-06T07:32:57Z",
          "UpdatedTimestamp": "2023-10-06T15:32:57Z",
          "UpdatedTimestampUtc": "2023-10-06T07:32:57Z",
          "NumViolations": 0,
          "SampleMean": 30.2,
          "SampleMin": 29.5,
          "SampleMax": 30.8,
          "SampleMedian": 30.2,
          "SampleStdev": 0.465985898008574,
          "SampleQ1": 29.875,
          "SampleQ3": 30.55,
          "SampleSize": 8
        },
        {
          "Seqnr": 8,
          "SampleId": 200698694,
          "Value": 29.9,
          "is_flagged": "N",
          "SampleTimestamp": "2023-10-06T15:32:57Z",
          "SampleTimestampUtc": "2023-10-06T07:32:57Z",
          "CreatedTimestamp": "2023-10-06T15:32:57Z",
          "CreatedTimestampUtc": "2023-10-06T07:32:57Z",
          "UpdatedTimestamp": "2023-10-06T15:32:57Z",
          "UpdatedTimestampUtc": "2023-10-06T07:32:57Z",
          "NumViolations": 0,
          "SampleMean": 30.2,
          "SampleMin": 29.5,
          "SampleMax": 30.8,
          "SampleMedian": 30.2,
          "SampleStdev": 0.465985898008574,
          "SampleQ1": 29.875,
          "SampleQ3": 30.55,
          "SampleSize": 8
        },
        {
          "Seqnr": 7,
          "SampleId": 200698694,
          "Value": 30.4,
          "is_flagged": "N",
          "SampleTimestamp": "2023-10-06T15:32:57Z",
          "SampleTimestampUtc": "2023-10-06T07:32:57Z",
          "CreatedTimestamp": "2023-10-06T15:32:57Z",
          "CreatedTimestampUtc": "2023-10-06T07:32:57Z",
          "UpdatedTimestamp": "2023-10-06T15:32:57Z",
          "UpdatedTimestampUtc": "2023-10-06T07:32:57Z",
          "NumViolations": 0,
          "SampleMean": 30.2,
          "SampleMin": 29.5,
          "SampleMax": 30.8,
          "SampleMedian": 30.2,
          "SampleStdev": 0.465985898008574,
          "SampleQ1": 29.875,
          "SampleQ3": 30.55,
          "SampleSize": 8
        },
        {
          "Seqnr": 6,
          "SampleId": 200698694,
          "Value": 30.5,
          "is_flagged": "N",
          "SampleTimestamp": "2023-10-06T15:32:57Z",
          "SampleTimestampUtc": "2023-10-06T07:32:57Z",
          "CreatedTimestamp": "2023-10-06T15:32:57Z",
          "CreatedTimestampUtc": "2023-10-06T07:32:57Z",
          "UpdatedTimestamp": "2023-10-06T15:32:57Z",
          "UpdatedTimestampUtc": "2023-10-06T07:32:57Z",
          "NumViolations": 0,
          "SampleMean": 30.2,
          "SampleMin": 29.5,
          "SampleMax": 30.8,
          "SampleMedian": 30.2,
          "SampleStdev": 0.465985898008574,
          "SampleQ1": 29.875,
          "SampleQ3": 30.55,
          "SampleSize": 8
        },
        {
          "Seqnr": 5,
          "SampleId": 200698694,
          "Value": 29.8,
          "is_flagged": "N",
          "SampleTimestamp": "2023-10-06T15:32:57Z",
          "SampleTimestampUtc": "2023-10-06T07:32:57Z",
          "CreatedTimestamp": "2023-10-06T15:32:57Z",
          "CreatedTimestampUtc": "2023-10-06T07:32:57Z",
          "UpdatedTimestamp": "2023-10-06T15:32:57Z",
          "UpdatedTimestampUtc": "2023-10-06T07:32:57Z",
          "NumViolations": 0,
          "SampleMean": 30.2,
          "SampleMin": 29.5,
          "SampleMax": 30.8,
          "SampleMedian": 30.2,
          "SampleStdev": 0.465985898008574,
          "SampleQ1": 29.875,
          "SampleQ3": 30.55,
          "SampleSize": 8
        },
        {
          "Seqnr": 4,
          "SampleId": 200698694,
          "Value": 30.8,
          "is_flagged": "N",
          "SampleTimestamp": "2023-10-06T15:32:57Z",
          "SampleTimestampUtc": "2023-10-06T07:32:57Z",
          "CreatedTimestamp": "2023-10-06T15:32:57Z",
          "CreatedTimestampUtc": "2023-10-06T07:32:57Z",
          "UpdatedTimestamp": "2023-10-06T15:32:57Z",
          "UpdatedTimestampUtc": "2023-10-06T07:32:57Z",
          "NumViolations": 0,
          "SampleMean": 30.2,
          "SampleMin": 29.5,
          "SampleMax": 30.8,
          "SampleMedian": 30.2,
          "SampleStdev": 0.465985898008574,
          "SampleQ1": 29.875,
          "SampleQ3": 30.55,
          "SampleSize": 8
        },
        {
          "Seqnr": 2,
          "SampleId": 200698694,
          "Value": 30.7,
          "is_flagged": "N",
          "SampleTimestamp": "2023-10-06T15:32:57Z",
          "SampleTimestampUtc": "2023-10-06T07:32:57Z",
          "CreatedTimestamp": "2023-10-06T15:32:57Z",
          "CreatedTimestampUtc": "2023-10-06T07:32:57Z",
          "UpdatedTimestamp": "2023-10-06T15:32:57Z",
          "UpdatedTimestampUtc": "2023-10-06T07:32:57Z",
          "NumViolations": 0,
          "SampleMean": 30.2,
          "SampleMin": 29.5,
          "SampleMax": 30.8,
          "SampleMedian": 30.2,
          "SampleStdev": 0.465985898008574,
          "SampleQ1": 29.875,
          "SampleQ3": 30.55,
          "SampleSize": 8
        },
        {
          "Seqnr": 1,
          "SampleId": 200698694,
          "Value": 29.5,
          "is_flagged": "N",
          "SampleTimestamp": "2023-10-06T15:32:57Z",
          "SampleTimestampUtc": "2023-10-06T07:32:57Z",
          "CreatedTimestamp": "2023-10-06T15:32:57Z",
          "CreatedTimestampUtc": "2023-10-06T07:32:57Z",
          "UpdatedTimestamp": "2023-10-06T15:32:57Z",
          "UpdatedTimestampUtc": "2023-10-06T07:32:57Z",
          "NumViolations": 0,
          "SampleMean": 30.2,
          "SampleMin": 29.5,
          "SampleMax": 30.8,
          "SampleMedian": 30.2,
          "SampleStdev": 0.465985898008574,
          "SampleQ1": 29.875,
          "SampleQ3": 30.55,
          "SampleSize": 8
        }
      ],
      "ParameterClass": "NON_PPAP",
      "Segment": "DS",
      "Module": "M1_ASSY",
      "FourDReport": "*",
      "Data_flat_Limits": {
        "CKC_ID": "0",
        "MeasurementSpecLimits": {
          "SpecHighEnabled": "Y",
          "SpecLowEnabled": "Y",
          "spec_high": 38.0,
          "spec_low": 19.0,
          "target": 28.5
        },
        "ControlLimits": {
          "ctrl_mean_low": 24.8896233993906,
          "CtrlMeanLowEnabled": "Y",
          "ctrl_mean_target": 28.9572041233868,
          "CtrlMeanTargetEnabled": "Y",
          "ctrl_mean_high": 33.024784847383,
          "CtrlMeanHighEnabled": "Y",
          "ctrl_low": 24.0000978038884,
          "CtrlLowEnabled": "Y",
          "ctrl_target": 28.9570619469026,
          "ctrl_high": 33.9140260899169,
          "CtrlHighEnabled": "Y",
          "CtrlStdevLowEnabled": "N",
          "CtrlSigmaCenterEnabled": "Y",
          "CtrlRangeCenterEnabled": "Y",
          "CtrlCenterEnabled": "Y",
          "ctrl_stdev_target": 0.583862693698425,
          "ctrl_stdev_high": 2.15608484464821,
          "CtrlStdevHighEnabled": "Y",
          "CtrlRangeLowEnabled": "N",
          "ctrl_range_target": 1.70352362448543,
          "ctrl_range_high": 6.21103188423075,
          "CtrlRangeHighEnabled": "Y"
        }
      },
      "Data_flat_MeasurementAggregates": {
        "exec_count": 8,
        "base_count": 8,
        "flagged_count": 0,
        "mean": 30.2,
        "median": 30.2,
        "stdev": 0.43588989435406733,
        "range": 1.3000000000000007,
        "min": 29.5,
        "max": 30.8,
        "q02": 29.542,
        "q05": 29.604999999999997,
        "q25": 29.874999999999996,
        "q75": 30.55,
        "q95": 30.765,
        "q98": 30.785999999999998,
        "NumViolations": 0,
        "Samples": "200698694"
      },
      "ParameterName": "Ball Height",
      "ParameterUnit": "um",
      "ChannelId": "25175",
      "SourceDataLevel": "C",
      "channel_name": "Ball_Height SOD323 Au 38um",
      "channel_description": "Created from LDS  exclude list by  action 'Create SPC Channel'",
      "RvStoreFlag": "Y",
      "created_timestamp_utc": "2023-10-06T07:32:57Z",
      "created_timestamp": "2023-10-06T15:32:57Z",
      "updated_timestamp_utc": "2023-10-06T07:32:57Z",
      "updated_timestamp": "2023-10-06T15:32:57Z"
    }
  ],
  "Document": {
    "Version": "1.0",
    "Type": "ProcessControl",
    "Repetition": {
      "Id": "0",
      "IdBaseValue": "2023-10-06T07:32:57Z"
    }
  },
  "ProductionAction": {
    "Id": "SPACEAGGED2:WUX:BE:ACWUS:D_WireBond:",
    "Type": "SpaceAggregation"
  },
  "Item": {
    "Id": "Measlot:VC327640C02",
    "IdSystemName": "Measlot",
    "Type": "Lot"
  },
  "SystemLog": {
    "UniqueSourceKey": "WUX:BE:VC327640C02:ACWUS:D_WireBond:Ball Height:25175:200698694:0",
    "ExtractedTimestampUtc": "0001-01-01T00:00:00",
    "EnqueuedTimestampUtc": "0001-01-01T00:00:00",
    "DocCreatedTimestampUtc": "2023-10-06T15:32:57Z",
    "QueueOffset": 0,
    "QueuePartition": 0
  },
  "SearchPatterns": {
    "SpaceKey": "Measlot:VC327640C02:SPACEAGGED2:WUX:BE:ACWUS:D_WireBond::ProcessControl:1.0",
    "TimeGroup": "0",
    "SiteKey": "WUX"
  }
}