{
  "Data_flat_Metadata": {
    "Baunumber": "70012864",
    "GaugeID": "0.8",
    "Line": "SOT23-8UP",
    "Shift": "C",
    "Process": "WireBond",
    "MeasLot": "VE335969C03",
    "ParameterOper": "D_WireBond_Mould",
    "ParameterFacility": "ACWUS",
    "SiteKey": "WUX",
    "SpaceInstanceName": "BE",
    "BeginTimestampUtc": "2023-10-06T07:08:23Z",
    "BeginTimestamp": "2023-10-06T15:08:23Z",
    "EndTimestampUtc": "2023-10-06T07:08:23Z",
    "EndTimestamp": "2023-10-06T15:08:23Z",
    "Equipment": "DS-S519"
  },
  "Data_flat_StrangeMetadata": {
    "Package": "PG-SOT23-3-5",
    "SalesName": "BSS308PE H6327",
    "BusinessSegment": "15",
    "Wiresize": "Cu wire 43um",
    "SolderGlue": "null",
    "DieSize": "0.8",
    "ChipType": "L8062B65221",
    "Operator": "30075946",
    "CartridgeID": "DT0001",
    "Grade": "."
  },
  "Data_1list_Parameters": [
    {
      "Data_1list_RawValues": [
        {
          "Wafer": "-",
          "Seqnr": 7,
          "SampleId": 200697447,
          "Value": 34.776,
          "is_flagged": "N",
          "SampleTimestamp": "2023-10-06T15:08:23Z",
          "SampleTimestampUtc": "2023-10-06T07:08:23Z",
          "CreatedTimestamp": "2023-10-06T15:08:23Z",
          "CreatedTimestampUtc": "2023-10-06T07:08:23Z",
          "UpdatedTimestamp": "2023-10-06T15:08:23Z",
          "UpdatedTimestampUtc": "2023-10-06T07:08:23Z",
          "NumViolations": 0,
          "SampleMean": 34.368625,
          "SampleMin": 29.558,
          "SampleMax": 36.731,
          "SampleMedian": 34.8535,
          "SampleStdev": 2.39595885592506,
          "SampleQ1": 34.0665,
          "SampleQ3": 35.86125,
          "SampleSize": 8
        },
        {
          "Wafer": "-",
          "Seqnr": 8,
          "SampleId": 200697447,
          "Value": 29.558,
          "is_flagged": "N",
          "SampleTimestamp": "2023-10-06T15:08:23Z",
          "SampleTimestampUtc": "2023-10-06T07:08:23Z",
          "CreatedTimestamp": "2023-10-06T15:08:23Z",
          "CreatedTimestampUtc": "2023-10-06T07:08:23Z",
          "UpdatedTimestamp": "2023-10-06T15:08:23Z",
          "UpdatedTimestampUtc": "2023-10-06T07:08:23Z",
          "NumViolations": 0,
          "SampleMean": 34.368625,
          "SampleMin": 29.558,
          "SampleMax": 36.731,
          "SampleMedian": 34.8535,
          "SampleStdev": 2.39595885592506,
          "SampleQ1": 34.0665,
          "SampleQ3": 35.86125,
          "SampleSize": 8
        },
        {
          "Wafer": "-",
          "Seqnr": 6,
          "SampleId": 200697447,
          "Value": 34.931,
          "is_flagged": "N",
          "SampleTimestamp": "2023-10-06T15:08:23Z",
          "SampleTimestampUtc": "2023-10-06T07:08:23Z",
          "CreatedTimestamp": "2023-10-06T15:08:23Z",
          "CreatedTimestampUtc": "2023-10-06T07:08:23Z",
          "UpdatedTimestamp": "2023-10-06T15:08:23Z",
          "UpdatedTimestampUtc": "2023-10-06T07:08:23Z",
          "NumViolations": 0,
          "SampleMean": 34.368625,
          "SampleMin": 29.558,
          "SampleMax": 36.731,
          "SampleMedian": 34.8535,
          "SampleStdev": 2.39595885592506,
          "SampleQ1": 34.0665,
          "SampleQ3": 35.86125,
          "SampleSize": 8
        },
        {
          "Wafer": "-",
          "Seqnr": 5,
          "SampleId": 200697447,
          "Value": 36.426,
          "is_flagged": "N",
          "SampleTimestamp": "2023-10-06T15:08:23Z",
          "SampleTimestampUtc": "2023-10-06T07:08:23Z",
          "CreatedTimestamp": "2023-10-06T15:08:23Z",
          "CreatedTimestampUtc": "2023-10-06T07:08:23Z",
          "UpdatedTimestamp": "2023-10-06T15:08:23Z",
          "UpdatedTimestampUtc": "2023-10-06T07:08:23Z",
          "NumViolations": 0,
          "SampleMean": 34.368625,
          "SampleMin": 29.558,
          "SampleMax": 36.731,
          "SampleMedian": 34.8535,
          "SampleStdev": 2.39595885592506,
          "SampleQ1": 34.0665,
          "SampleQ3": 35.86125,
          "SampleSize": 8
        },
        {
          "Wafer": "-",
          "Seqnr": 4,
          "SampleId": 200697447,
          "Value": 34.706,
          "is_flagged": "N",
          "SampleTimestamp": "2023-10-06T15:08:23Z",
          "SampleTimestampUtc": "2023-10-06T07:08:23Z",
          "CreatedTimestamp": "2023-10-06T15:08:23Z",
          "CreatedTimestampUtc": "2023-10-06T07:08:23Z",
          "UpdatedTimestamp": "2023-10-06T15:08:23Z",
          "UpdatedTimestampUtc": "2023-10-06T07:08:23Z",
          "NumViolations": 0,
          "SampleMean": 34.368625,
          "SampleMin": 29.558,
          "SampleMax": 36.731,
          "SampleMedian": 34.8535,
          "SampleStdev": 2.39595885592506,
          "SampleQ1": 34.0665,
          "SampleQ3": 35.86125,
          "SampleSize": 8
        },
        {
          "Wafer": "-",
          "Seqnr": 3,
          "SampleId": 200697447,
          "Value": 36.731,
          "is_flagged": "N",
          "SampleTimestamp": "2023-10-06T15:08:23Z",
          "SampleTimestampUtc": "2023-10-06T07:08:23Z",
          "CreatedTimestamp": "2023-10-06T15:08:23Z",
          "CreatedTimestampUtc": "2023-10-06T07:08:23Z",
          "UpdatedTimestamp": "2023-10-06T15:08:23Z",
          "UpdatedTimestampUtc": "2023-10-06T07:08:23Z",
          "NumViolations": 0,
          "SampleMean": 34.368625,
          "SampleMin": 29.558,
          "SampleMax": 36.731,
          "SampleMedian": 34.8535,
          "SampleStdev": 2.39595885592506,
          "SampleQ1": 34.0665,
          "SampleQ3": 35.86125,
          "SampleSize": 8
        },
        {
          "Wafer": "-",
          "Seqnr": 2,
          "SampleId": 200697447,
          "Value": 32.148,
          "is_flagged": "N",
          "SampleTimestamp": "2023-10-06T15:08:23Z",
          "SampleTimestampUtc": "2023-10-06T07:08:23Z",
          "CreatedTimestamp": "2023-10-06T15:08:23Z",
          "CreatedTimestampUtc": "2023-10-06T07:08:23Z",
          "UpdatedTimestamp": "2023-10-06T15:08:23Z",
          "UpdatedTimestampUtc": "2023-10-06T07:08:23Z",
          "NumViolations": 0,
          "SampleMean": 34.368625,
          "SampleMin": 29.558,
          "SampleMax": 36.731,
          "SampleMedian": 34.8535,
          "SampleStdev": 2.39595885592506,
          "SampleQ1": 34.0665,
          "SampleQ3": 35.86125,
          "SampleSize": 8
        },
        {
          "Wafer": "-",
          "Seqnr": 1,
          "SampleId": 200697447,
          "Value": 35.673,
          "is_flagged": "N",
          "SampleTimestamp": "2023-10-06T15:08:23Z",
          "SampleTimestampUtc": "2023-10-06T07:08:23Z",
          "CreatedTimestamp": "2023-10-06T15:08:23Z",
          "CreatedTimestampUtc": "2023-10-06T07:08:23Z",
          "UpdatedTimestamp": "2023-10-06T15:08:23Z",
          "UpdatedTimestampUtc": "2023-10-06T07:08:23Z",
          "NumViolations": 0,
          "SampleMean": 34.368625,
          "SampleMin": 29.558,
          "SampleMax": 36.731,
          "SampleMedian": 34.8535,
          "SampleStdev": 2.39595885592506,
          "SampleQ1": 34.0665,
          "SampleQ3": 35.86125,
          "SampleSize": 8
        }
      ],
      "ParameterClass": "NON_PPAP",
      "Segment": "DS",
      "Module": "M1_ASSY",
      "FourDReport": "*",
      "Data_flat_Limits": {
        "CKC_ID": "0",
        "MeasurementSpecLimits": {
          "SpecHighEnabled": "N",
          "SpecLowEnabled": "Y",
          "spec_low": 9.0,
          "target": 28.0
        },
        "ControlLimits": {
          "ctrl_mean_low": 21.082331423304,
          "CtrlMeanLowEnabled": "Y",
          "ctrl_mean_target": 28.3275078596038,
          "CtrlMeanTargetEnabled": "Y",
          "ctrl_mean_high": 35.5726842959035,
          "CtrlMeanHighEnabled": "Y",
          "ctrl_low": 17.5080622691884,
          "CtrlLowEnabled": "Y",
          "ctrl_target": 28.3272942884802,
          "ctrl_high": 39.1465263077719,
          "CtrlHighEnabled": "Y",
          "CtrlStdevLowEnabled": "N",
          "CtrlSigmaCenterEnabled": "Y",
          "CtrlRangeCenterEnabled": "Y",
          "CtrlCenterEnabled": "Y",
          "ctrl_stdev_target": 1.76698688822979,
          "ctrl_stdev_high": 5.42706800609763,
          "CtrlStdevHighEnabled": "Y",
          "CtrlRangeLowEnabled": "N",
          "ctrl_range_target": 5.16094649975764,
          "ctrl_range_high": 18.0766348787636,
          "CtrlRangeHighEnabled": "Y"
        }
      },
      "Data_flat_MeasurementAggregates": {
        "exec_count": 8,
        "base_count": 8,
        "flagged_count": 0,
        "mean": 34.368624999999994,
        "median": 34.8535,
        "stdev": 2.2412142879196093,
        "range": 7.173000000000002,
        "min": 29.558,
        "max": 36.731,
        "q02": 29.9206,
        "q05": 30.4645,
        "q25": 34.066500000000005,
        "q75": 35.86125,
        "q95": 36.62425,
        "q98": 36.6883,
        "NumViolations": 0,
        "Samples": "200697447"
      },
      "ParameterName": "StitchPull",
      "ParameterUnit": "g",
      "ChannelId": "33241",
      "SourceDataLevel": "C",
      "channel_name": "Stitch_PullForce SOT23-8UP Cu 43um",
      "channel_description": "Created from LDS  exclude list by  action 'Create SPC Channel'",
      "RvStoreFlag": "Y",
      "created_timestamp_utc": "2023-10-06T07:08:23Z",
      "created_timestamp": "2023-10-06T15:08:23Z",
      "updated_timestamp_utc": "2023-10-06T07:08:23Z",
      "updated_timestamp": "2023-10-06T15:08:23Z"
    }
  ],
  "Document": {
    "Version": "1.0",
    "Type": "ProcessControl",
    "Repetition": {
      "Id": "0",
      "IdBaseValue": "2023-10-06T07:08:23Z"
    }
  },
  "ProductionAction": {
    "Id": "SPACEAGGED2:WUX:BE:ACWUS:D_WireBond_Mould:",
    "Type": "SpaceAggregation"
  },
  "Item": {
    "Id": "Measlot:VE335969C03",
    "IdSystemName": "Measlot",
    "Type": "Lot"
  },
  "SystemLog": {
    "UniqueSourceKey": "WUX:BE:VE335969C03:ACWUS:D_WireBond_Mould:StitchPull:33241:200697447:0",
    "ExtractedTimestampUtc": "0001-01-01T00:00:00",
    "EnqueuedTimestampUtc": "0001-01-01T00:00:00",
    "DocCreatedTimestampUtc": "2023-10-06T15:08:23Z",
    "QueueOffset": 0,
    "QueuePartition": 0
  },
  "SearchPatterns": {
    "SpaceKey": "Measlot:VE335969C03:SPACEAGGED2:WUX:BE:ACWUS:D_WireBond_Mould::ProcessControl:1.0",
    "TimeGroup": "0",
    "SiteKey": "WUX"
  }
}