{
  "Data_flat_Metadata": {
    "Baunumber": "70012808",
    "Line": "TDSON8",
    "Shift": "C",
    "Process": "Plating",
    "MeasLot": "PF328438C01",
    "ParameterOper": "P_BeforeMTF_Visual_Inspection",
    "ParameterFacility": "ACWUS",
    "SiteKey": "WUX",
    "SpaceInstanceName": "BE",
    "BeginTimestampUtc": "2023-10-06T07:03:55Z",
    "BeginTimestamp": "2023-10-06T15:03:55Z",
    "EndTimestampUtc": "2023-10-06T07:03:55Z",
    "EndTimestamp": "2023-10-06T15:03:55Z",
    "Equipment": "WEN"
  },
  "Data_flat_StrangeMetadata": {
    "Package": "PG-TDSON-8-39",
    "SalesName": "BSC047N08NS3 G",
    "BusinessSegment": "18",
    "Operator": "30082736"
  },
  "Data_1list_Parameters": [
    {
      "Data_1list_RawValues": [
        {
          "process_tool": "Frontside lead",
          "Seqnr": 9,
          "SampleId": 200696982,
          "Value": 11.9,
          "is_flagged": "N",
          "SampleTimestamp": "2023-10-06T15:03:55Z",
          "SampleTimestampUtc": "2023-10-06T07:03:55Z",
          "CreatedTimestamp": "2023-10-06T15:03:55Z",
          "CreatedTimestampUtc": "2023-10-06T07:03:55Z",
          "UpdatedTimestamp": "2023-10-06T15:03:55Z",
          "UpdatedTimestampUtc": "2023-10-06T07:03:55Z",
          "NumViolations": 0,
          "SampleMean": 11.7777777777778,
          "SampleMin": 11.2,
          "SampleMax": 12.1,
          "SampleMedian": 11.9,
          "SampleStdev": 0.334580998331413,
          "SampleQ1": 11.9,
          "SampleQ3": 11.9,
          "SampleSize": 9
        },
        {
          "process_tool": "Frontside lead",
          "Seqnr": 7,
          "SampleId": 200696982,
          "Value": 12.0,
          "is_flagged": "N",
          "SampleTimestamp": "2023-10-06T15:03:55Z",
          "SampleTimestampUtc": "2023-10-06T07:03:55Z",
          "CreatedTimestamp": "2023-10-06T15:03:55Z",
          "CreatedTimestampUtc": "2023-10-06T07:03:55Z",
          "UpdatedTimestamp": "2023-10-06T15:03:55Z",
          "UpdatedTimestampUtc": "2023-10-06T07:03:55Z",
          "NumViolations": 0,
          "SampleMean": 11.7777777777778,
          "SampleMin": 11.2,
          "SampleMax": 12.1,
          "SampleMedian": 11.9,
          "SampleStdev": 0.334580998331413,
          "SampleQ1": 11.9,
          "SampleQ3": 11.9,
          "SampleSize": 9
        },
        {
          "process_tool": "Frontside lead",
          "Seqnr": 6,
          "SampleId": 200696982,
          "Value": 11.2,
          "is_flagged": "N",
          "SampleTimestamp": "2023-10-06T15:03:55Z",
          "SampleTimestampUtc": "2023-10-06T07:03:55Z",
          "CreatedTimestamp": "2023-10-06T15:03:55Z",
          "CreatedTimestampUtc": "2023-10-06T07:03:55Z",
          "UpdatedTimestamp": "2023-10-06T15:03:55Z",
          "UpdatedTimestampUtc": "2023-10-06T07:03:55Z",
          "NumViolations": 0,
          "SampleMean": 11.7777777777778,
          "SampleMin": 11.2,
          "SampleMax": 12.1,
          "SampleMedian": 11.9,
          "SampleStdev": 0.334580998331413,
          "SampleQ1": 11.9,
          "SampleQ3": 11.9,
          "SampleSize": 9
        },
        {
          "process_tool": "Frontside lead",
          "Seqnr": 5,
          "SampleId": 200696982,
          "Value": 11.9,
          "is_flagged": "N",
          "SampleTimestamp": "2023-10-06T15:03:55Z",
          "SampleTimestampUtc": "2023-10-06T07:03:55Z",
          "CreatedTimestamp": "2023-10-06T15:03:55Z",
          "CreatedTimestampUtc": "2023-10-06T07:03:55Z",
          "UpdatedTimestamp": "2023-10-06T15:03:55Z",
          "UpdatedTimestampUtc": "2023-10-06T07:03:55Z",
          "NumViolations": 0,
          "SampleMean": 11.7777777777778,
          "SampleMin": 11.2,
          "SampleMax": 12.1,
          "SampleMedian": 11.9,
          "SampleStdev": 0.334580998331413,
          "SampleQ1": 11.9,
          "SampleQ3": 11.9,
          "SampleSize": 9
        },
        {
          "process_tool": "Frontside lead",
          "Seqnr": 4,
          "SampleId": 200696982,
          "Value": 11.9,
          "is_flagged": "N",
          "SampleTimestamp": "2023-10-06T15:03:55Z",
          "SampleTimestampUtc": "2023-10-06T07:03:55Z",
          "CreatedTimestamp": "2023-10-06T15:03:55Z",
          "CreatedTimestampUtc": "2023-10-06T07:03:55Z",
          "UpdatedTimestamp": "2023-10-06T15:03:55Z",
          "UpdatedTimestampUtc": "2023-10-06T07:03:55Z",
          "NumViolations": 0,
          "SampleMean": 11.7777777777778,
          "SampleMin": 11.2,
          "SampleMax": 12.1,
          "SampleMedian": 11.9,
          "SampleStdev": 0.334580998331413,
          "SampleQ1": 11.9,
          "SampleQ3": 11.9,
          "SampleSize": 9
        },
        {
          "process_tool": "Frontside lead",
          "Seqnr": 3,
          "SampleId": 200696982,
          "Value": 11.2,
          "is_flagged": "N",
          "SampleTimestamp": "2023-10-06T15:03:55Z",
          "SampleTimestampUtc": "2023-10-06T07:03:55Z",
          "CreatedTimestamp": "2023-10-06T15:03:55Z",
          "CreatedTimestampUtc": "2023-10-06T07:03:55Z",
          "UpdatedTimestamp": "2023-10-06T15:03:55Z",
          "UpdatedTimestampUtc": "2023-10-06T07:03:55Z",
          "NumViolations": 0,
          "SampleMean": 11.7777777777778,
          "SampleMin": 11.2,
          "SampleMax": 12.1,
          "SampleMedian": 11.9,
          "SampleStdev": 0.334580998331413,
          "SampleQ1": 11.9,
          "SampleQ3": 11.9,
          "SampleSize": 9
        },
        {
          "process_tool": "Frontside lead",
          "Seqnr": 2,
          "SampleId": 200696982,
          "Value": 11.9,
          "is_flagged": "N",
          "SampleTimestamp": "2023-10-06T15:03:55Z",
          "SampleTimestampUtc": "2023-10-06T07:03:55Z",
          "CreatedTimestamp": "2023-10-06T15:03:55Z",
          "CreatedTimestampUtc": "2023-10-06T07:03:55Z",
          "UpdatedTimestamp": "2023-10-06T15:03:55Z",
          "UpdatedTimestampUtc": "2023-10-06T07:03:55Z",
          "NumViolations": 0,
          "SampleMean": 11.7777777777778,
          "SampleMin": 11.2,
          "SampleMax": 12.1,
          "SampleMedian": 11.9,
          "SampleStdev": 0.334580998331413,
          "SampleQ1": 11.9,
          "SampleQ3": 11.9,
          "SampleSize": 9
        },
        {
          "process_tool": "Frontside lead",
          "Seqnr": 1,
          "SampleId": 200696982,
          "Value": 12.1,
          "is_flagged": "N",
          "SampleTimestamp": "2023-10-06T15:03:55Z",
          "SampleTimestampUtc": "2023-10-06T07:03:55Z",
          "CreatedTimestamp": "2023-10-06T15:03:55Z",
          "CreatedTimestampUtc": "2023-10-06T07:03:55Z",
          "UpdatedTimestamp": "2023-10-06T15:03:55Z",
          "UpdatedTimestampUtc": "2023-10-06T07:03:55Z",
          "NumViolations": 0,
          "SampleMean": 11.7777777777778,
          "SampleMin": 11.2,
          "SampleMax": 12.1,
          "SampleMedian": 11.9,
          "SampleStdev": 0.334580998331413,
          "SampleQ1": 11.9,
          "SampleQ3": 11.9,
          "SampleSize": 9
        },
        {
          "process_tool": "Frontside lead",
          "Seqnr": 8,
          "SampleId": 200696982,
          "Value": 11.9,
          "is_flagged": "N",
          "SampleTimestamp": "2023-10-06T15:03:55Z",
          "SampleTimestampUtc": "2023-10-06T07:03:55Z",
          "CreatedTimestamp": "2023-10-06T15:03:55Z",
          "CreatedTimestampUtc": "2023-10-06T07:03:55Z",
          "UpdatedTimestamp": "2023-10-06T15:03:55Z",
          "UpdatedTimestampUtc": "2023-10-06T07:03:55Z",
          "NumViolations": 0,
          "SampleMean": 11.7777777777778,
          "SampleMin": 11.2,
          "SampleMax": 12.1,
          "SampleMedian": 11.9,
          "SampleStdev": 0.334580998331413,
          "SampleQ1": 11.9,
          "SampleQ3": 11.9,
          "SampleSize": 9
        }
      ],
      "process_tool": "Frontside lead",
      "ParameterClass": "PPAP",
      "Segment": "TDSON8",
      "Module": "M1_ASSY",
      "FourDReport": "*",
      "SpecialCharacteristics": "ISC",
      "Data_flat_Limits": {
        "CKC_ID": "0",
        "MeasurementSpecLimits": {
          "SpecHighEnabled": "Y",
          "SpecLowEnabled": "Y",
          "spec_high": 15.0,
          "spec_low": 7.0,
          "target": 11.0
        },
        "ControlLimits": {
          "ctrl_mean_low": 10.66,
          "CtrlMeanLowEnabled": "Y",
          "ctrl_mean_target": 11.54,
          "CtrlMeanTargetEnabled": "Y",
          "ctrl_mean_high": 12.44,
          "CtrlMeanHighEnabled": "Y",
          "ctrl_low": 9.38208120453714,
          "CtrlLowEnabled": "Y",
          "ctrl_target": 11.3898619957537,
          "ctrl_high": 13.3976427869703,
          "CtrlHighEnabled": "Y",
          "CtrlStdevLowEnabled": "N",
          "CtrlSigmaCenterEnabled": "Y",
          "CtrlRangeCenterEnabled": "Y",
          "CtrlCenterEnabled": "Y",
          "ctrl_stdev_target": 0.435001077839079,
          "ctrl_stdev_high": 0.971023760987962,
          "CtrlStdevHighEnabled": "Y",
          "CtrlRangeLowEnabled": "N",
          "ctrl_range_target": 1.11815286624204,
          "ctrl_range_high": 2.84069069859959,
          "CtrlRangeHighEnabled": "Y"
        }
      },
      "Data_flat_MeasurementAggregates": {
        "exec_count": 9,
        "base_count": 9,
        "flagged_count": 0,
        "mean": 11.777777777777779,
        "median": 11.9,
        "stdev": 0.31544599036840903,
        "range": 0.9000000000000004,
        "min": 11.2,
        "max": 12.1,
        "q02": 11.2,
        "q05": 11.2,
        "q25": 11.9,
        "q75": 11.9,
        "q95": 12.059999999999999,
        "q98": 12.084,
        "NumViolations": 0,
        "Samples": "200696982"
      },
      "ParameterName": "Plating Thickness",
      "ParameterUnit": "um",
      "ChannelId": "61379",
      "SourceDataLevel": "C",
      "channel_name": "SnPlating_Thickness TDSON8 Frontside lead",
      "channel_description": "Created from LDS  exclude list by  action 'Create SPC Channel'",
      "RvStoreFlag": "Y",
      "created_timestamp_utc": "2023-10-06T07:03:55Z",
      "created_timestamp": "2023-10-06T15:03:55Z",
      "updated_timestamp_utc": "2023-10-06T07:03:55Z",
      "updated_timestamp": "2023-10-06T15:03:55Z"
    }
  ],
  "Document": {
    "Version": "1.0",
    "Type": "ProcessControl",
    "Repetition": {
      "Id": "0",
      "IdBaseValue": "2023-10-06T07:03:55Z"
    }
  },
  "ProductionAction": {
    "Id": "SPACEAGGED2:WUX:BE:ACWUS:P_BeforeMTF_Visual_Inspection:",
    "Type": "SpaceAggregation"
  },
  "Item": {
    "Id": "Measlot:PF328438C01",
    "IdSystemName": "Measlot",
    "Type": "Lot"
  },
  "SystemLog": {
    "UniqueSourceKey": "WUX:BE:PF328438C01:ACWUS:P_BeforeMTF_Visual_Inspection:Plating Thickness:61379:200696982:0",
    "ExtractedTimestampUtc": "0001-01-01T00:00:00",
    "EnqueuedTimestampUtc": "0001-01-01T00:00:00",
    "DocCreatedTimestampUtc": "2023-10-06T15:03:55Z",
    "QueueOffset": 0,
    "QueuePartition": 0
  },
  "SearchPatterns": {
    "SpaceKey": "Measlot:PF328438C01:SPACEAGGED2:WUX:BE:ACWUS:P_BeforeMTF_Visual_Inspection::ProcessControl:1.0",
    "TimeGroup": "0",
    "SiteKey": "WUX"
  }
}