{
  "Data_flat_Metadata": {
    "Baunumber": "70012808",
    "Line": "TDSON8",
    "Shift": "C",
    "Process": "Plating",
    "MeasLot": "PF328438C01",
    "ParameterOper": "P_BeforeMTF_Visual_Inspection",
    "ParameterFacility": "ACWUS",
    "SiteKey": "WUX",
    "SpaceInstanceName": "BE",
    "BeginTimestampUtc": "2023-10-06T07:05:27Z",
    "BeginTimestamp": "2023-10-06T15:05:27Z",
    "EndTimestampUtc": "2023-10-06T07:05:27Z",
    "EndTimestamp": "2023-10-06T15:05:27Z",
    "Equipment": "WEN"
  },
  "Data_flat_StrangeMetadata": {
    "Package": "PG-TDSON-8-39",
    "SalesName": "BSC047N08NS3 G",
    "BusinessSegment": "18",
    "Operator": "30082736"
  },
  "Data_1list_Parameters": [
    {
      "Data_1list_RawValues": [
        {
          "process_tool": "Heatsink",
          "Seqnr": 9,
          "SampleId": 200697226,
          "Value": 9.2,
          "is_flagged": "N",
          "SampleTimestamp": "2023-10-06T15:05:27Z",
          "SampleTimestampUtc": "2023-10-06T07:05:27Z",
          "CreatedTimestamp": "2023-10-06T15:05:27Z",
          "CreatedTimestampUtc": "2023-10-06T07:05:27Z",
          "UpdatedTimestamp": "2023-10-06T15:05:27Z",
          "UpdatedTimestampUtc": "2023-10-06T07:05:27Z",
          "NumViolations": 0,
          "SampleMean": 9.77555555555556,
          "SampleMin": 9.2,
          "SampleMax": 10.1,
          "SampleMedian": 9.94,
          "SampleStdev": 0.406635927800013,
          "SampleQ1": 9.31,
          "SampleQ3": 10.1,
          "SampleSize": 9
        },
        {
          "process_tool": "Heatsink",
          "Seqnr": 8,
          "SampleId": 200697226,
          "Value": 10.1,
          "is_flagged": "N",
          "SampleTimestamp": "2023-10-06T15:05:27Z",
          "SampleTimestampUtc": "2023-10-06T07:05:27Z",
          "CreatedTimestamp": "2023-10-06T15:05:27Z",
          "CreatedTimestampUtc": "2023-10-06T07:05:27Z",
          "UpdatedTimestamp": "2023-10-06T15:05:27Z",
          "UpdatedTimestampUtc": "2023-10-06T07:05:27Z",
          "NumViolations": 0,
          "SampleMean": 9.77555555555556,
          "SampleMin": 9.2,
          "SampleMax": 10.1,
          "SampleMedian": 9.94,
          "SampleStdev": 0.406635927800013,
          "SampleQ1": 9.31,
          "SampleQ3": 10.1,
          "SampleSize": 9
        },
        {
          "process_tool": "Heatsink",
          "Seqnr": 7,
          "SampleId": 200697226,
          "Value": 10.1,
          "is_flagged": "N",
          "SampleTimestamp": "2023-10-06T15:05:27Z",
          "SampleTimestampUtc": "2023-10-06T07:05:27Z",
          "CreatedTimestamp": "2023-10-06T15:05:27Z",
          "CreatedTimestampUtc": "2023-10-06T07:05:27Z",
          "UpdatedTimestamp": "2023-10-06T15:05:27Z",
          "UpdatedTimestampUtc": "2023-10-06T07:05:27Z",
          "NumViolations": 0,
          "SampleMean": 9.77555555555556,
          "SampleMin": 9.2,
          "SampleMax": 10.1,
          "SampleMedian": 9.94,
          "SampleStdev": 0.406635927800013,
          "SampleQ1": 9.31,
          "SampleQ3": 10.1,
          "SampleSize": 9
        },
        {
          "process_tool": "Heatsink",
          "Seqnr": 5,
          "SampleId": 200697226,
          "Value": 10.1,
          "is_flagged": "N",
          "SampleTimestamp": "2023-10-06T15:05:27Z",
          "SampleTimestampUtc": "2023-10-06T07:05:27Z",
          "CreatedTimestamp": "2023-10-06T15:05:27Z",
          "CreatedTimestampUtc": "2023-10-06T07:05:27Z",
          "UpdatedTimestamp": "2023-10-06T15:05:27Z",
          "UpdatedTimestampUtc": "2023-10-06T07:05:27Z",
          "NumViolations": 0,
          "SampleMean": 9.77555555555556,
          "SampleMin": 9.2,
          "SampleMax": 10.1,
          "SampleMedian": 9.94,
          "SampleStdev": 0.406635927800013,
          "SampleQ1": 9.31,
          "SampleQ3": 10.1,
          "SampleSize": 9
        },
        {
          "process_tool": "Heatsink",
          "Seqnr": 4,
          "SampleId": 200697226,
          "Value": 10.1,
          "is_flagged": "N",
          "SampleTimestamp": "2023-10-06T15:05:27Z",
          "SampleTimestampUtc": "2023-10-06T07:05:27Z",
          "CreatedTimestamp": "2023-10-06T15:05:27Z",
          "CreatedTimestampUtc": "2023-10-06T07:05:27Z",
          "UpdatedTimestamp": "2023-10-06T15:05:27Z",
          "UpdatedTimestampUtc": "2023-10-06T07:05:27Z",
          "NumViolations": 0,
          "SampleMean": 9.77555555555556,
          "SampleMin": 9.2,
          "SampleMax": 10.1,
          "SampleMedian": 9.94,
          "SampleStdev": 0.406635927800013,
          "SampleQ1": 9.31,
          "SampleQ3": 10.1,
          "SampleSize": 9
        },
        {
          "process_tool": "Heatsink",
          "Seqnr": 3,
          "SampleId": 200697226,
          "Value": 9.31,
          "is_flagged": "N",
          "SampleTimestamp": "2023-10-06T15:05:27Z",
          "SampleTimestampUtc": "2023-10-06T07:05:27Z",
          "CreatedTimestamp": "2023-10-06T15:05:27Z",
          "CreatedTimestampUtc": "2023-10-06T07:05:27Z",
          "UpdatedTimestamp": "2023-10-06T15:05:27Z",
          "UpdatedTimestampUtc": "2023-10-06T07:05:27Z",
          "NumViolations": 0,
          "SampleMean": 9.77555555555556,
          "SampleMin": 9.2,
          "SampleMax": 10.1,
          "SampleMedian": 9.94,
          "SampleStdev": 0.406635927800013,
          "SampleQ1": 9.31,
          "SampleQ3": 10.1,
          "SampleSize": 9
        },
        {
          "process_tool": "Heatsink",
          "Seqnr": 2,
          "SampleId": 200697226,
          "Value": 9.91,
          "is_flagged": "N",
          "SampleTimestamp": "2023-10-06T15:05:27Z",
          "SampleTimestampUtc": "2023-10-06T07:05:27Z",
          "CreatedTimestamp": "2023-10-06T15:05:27Z",
          "CreatedTimestampUtc": "2023-10-06T07:05:27Z",
          "UpdatedTimestamp": "2023-10-06T15:05:27Z",
          "UpdatedTimestampUtc": "2023-10-06T07:05:27Z",
          "NumViolations": 0,
          "SampleMean": 9.77555555555556,
          "SampleMin": 9.2,
          "SampleMax": 10.1,
          "SampleMedian": 9.94,
          "SampleStdev": 0.406635927800013,
          "SampleQ1": 9.31,
          "SampleQ3": 10.1,
          "SampleSize": 9
        },
        {
          "process_tool": "Heatsink",
          "Seqnr": 1,
          "SampleId": 200697226,
          "Value": 9.94,
          "is_flagged": "N",
          "SampleTimestamp": "2023-10-06T15:05:27Z",
          "SampleTimestampUtc": "2023-10-06T07:05:27Z",
          "CreatedTimestamp": "2023-10-06T15:05:27Z",
          "CreatedTimestampUtc": "2023-10-06T07:05:27Z",
          "UpdatedTimestamp": "2023-10-06T15:05:27Z",
          "UpdatedTimestampUtc": "2023-10-06T07:05:27Z",
          "NumViolations": 0,
          "SampleMean": 9.77555555555556,
          "SampleMin": 9.2,
          "SampleMax": 10.1,
          "SampleMedian": 9.94,
          "SampleStdev": 0.406635927800013,
          "SampleQ1": 9.31,
          "SampleQ3": 10.1,
          "SampleSize": 9
        },
        {
          "process_tool": "Heatsink",
          "Seqnr": 6,
          "SampleId": 200697226,
          "Value": 9.22,
          "is_flagged": "N",
          "SampleTimestamp": "2023-10-06T15:05:27Z",
          "SampleTimestampUtc": "2023-10-06T07:05:27Z",
          "CreatedTimestamp": "2023-10-06T15:05:27Z",
          "CreatedTimestampUtc": "2023-10-06T07:05:27Z",
          "UpdatedTimestamp": "2023-10-06T15:05:27Z",
          "UpdatedTimestampUtc": "2023-10-06T07:05:27Z",
          "NumViolations": 0,
          "SampleMean": 9.77555555555556,
          "SampleMin": 9.2,
          "SampleMax": 10.1,
          "SampleMedian": 9.94,
          "SampleStdev": 0.406635927800013,
          "SampleQ1": 9.31,
          "SampleQ3": 10.1,
          "SampleSize": 9
        }
      ],
      "process_tool": "Heatsink",
      "ParameterClass": "PPAP",
      "Segment": "TDSON8",
      "Module": "M1_ASSY",
      "FourDReport": "*",
      "SpecialCharacteristics": "ISC",
      "Data_flat_Limits": {
        "CKC_ID": "0",
        "MeasurementSpecLimits": {
          "SpecHighEnabled": "Y",
          "SpecLowEnabled": "Y",
          "spec_high": 15.0,
          "spec_low": 7.0,
          "target": 11.0
        },
        "ControlLimits": {
          "ctrl_mean_low": 8.72,
          "CtrlMeanLowEnabled": "Y",
          "ctrl_mean_target": 9.57,
          "CtrlMeanTargetEnabled": "Y",
          "ctrl_mean_high": 10.4,
          "CtrlMeanHighEnabled": "Y",
          "ctrl_low": 7.68155245988489,
          "CtrlLowEnabled": "Y",
          "ctrl_target": 9.41976114649681,
          "ctrl_high": 11.1579698331087,
          "CtrlHighEnabled": "Y",
          "CtrlStdevLowEnabled": "N",
          "CtrlSigmaCenterEnabled": "Y",
          "CtrlRangeCenterEnabled": "Y",
          "CtrlCenterEnabled": "Y",
          "ctrl_stdev_target": 0.368463400866053,
          "ctrl_stdev_high": 0.822496162705432,
          "CtrlStdevHighEnabled": "Y",
          "CtrlRangeLowEnabled": "N",
          "ctrl_range_target": 0.943614649681528,
          "ctrl_range_high": 2.39727271586888,
          "CtrlRangeHighEnabled": "Y"
        }
      },
      "Data_flat_MeasurementAggregates": {
        "exec_count": 9,
        "base_count": 9,
        "flagged_count": 0,
        "mean": 9.775555555555556,
        "median": 9.94,
        "stdev": 0.38338002936196364,
        "range": 0.9000000000000004,
        "min": 9.2,
        "max": 10.1,
        "q02": 9.203199999999999,
        "q05": 9.208,
        "q25": 9.31,
        "q75": 10.1,
        "q95": 10.1,
        "q98": 10.1,
        "NumViolations": 0,
        "Samples": "200697226"
      },
      "ParameterName": "Plating Thickness",
      "ParameterUnit": "um",
      "ChannelId": "61381",
      "SourceDataLevel": "C",
      "channel_name": "SnPlating_Thickness TDSON8 Heatsink",
      "channel_description": "Created from LDS  exclude list by  action 'Create SPC Channel'",
      "RvStoreFlag": "Y",
      "created_timestamp_utc": "2023-10-06T07:05:27Z",
      "created_timestamp": "2023-10-06T15:05:27Z",
      "updated_timestamp_utc": "2023-10-06T07:05:27Z",
      "updated_timestamp": "2023-10-06T15:05:27Z"
    }
  ],
  "Document": {
    "Version": "1.0",
    "Type": "ProcessControl",
    "Repetition": {
      "Id": "0",
      "IdBaseValue": "2023-10-06T07:05:27Z"
    }
  },
  "ProductionAction": {
    "Id": "SPACEAGGED2:WUX:BE:ACWUS:P_BeforeMTF_Visual_Inspection:",
    "Type": "SpaceAggregation"
  },
  "Item": {
    "Id": "Measlot:PF328438C01",
    "IdSystemName": "Measlot",
    "Type": "Lot"
  },
  "SystemLog": {
    "UniqueSourceKey": "WUX:BE:PF328438C01:ACWUS:P_BeforeMTF_Visual_Inspection:Plating Thickness:61381:200697226:0",
    "ExtractedTimestampUtc": "0001-01-01T00:00:00",
    "EnqueuedTimestampUtc": "0001-01-01T00:00:00",
    "DocCreatedTimestampUtc": "2023-10-06T15:05:27Z",
    "QueueOffset": 0,
    "QueuePartition": 0
  },
  "SearchPatterns": {
    "SpaceKey": "Measlot:PF328438C01:SPACEAGGED2:WUX:BE:ACWUS:P_BeforeMTF_Visual_Inspection::ProcessControl:1.0",
    "TimeGroup": "0",
    "SiteKey": "WUX"
  }
}