{
  "Data_flat_Metadata": {
    "Baunumber": "70012808",
    "Line": "TDSON8",
    "Shift": "C",
    "Process": "Plating",
    "MeasLot": "PF339159C02",
    "ParameterOper": "P_BeforeMTF_Visual_Inspection",
    "ParameterFacility": "ACWUS",
    "SiteKey": "WUX",
    "SpaceInstanceName": "BE",
    "BeginTimestampUtc": "2023-10-06T07:20:40Z",
    "BeginTimestamp": "2023-10-06T15:20:40Z",
    "EndTimestampUtc": "2023-10-06T07:20:40Z",
    "EndTimestamp": "2023-10-06T15:20:40Z",
    "Equipment": "WEN"
  },
  "Data_flat_StrangeMetadata": {
    "Package": "PG-TDSON-8-39",
    "SalesName": "BSC047N08NS3 G",
    "BusinessSegment": "18",
    "Operator": "30082736"
  },
  "Data_1list_Parameters": [
    {
      "Data_1list_RawValues": [
        {
          "process_tool": "Frontside lead",
          "Seqnr": 8,
          "SampleId": 200698089,
          "Value": 11.6,
          "is_flagged": "N",
          "SampleTimestamp": "2023-10-06T15:20:40Z",
          "SampleTimestampUtc": "2023-10-06T07:20:40Z",
          "CreatedTimestamp": "2023-10-06T15:20:40Z",
          "CreatedTimestampUtc": "2023-10-06T07:20:40Z",
          "UpdatedTimestamp": "2023-10-06T15:20:40Z",
          "UpdatedTimestampUtc": "2023-10-06T07:20:40Z",
          "NumViolations": 0,
          "SampleMean": 11.3888888888889,
          "SampleMin": 10.8,
          "SampleMax": 11.6,
          "SampleMedian": 11.5,
          "SampleStdev": 0.337062473602611,
          "SampleQ1": 11.5,
          "SampleQ3": 11.6,
          "SampleSize": 9
        },
        {
          "process_tool": "Frontside lead",
          "Seqnr": 7,
          "SampleId": 200698089,
          "Value": 11.6,
          "is_flagged": "N",
          "SampleTimestamp": "2023-10-06T15:20:40Z",
          "SampleTimestampUtc": "2023-10-06T07:20:40Z",
          "CreatedTimestamp": "2023-10-06T15:20:40Z",
          "CreatedTimestampUtc": "2023-10-06T07:20:40Z",
          "UpdatedTimestamp": "2023-10-06T15:20:40Z",
          "UpdatedTimestampUtc": "2023-10-06T07:20:40Z",
          "NumViolations": 0,
          "SampleMean": 11.3888888888889,
          "SampleMin": 10.8,
          "SampleMax": 11.6,
          "SampleMedian": 11.5,
          "SampleStdev": 0.337062473602611,
          "SampleQ1": 11.5,
          "SampleQ3": 11.6,
          "SampleSize": 9
        },
        {
          "process_tool": "Frontside lead",
          "Seqnr": 6,
          "SampleId": 200698089,
          "Value": 10.8,
          "is_flagged": "N",
          "SampleTimestamp": "2023-10-06T15:20:40Z",
          "SampleTimestampUtc": "2023-10-06T07:20:40Z",
          "CreatedTimestamp": "2023-10-06T15:20:40Z",
          "CreatedTimestampUtc": "2023-10-06T07:20:40Z",
          "UpdatedTimestamp": "2023-10-06T15:20:40Z",
          "UpdatedTimestampUtc": "2023-10-06T07:20:40Z",
          "NumViolations": 0,
          "SampleMean": 11.3888888888889,
          "SampleMin": 10.8,
          "SampleMax": 11.6,
          "SampleMedian": 11.5,
          "SampleStdev": 0.337062473602611,
          "SampleQ1": 11.5,
          "SampleQ3": 11.6,
          "SampleSize": 9
        },
        {
          "process_tool": "Frontside lead",
          "Seqnr": 5,
          "SampleId": 200698089,
          "Value": 11.5,
          "is_flagged": "N",
          "SampleTimestamp": "2023-10-06T15:20:40Z",
          "SampleTimestampUtc": "2023-10-06T07:20:40Z",
          "CreatedTimestamp": "2023-10-06T15:20:40Z",
          "CreatedTimestampUtc": "2023-10-06T07:20:40Z",
          "UpdatedTimestamp": "2023-10-06T15:20:40Z",
          "UpdatedTimestampUtc": "2023-10-06T07:20:40Z",
          "NumViolations": 0,
          "SampleMean": 11.3888888888889,
          "SampleMin": 10.8,
          "SampleMax": 11.6,
          "SampleMedian": 11.5,
          "SampleStdev": 0.337062473602611,
          "SampleQ1": 11.5,
          "SampleQ3": 11.6,
          "SampleSize": 9
        },
        {
          "process_tool": "Frontside lead",
          "Seqnr": 9,
          "SampleId": 200698089,
          "Value": 11.6,
          "is_flagged": "N",
          "SampleTimestamp": "2023-10-06T15:20:40Z",
          "SampleTimestampUtc": "2023-10-06T07:20:40Z",
          "CreatedTimestamp": "2023-10-06T15:20:40Z",
          "CreatedTimestampUtc": "2023-10-06T07:20:40Z",
          "UpdatedTimestamp": "2023-10-06T15:20:40Z",
          "UpdatedTimestampUtc": "2023-10-06T07:20:40Z",
          "NumViolations": 0,
          "SampleMean": 11.3888888888889,
          "SampleMin": 10.8,
          "SampleMax": 11.6,
          "SampleMedian": 11.5,
          "SampleStdev": 0.337062473602611,
          "SampleQ1": 11.5,
          "SampleQ3": 11.6,
          "SampleSize": 9
        },
        {
          "process_tool": "Frontside lead",
          "Seqnr": 3,
          "SampleId": 200698089,
          "Value": 10.8,
          "is_flagged": "N",
          "SampleTimestamp": "2023-10-06T15:20:40Z",
          "SampleTimestampUtc": "2023-10-06T07:20:40Z",
          "CreatedTimestamp": "2023-10-06T15:20:40Z",
          "CreatedTimestampUtc": "2023-10-06T07:20:40Z",
          "UpdatedTimestamp": "2023-10-06T15:20:40Z",
          "UpdatedTimestampUtc": "2023-10-06T07:20:40Z",
          "NumViolations": 0,
          "SampleMean": 11.3888888888889,
          "SampleMin": 10.8,
          "SampleMax": 11.6,
          "SampleMedian": 11.5,
          "SampleStdev": 0.337062473602611,
          "SampleQ1": 11.5,
          "SampleQ3": 11.6,
          "SampleSize": 9
        },
        {
          "process_tool": "Frontside lead",
          "Seqnr": 2,
          "SampleId": 200698089,
          "Value": 11.5,
          "is_flagged": "N",
          "SampleTimestamp": "2023-10-06T15:20:40Z",
          "SampleTimestampUtc": "2023-10-06T07:20:40Z",
          "CreatedTimestamp": "2023-10-06T15:20:40Z",
          "CreatedTimestampUtc": "2023-10-06T07:20:40Z",
          "UpdatedTimestamp": "2023-10-06T15:20:40Z",
          "UpdatedTimestampUtc": "2023-10-06T07:20:40Z",
          "NumViolations": 0,
          "SampleMean": 11.3888888888889,
          "SampleMin": 10.8,
          "SampleMax": 11.6,
          "SampleMedian": 11.5,
          "SampleStdev": 0.337062473602611,
          "SampleQ1": 11.5,
          "SampleQ3": 11.6,
          "SampleSize": 9
        },
        {
          "process_tool": "Frontside lead",
          "Seqnr": 1,
          "SampleId": 200698089,
          "Value": 11.5,
          "is_flagged": "N",
          "SampleTimestamp": "2023-10-06T15:20:40Z",
          "SampleTimestampUtc": "2023-10-06T07:20:40Z",
          "CreatedTimestamp": "2023-10-06T15:20:40Z",
          "CreatedTimestampUtc": "2023-10-06T07:20:40Z",
          "UpdatedTimestamp": "2023-10-06T15:20:40Z",
          "UpdatedTimestampUtc": "2023-10-06T07:20:40Z",
          "NumViolations": 0,
          "SampleMean": 11.3888888888889,
          "SampleMin": 10.8,
          "SampleMax": 11.6,
          "SampleMedian": 11.5,
          "SampleStdev": 0.337062473602611,
          "SampleQ1": 11.5,
          "SampleQ3": 11.6,
          "SampleSize": 9
        },
        {
          "process_tool": "Frontside lead",
          "Seqnr": 4,
          "SampleId": 200698089,
          "Value": 11.6,
          "is_flagged": "N",
          "SampleTimestamp": "2023-10-06T15:20:40Z",
          "SampleTimestampUtc": "2023-10-06T07:20:40Z",
          "CreatedTimestamp": "2023-10-06T15:20:40Z",
          "CreatedTimestampUtc": "2023-10-06T07:20:40Z",
          "UpdatedTimestamp": "2023-10-06T15:20:40Z",
          "UpdatedTimestampUtc": "2023-10-06T07:20:40Z",
          "NumViolations": 0,
          "SampleMean": 11.3888888888889,
          "SampleMin": 10.8,
          "SampleMax": 11.6,
          "SampleMedian": 11.5,
          "SampleStdev": 0.337062473602611,
          "SampleQ1": 11.5,
          "SampleQ3": 11.6,
          "SampleSize": 9
        }
      ],
      "process_tool": "Frontside lead",
      "ParameterClass": "PPAP",
      "Segment": "TDSON8",
      "Module": "M1_ASSY",
      "FourDReport": "*",
      "SpecialCharacteristics": "ISC",
      "Data_flat_Limits": {
        "CKC_ID": "0",
        "MeasurementSpecLimits": {
          "SpecHighEnabled": "Y",
          "SpecLowEnabled": "Y",
          "spec_high": 15.0,
          "spec_low": 7.0,
          "target": 11.0
        },
        "ControlLimits": {
          "ctrl_mean_low": 10.66,
          "CtrlMeanLowEnabled": "Y",
          "ctrl_mean_target": 11.54,
          "CtrlMeanTargetEnabled": "Y",
          "ctrl_mean_high": 12.44,
          "CtrlMeanHighEnabled": "Y",
          "ctrl_low": 9.38208120453714,
          "CtrlLowEnabled": "Y",
          "ctrl_target": 11.3898619957537,
          "ctrl_high": 13.3976427869703,
          "CtrlHighEnabled": "Y",
          "CtrlStdevLowEnabled": "N",
          "CtrlSigmaCenterEnabled": "Y",
          "CtrlRangeCenterEnabled": "Y",
          "CtrlCenterEnabled": "Y",
          "ctrl_stdev_target": 0.435001077839079,
          "ctrl_stdev_high": 0.971023760987962,
          "CtrlStdevHighEnabled": "Y",
          "CtrlRangeLowEnabled": "N",
          "ctrl_range_target": 1.11815286624204,
          "ctrl_range_high": 2.84069069859959,
          "CtrlRangeHighEnabled": "Y"
        }
      },
      "Data_flat_MeasurementAggregates": {
        "exec_count": 9,
        "base_count": 9,
        "flagged_count": 0,
        "mean": 11.38888888888889,
        "median": 11.5,
        "stdev": 0.3177855476905572,
        "range": 0.7999999999999989,
        "min": 10.8,
        "max": 11.6,
        "q02": 10.8,
        "q05": 10.8,
        "q25": 11.5,
        "q75": 11.6,
        "q95": 11.6,
        "q98": 11.6,
        "NumViolations": 0,
        "Samples": "200698089"
      },
      "ParameterName": "Plating Thickness",
      "ParameterUnit": "um",
      "ChannelId": "61379",
      "SourceDataLevel": "C",
      "channel_name": "SnPlating_Thickness TDSON8 Frontside lead",
      "channel_description": "Created from LDS  exclude list by  action 'Create SPC Channel'",
      "RvStoreFlag": "Y",
      "created_timestamp_utc": "2023-10-06T07:20:40Z",
      "created_timestamp": "2023-10-06T15:20:40Z",
      "updated_timestamp_utc": "2023-10-06T07:20:40Z",
      "updated_timestamp": "2023-10-06T15:20:40Z"
    }
  ],
  "Document": {
    "Version": "1.0",
    "Type": "ProcessControl",
    "Repetition": {
      "Id": "0",
      "IdBaseValue": "2023-10-06T07:20:40Z"
    }
  },
  "ProductionAction": {
    "Id": "SPACEAGGED2:WUX:BE:ACWUS:P_BeforeMTF_Visual_Inspection:",
    "Type": "SpaceAggregation"
  },
  "Item": {
    "Id": "Measlot:PF339159C02",
    "IdSystemName": "Measlot",
    "Type": "Lot"
  },
  "SystemLog": {
    "UniqueSourceKey": "WUX:BE:PF339159C02:ACWUS:P_BeforeMTF_Visual_Inspection:Plating Thickness:61379:200698089:0",
    "ExtractedTimestampUtc": "0001-01-01T00:00:00",
    "EnqueuedTimestampUtc": "0001-01-01T00:00:00",
    "DocCreatedTimestampUtc": "2023-10-06T15:20:40Z",
    "QueueOffset": 0,
    "QueuePartition": 0
  },
  "SearchPatterns": {
    "SpaceKey": "Measlot:PF339159C02:SPACEAGGED2:WUX:BE:ACWUS:P_BeforeMTF_Visual_Inspection::ProcessControl:1.0",
    "TimeGroup": "0",
    "SiteKey": "WUX"
  }
}