{
  "Data_flat_Metadata": {
    "Classification": "Capillary change",
    "MeasLot": "2Z3490JN",
    "SiteKey": "CJJ",
    "SpaceInstanceName": "BE",
    "BeginTimestampUtc": "2023-12-11T14:07:46Z",
    "BeginTimestamp": "2023-12-11T23:07:46Z",
    "EndTimestampUtc": "2023-12-11T14:07:46Z",
    "EndTimestamp": "2023-12-11T23:07:46Z"
  },
  "Data_flat_StrangeMetadata": {
    "WireSize": "30",
    "WireType": "Gold",
    "ChipType": "IC",
    "Operator": "30156566",
    "Package": "CIPOS TINY",
    "Device": "IM393-M6F"
  },
  "Data_1list_Parameters": [
    {
      "Data_1list_RawValues": [
        {
          "Seqnr": 3,
          "SampleId": 243042504,
          "Value": 53.99,
          "is_flagged": "N",
          "SampleTimestamp": "2023-12-11T23:07:46Z",
          "SampleTimestampUtc": "2023-12-11T14:07:46Z",
          "CreatedTimestamp": "2023-12-11T23:07:46Z",
          "CreatedTimestampUtc": "2023-12-11T14:07:46Z",
          "UpdatedTimestamp": "2023-12-11T23:07:46Z",
          "UpdatedTimestampUtc": "2023-12-11T14:07:46Z",
          "NumViolations": 0,
          "SampleMean": 52.844,
          "SampleMin": 50.04,
          "SampleMax": 53.99,
          "SampleMedian": 53.45,
          "SampleStdev": 1.60899968924795,
          "SampleQ1": 53.01,
          "SampleQ3": 53.73,
          "SampleSize": 5
        },
        {
          "Seqnr": 2,
          "SampleId": 243042504,
          "Value": 50.04,
          "is_flagged": "N",
          "SampleTimestamp": "2023-12-11T23:07:46Z",
          "SampleTimestampUtc": "2023-12-11T14:07:46Z",
          "CreatedTimestamp": "2023-12-11T23:07:46Z",
          "CreatedTimestampUtc": "2023-12-11T14:07:46Z",
          "UpdatedTimestamp": "2023-12-11T23:07:46Z",
          "UpdatedTimestampUtc": "2023-12-11T14:07:46Z",
          "NumViolations": 0,
          "SampleMean": 52.844,
          "SampleMin": 50.04,
          "SampleMax": 53.99,
          "SampleMedian": 53.45,
          "SampleStdev": 1.60899968924795,
          "SampleQ1": 53.01,
          "SampleQ3": 53.73,
          "SampleSize": 5
        },
        {
          "Seqnr": 1,
          "SampleId": 243042504,
          "Value": 53.01,
          "is_flagged": "N",
          "SampleTimestamp": "2023-12-11T23:07:46Z",
          "SampleTimestampUtc": "2023-12-11T14:07:46Z",
          "CreatedTimestamp": "2023-12-11T23:07:46Z",
          "CreatedTimestampUtc": "2023-12-11T14:07:46Z",
          "UpdatedTimestamp": "2023-12-11T23:07:46Z",
          "UpdatedTimestampUtc": "2023-12-11T14:07:46Z",
          "NumViolations": 0,
          "SampleMean": 52.844,
          "SampleMin": 50.04,
          "SampleMax": 53.99,
          "SampleMedian": 53.45,
          "SampleStdev": 1.60899968924795,
          "SampleQ1": 53.01,
          "SampleQ3": 53.73,
          "SampleSize": 5
        },
        {
          "Seqnr": 5,
          "SampleId": 243042504,
          "Value": 53.45,
          "is_flagged": "N",
          "SampleTimestamp": "2023-12-11T23:07:46Z",
          "SampleTimestampUtc": "2023-12-11T14:07:46Z",
          "CreatedTimestamp": "2023-12-11T23:07:46Z",
          "CreatedTimestampUtc": "2023-12-11T14:07:46Z",
          "UpdatedTimestamp": "2023-12-11T23:07:46Z",
          "UpdatedTimestampUtc": "2023-12-11T14:07:46Z",
          "NumViolations": 0,
          "SampleMean": 52.844,
          "SampleMin": 50.04,
          "SampleMax": 53.99,
          "SampleMedian": 53.45,
          "SampleStdev": 1.60899968924795,
          "SampleQ1": 53.01,
          "SampleQ3": 53.73,
          "SampleSize": 5
        },
        {
          "Seqnr": 4,
          "SampleId": 243042504,
          "Value": 53.73,
          "is_flagged": "N",
          "SampleTimestamp": "2023-12-11T23:07:46Z",
          "SampleTimestampUtc": "2023-12-11T14:07:46Z",
          "CreatedTimestamp": "2023-12-11T23:07:46Z",
          "CreatedTimestampUtc": "2023-12-11T14:07:46Z",
          "UpdatedTimestamp": "2023-12-11T23:07:46Z",
          "UpdatedTimestampUtc": "2023-12-11T14:07:46Z",
          "NumViolations": 0,
          "SampleMean": 52.844,
          "SampleMin": 50.04,
          "SampleMax": 53.99,
          "SampleMedian": 53.45,
          "SampleStdev": 1.60899968924795,
          "SampleQ1": 53.01,
          "SampleQ3": 53.73,
          "SampleSize": 5
        }
      ],
      "ParameterClass": "PPAP",
      "Segment": "IFPS",
      "Module": "Tiny",
      "FourDReport": "*",
      "SpecialCharacteristics": "ISC",
      "Data_flat_Limits": {
        "CKC_ID": "0",
        "MeasurementSpecLimits": {
          "SpecHighEnabled": "N",
          "SpecLowEnabled": "Y",
          "spec_low": 23.0,
          "target": 50.0
        },
        "ControlLimits": {
          "ctrl_mean_low": 43.4240449329405,
          "CtrlMeanLowEnabled": "Y",
          "ctrl_mean_target": 51.6620883604506,
          "CtrlMeanTargetEnabled": "Y",
          "ctrl_mean_high": 59.9001317879608,
          "CtrlMeanHighEnabled": "Y",
          "CtrlLowEnabled": "N",
          "CtrlHighEnabled": "N",
          "CtrlStdevLowEnabled": "N",
          "CtrlSigmaCenterEnabled": "N",
          "CtrlRangeCenterEnabled": "N",
          "CtrlCenterEnabled": "N",
          "ctrl_stdev_high": 11.6214694959517,
          "CtrlStdevHighEnabled": "Y",
          "CtrlRangeLowEnabled": "N",
          "ctrl_range_high": 30.033290763033,
          "CtrlRangeHighEnabled": "Y"
        }
      },
      "Data_flat_MeasurementAggregates": {
        "exec_count": 5,
        "base_count": 5,
        "flagged_count": 0,
        "mean": 52.84400000000001,
        "median": 53.45,
        "stdev": 1.439133072373782,
        "range": 3.950000000000003,
        "min": 50.04,
        "max": 53.99,
        "q02": 50.2776,
        "q05": 50.634,
        "q25": 53.01,
        "q75": 53.73,
        "q95": 53.938,
        "q98": 53.9692,
        "NumViolations": 0,
        "Samples": "243042504"
      },
      "ParameterName": "Force_ShearOnBall",
      "ParameterUnit": "g",
      "ChannelId": "54077",
      "SourceDataLevel": "C",
      "channel_name": "Ball_ShearForce Tiny Au 30",
      "channel_description": "W B",
      "RvStoreFlag": "Y",
      "created_timestamp_utc": "2023-12-11T14:07:46Z",
      "created_timestamp": "2023-12-11T23:07:46Z",
      "updated_timestamp_utc": "2023-12-11T14:07:46Z",
      "updated_timestamp": "2023-12-11T23:07:46Z"
    }
  ],
  "Document": {
    "Version": "1.0",
    "Type": "ProcessControl",
    "Repetition": {
      "Id": "0",
      "IdBaseValue": "2023-12-11T14:07:46Z"
    }
  },
  "ProductionAction": {
    "Id": "SPACEAGGED2:CJJ:BE:::",
    "Type": "SpaceAggregation"
  },
  "Item": {
    "Id": "Measlot:2Z3490JN",
    "IdSystemName": "Measlot",
    "Type": "Lot"
  },
  "SystemLog": {
    "UniqueSourceKey": "CJJ:BE:2Z3490JN:::Force_ShearOnBall:54077:243042504:0",
    "ExtractedTimestampUtc": "0001-01-01T00:00:00",
    "EnqueuedTimestampUtc": "0001-01-01T00:00:00",
    "DocCreatedTimestampUtc": "2023-12-11T23:07:46Z",
    "QueueOffset": 0,
    "QueuePartition": 0
  },
  "SearchPatterns": {
    "SpaceKey": "Measlot:2Z3490JN:SPACEAGGED2:CJJ:BE::::ProcessControl:1.0",
    "TimeGroup": "0",
    "SiteKey": "CJJ"
  }
}