{
  "Data_flat_Metadata": {
    "Classification": "Routine check(Daily SPC)",
    "MeasLot": "2Z3490HU",
    "SiteKey": "CJJ",
    "SpaceInstanceName": "BE",
    "BeginTimestampUtc": "2023-12-10T13:52:59Z",
    "BeginTimestamp": "2023-12-10T22:52:59Z",
    "EndTimestampUtc": "2023-12-10T13:52:59Z",
    "EndTimestamp": "2023-12-10T22:52:59Z"
  },
  "Data_flat_StrangeMetadata": {
    "WireSize": "350",
    "WireType": "Al",
    "Operator": "30156566",
    "Package": "CIPOS MINI",
    "Device": "IKCM15F60GA",
    "MaterialType": "Schweizer"
  },
  "Data_1list_Parameters": [
    {
      "Data_1list_RawValues": [
        {
          "Seqnr": 1,
          "SampleId": 243031412,
          "Value": 2043.7,
          "is_flagged": "N",
          "SampleTimestamp": "2023-12-10T22:52:59Z",
          "SampleTimestampUtc": "2023-12-10T13:52:59Z",
          "CreatedTimestamp": "2023-12-10T22:52:59Z",
          "CreatedTimestampUtc": "2023-12-10T13:52:59Z",
          "UpdatedTimestamp": "2023-12-10T22:52:59Z",
          "UpdatedTimestampUtc": "2023-12-10T13:52:59Z",
          "NumViolations": 0,
          "SampleMean": 1812.66,
          "SampleMin": 1545.8,
          "SampleMax": 2043.7,
          "SampleMedian": 1856.0,
          "SampleStdev": 191.168546052953,
          "SampleQ1": 1709.7,
          "SampleQ3": 1908.1,
          "SampleSize": 5
        },
        {
          "Seqnr": 2,
          "SampleId": 243031412,
          "Value": 1856.0,
          "is_flagged": "N",
          "SampleTimestamp": "2023-12-10T22:52:59Z",
          "SampleTimestampUtc": "2023-12-10T13:52:59Z",
          "CreatedTimestamp": "2023-12-10T22:52:59Z",
          "CreatedTimestampUtc": "2023-12-10T13:52:59Z",
          "UpdatedTimestamp": "2023-12-10T22:52:59Z",
          "UpdatedTimestampUtc": "2023-12-10T13:52:59Z",
          "NumViolations": 0,
          "SampleMean": 1812.66,
          "SampleMin": 1545.8,
          "SampleMax": 2043.7,
          "SampleMedian": 1856.0,
          "SampleStdev": 191.168546052953,
          "SampleQ1": 1709.7,
          "SampleQ3": 1908.1,
          "SampleSize": 5
        },
        {
          "Seqnr": 3,
          "SampleId": 243031412,
          "Value": 1908.1,
          "is_flagged": "N",
          "SampleTimestamp": "2023-12-10T22:52:59Z",
          "SampleTimestampUtc": "2023-12-10T13:52:59Z",
          "CreatedTimestamp": "2023-12-10T22:52:59Z",
          "CreatedTimestampUtc": "2023-12-10T13:52:59Z",
          "UpdatedTimestamp": "2023-12-10T22:52:59Z",
          "UpdatedTimestampUtc": "2023-12-10T13:52:59Z",
          "NumViolations": 0,
          "SampleMean": 1812.66,
          "SampleMin": 1545.8,
          "SampleMax": 2043.7,
          "SampleMedian": 1856.0,
          "SampleStdev": 191.168546052953,
          "SampleQ1": 1709.7,
          "SampleQ3": 1908.1,
          "SampleSize": 5
        },
        {
          "Seqnr": 4,
          "SampleId": 243031412,
          "Value": 1709.7,
          "is_flagged": "N",
          "SampleTimestamp": "2023-12-10T22:52:59Z",
          "SampleTimestampUtc": "2023-12-10T13:52:59Z",
          "CreatedTimestamp": "2023-12-10T22:52:59Z",
          "CreatedTimestampUtc": "2023-12-10T13:52:59Z",
          "UpdatedTimestamp": "2023-12-10T22:52:59Z",
          "UpdatedTimestampUtc": "2023-12-10T13:52:59Z",
          "NumViolations": 0,
          "SampleMean": 1812.66,
          "SampleMin": 1545.8,
          "SampleMax": 2043.7,
          "SampleMedian": 1856.0,
          "SampleStdev": 191.168546052953,
          "SampleQ1": 1709.7,
          "SampleQ3": 1908.1,
          "SampleSize": 5
        },
        {
          "Seqnr": 5,
          "SampleId": 243031412,
          "Value": 1545.8,
          "is_flagged": "N",
          "SampleTimestamp": "2023-12-10T22:52:59Z",
          "SampleTimestampUtc": "2023-12-10T13:52:59Z",
          "CreatedTimestamp": "2023-12-10T22:52:59Z",
          "CreatedTimestampUtc": "2023-12-10T13:52:59Z",
          "UpdatedTimestamp": "2023-12-10T22:52:59Z",
          "UpdatedTimestampUtc": "2023-12-10T13:52:59Z",
          "NumViolations": 0,
          "SampleMean": 1812.66,
          "SampleMin": 1545.8,
          "SampleMax": 2043.7,
          "SampleMedian": 1856.0,
          "SampleStdev": 191.168546052953,
          "SampleQ1": 1709.7,
          "SampleQ3": 1908.1,
          "SampleSize": 5
        }
      ],
      "process_equipment": "LAW033",
      "ParameterClass": "PPAP",
      "Segment": "IFPS",
      "Module": "MiniFP",
      "FourDReport": "*",
      "SpecialCharacteristics": "ISC",
      "Data_flat_Limits": {
        "CKC_ID": "0",
        "MeasurementSpecLimits": {
          "SpecHighEnabled": "N",
          "SpecLowEnabled": "Y",
          "spec_low": 550.0,
          "target": 1800.0
        },
        "ControlLimits": {
          "ctrl_mean_low": 1470.09,
          "CtrlMeanLowEnabled": "Y",
          "ctrl_mean_target": 1938.97,
          "CtrlMeanTargetEnabled": "Y",
          "ctrl_mean_high": 2407.85,
          "CtrlMeanHighEnabled": "Y",
          "CtrlLowEnabled": "N",
          "CtrlHighEnabled": "N",
          "CtrlStdevLowEnabled": "N",
          "CtrlSigmaCenterEnabled": "N",
          "CtrlRangeCenterEnabled": "N",
          "CtrlCenterEnabled": "N",
          "ctrl_stdev_high": 403.93,
          "CtrlStdevHighEnabled": "Y",
          "CtrlRangeLowEnabled": "N",
          "ctrl_range_high": 991.422,
          "CtrlRangeHighEnabled": "Y"
        }
      },
      "Data_flat_MeasurementAggregates": {
        "exec_count": 5,
        "base_count": 5,
        "flagged_count": 0,
        "mean": 1812.6599999999999,
        "median": 1856.0,
        "stdev": 170.9863456536808,
        "range": 497.9000000000001,
        "min": 1545.8,
        "max": 2043.7,
        "q02": 1558.912,
        "q05": 1578.5800000000002,
        "q25": 1709.7,
        "q75": 1908.1,
        "q95": 2016.58,
        "q98": 2032.852,
        "NumViolations": 0,
        "Samples": "243031412"
      },
      "ParameterName": "Force_ShearOnDiode",
      "ParameterUnit": "g",
      "ChannelId": "50248",
      "SourceDataLevel": "C",
      "channel_name": "Wedge_ShearForce MiniFP Al 350 Diode",
      "RvStoreFlag": "Y",
      "created_timestamp_utc": "2023-12-10T13:52:59Z",
      "created_timestamp": "2023-12-10T22:52:59Z",
      "updated_timestamp_utc": "2023-12-10T13:52:59Z",
      "updated_timestamp": "2023-12-10T22:52:59Z"
    }
  ],
  "Document": {
    "Version": "1.0",
    "Type": "ProcessControl",
    "Repetition": {
      "Id": "0",
      "IdBaseValue": "2023-12-10T13:52:59Z"
    }
  },
  "ProductionAction": {
    "Id": "SPACEAGGED2:CJJ:BE:::",
    "Type": "SpaceAggregation"
  },
  "Item": {
    "Id": "Measlot:2Z3490HU",
    "IdSystemName": "Measlot",
    "Type": "Lot"
  },
  "SystemLog": {
    "UniqueSourceKey": "CJJ:BE:2Z3490HU:::Force_ShearOnDiode:50248:243031412:0",
    "ExtractedTimestampUtc": "0001-01-01T00:00:00",
    "EnqueuedTimestampUtc": "0001-01-01T00:00:00",
    "DocCreatedTimestampUtc": "2023-12-10T22:52:59Z",
    "QueueOffset": 0,
    "QueuePartition": 0
  },
  "SearchPatterns": {
    "SpaceKey": "Measlot:2Z3490HU:SPACEAGGED2:CJJ:BE::::ProcessControl:1.0",
    "TimeGroup": "0",
    "SiteKey": "CJJ"
  }
}