{
  "IdSource": "SPACEACT2:WUX:BE:VE335969C03:ACWUS:D_WireBond_Mould:StitchPull:33241:200697447:0",
  "Data_flat_Metadata": {
    "Package": "PG-SOT23-3-5",
    "ParameterClass": "NON_PPAP",
    "Segment": "DS",
    "Module": "M1_ASSY",
    "FourDReport": "*",
    "ChipType": "L8062B65221",
    "SalesName": "BSS308PE H6327",
    "BusinessSegment": "15",
    "WireSize": "Cu wire 43um",
    "SolderGlue": "null",
    "DieSize": "0.8",
    "Operator": "30075946",
    "CartridgeID": "DT0001",
    "Grade": ".",
    "Baunumber": "70012864",
    "GaugeID": "0.8",
    "Line": "SOT23-8UP",
    "Shift": "C",
    "Process": "WireBond",
    "Lot": "VE335969C03",
    "ParameterName": "StitchPull",
    "ParameterUnit": "g",
    "ParameterOper": "D_WireBond_Mould",
    "ParameterFacility": "ACWUS",
    "SiteKey": "WUX",
    "ChannelId": "33241",
    "SpaceInstanceName": "BE",
    "CreatedTimestampUtc": "2023-10-06T07:08:23Z",
    "CreatedTimestamp": "2023-10-06T15:08:23Z",
    "UpdatedTimestamp": "2023-10-06T15:08:23Z",
    "UpdatedTimestampUtc": "2023-10-06T07:08:23Z",
    "ExportedTimestampUtc": "2023-10-06T15:08:23Z",
    "ExportedTimestamp": "2023-10-06T15:08:23Z",
    "SampleTimestampUtc": "2023-10-06T07:08:23Z",
    "SampleTimestamp": "2023-10-06T15:08:23Z",
    "SourceDataLevel": "C",
    "Equipment": "DS-S519",
    "ChannelName": "Stitch_PullForce/SOT23-8UP/Cu/43um",
    "ChannelDescr": "Created from LDS \nexclude list by \naction 'Create SPC Channel'",
    "RvStoreFlag": "Y",
    "CalcCreated": "04/13/2023 14:40:00",
    "ILdsID": 0,
    "AcceptFlag": "Y",
    "UpdatedBy": " ",
    "ClOrigin": 0,
    "OutOfOrder": "N",
    "Calc2ID": 4307369,
    "ViolCount": 0,
    "CalculationStrategy": "ND 4.5 Sigma",
    "LdsID": "1500",
    "IsCalcParam": 0,
    "ChannelType": "N",
    "ChState": "Online"
  },
  "Data_1list_RawValues": {
    "Data_flat_Limits": {
      "CkcId": "0",
      "MeasurementSpecLimits": {
        "SpecHighEnabled": "N",
        "SpecLowEnabled": "Y",
        "SpecLow": 9.0,
        "SpecTarget": 28.0,
        "SpecTargetOrigin": "V",
        "ExtSpecLimEnable": "NN",
        "ExtSpecUpper": 0.0,
        "ExtSpecLower": 0.0,
        "LimitEnable": "YYNYYNYYYYYYYYYYYYYYYYYYYYYYNNNNNNNNN"
      },
      "SpaceAggregates": {
        "Mean": "34,368625",
        "Median": "34,8535",
        "Sigma": "2,39595885592506",
        "Min": "29,558",
        "Max": "36,731",
        "Q1": "34,0665",
        "Q3": "35,86125"
      },
      "ControlLimits": {
        "ctrl_mean_low": 21.082331423304,
        "CtrlMeanLowEnabled": "Y",
        "ctrl_mean_target": 28.3275078596038,
        "CtrlMeanTargetEnabled": "Y",
        "ctrl_mean_high": 35.5726842959035,
        "CtrlMeanHighEnabled": "Y",
        "ctrl_low": 17.5080622691884,
        "CtrlLowEnabled": "Y",
        "CtrlSigmaCenterEnabled": "Y",
        "CtrlRangeCenterEnabled": "Y",
        "CtrlCenterEnabled": "Y",
        "ctrl_target": 28.3272942884802,
        "ctrl_high": 39.1465263077719,
        "CtrlHighEnabled": "Y",
        "CtrlSigmaLowEnabled": "N",
        "ctrl_sigma_target": 1.76698688822979,
        "ctrl_sigma_high": 5.42706800609763,
        "CtrlSigmaHighEnabled": "Y",
        "CtrlRangeLowEnabled": "N",
        "ctrl_range_target": 5.16094649975764,
        "ctrl_range_high": 18.0766348787636,
        "CtrlRangeHighEnabled": "Y",
        "ExtMaMV": 32.196140625,
        "ExtEwmaMV": 33.4654010127962,
        "ExtMsMV": 0.00388908729652448,
        "EwmaS": 2.30208104276318,
        "EwmaR": 6.88483573700204,
        "ExtEwmaMVLCL": 25.9075325533123,
        "ExtEwmaMVCenter": 28.3272942884802,
        "ExtEwmaMVUCL": 30.7470560236481,
        "ExtMaMVLCL": 26.6162643566872,
        "ExtMaMVCenter": 28.3272942884802,
        "ExtMaMVUCL": 30.0383242202732,
        "EwmaSLCL": 0.94311042539142,
        "EwmaSCenter": 1.82189420626948,
        "EwmaSUCL": 2.70067798714754,
        "EwmaRLCL": 2.69539460759517,
        "EwmaRCenter": 5.34746128318584,
        "EwmaRUCL": 7.99952795877651,
        "ExtMSMVLCL": 0.00217780837561695,
        "ExtMSMVCenter": 1.02698904506354,
        "ExtMSMVUCL": 4.12545476592162,
        "MVLal": 0.0,
        "MVUal": 0.0,
        "RawLal": 17.5080622691884,
        "RawUal": 39.1465263077719,
        "SigmaLal": -1.58164858632525,
        "SigmaUal": 9.08714912396548,
        "RangeLal": -5.3610778804741,
        "RangeUal": 30.9923232577696
      }
    },
    "Data_1list_RawValues": [
      {
        "Wafer": "-",
        "SampleId": 200697447,
        "Seqnr": 7,
        "Value": 34.776,
        "InternalFlagged": "N",
        "ExternalFlagged": "N",
        "NumViolations": 0
      },
      {
        "Wafer": "-",
        "SampleId": 200697447,
        "Seqnr": 8,
        "Value": 29.558,
        "InternalFlagged": "N",
        "ExternalFlagged": "N",
        "NumViolations": 0
      },
      {
        "Wafer": "-",
        "SampleId": 200697447,
        "Seqnr": 6,
        "Value": 34.931,
        "InternalFlagged": "N",
        "ExternalFlagged": "N",
        "NumViolations": 0
      },
      {
        "Wafer": "-",
        "SampleId": 200697447,
        "Seqnr": 5,
        "Value": 36.426,
        "InternalFlagged": "N",
        "ExternalFlagged": "N",
        "NumViolations": 0
      },
      {
        "Wafer": "-",
        "SampleId": 200697447,
        "Seqnr": 4,
        "Value": 34.706,
        "InternalFlagged": "N",
        "ExternalFlagged": "N",
        "NumViolations": 0
      },
      {
        "Wafer": "-",
        "SampleId": 200697447,
        "Seqnr": 3,
        "Value": 36.731,
        "InternalFlagged": "N",
        "ExternalFlagged": "N",
        "NumViolations": 0
      },
      {
        "Wafer": "-",
        "SampleId": 200697447,
        "Seqnr": 2,
        "Value": 32.148,
        "InternalFlagged": "N",
        "ExternalFlagged": "N",
        "NumViolations": 0
      },
      {
        "Wafer": "-",
        "SampleId": 200697447,
        "Seqnr": 1,
        "Value": 35.673,
        "InternalFlagged": "N",
        "ExternalFlagged": "N",
        "NumViolations": 0
      }
    ],
    "SampleSize": 8
  },
  "ProductionAction": {
    "Id": "SPACEACT1:WUX:BE:ACWUS:D_WireBond_Mould:StitchPull:33241",
    "Type": "SpaceAction"
  },
  "Item": {
    "Id": "Measlot:VE335969C03",
    "IdSystemName": "Measlot",
    "Type": "Lot"
  },
  "SystemLog": {
    "ExtractedTimestampUtc": "0001-01-01T00:00:00",
    "EnqueuedTimestampUtc": "0001-01-01T00:00:00",
    "UniqueSourceKey": "WUX:BE:VE335969C03:ACWUS:D_WireBond_Mould:StitchPull:33241:200697447:0"
  }
}