{
  "Data_flat_Metadata": {
    "Baunumber": "95077962",
    "OperatorId": "CHEMFOPS1",
    "MeasLot": "2Z34900G",
    "ParameterOper": "Test1",
    "ParameterFacility": "BE1KOR",
    "SiteKey": "CJJ",
    "SpaceInstanceName": "BE",
    "BeginTimestampUtc": "2023-12-10T14:48:54Z",
    "BeginTimestamp": "2023-12-10T23:48:54Z",
    "EndTimestampUtc": "2023-12-10T14:48:54Z",
    "EndTimestamp": "2023-12-10T23:48:54Z",
    "Equipment": "LTE013"
  },
  "Data_flat_StrangeMetadata": {
    "PackageFamily": "MDIP",
    "Package": "PG-MDIP-24-41",
    "Device": "K9032A54231",
    "SpecName": "Test1",
    "SalesName": "IKCM15L60GD",
    "DeviceFamily": "K9032",
    "PackageGroup": "MDIP-DCB-2",
    "PackageClass": "MDIP-DCB",
    "BusinessSegment": "59",
    "MoveInQuantity": "867",
    "MoveOutQuantity": "865",
    "ProcessOwner": "PTE",
    "BeSegmentName": "CHE",
    "ManufacturingWipLevel": "ASSY",
    "BasicType": "K9032A"
  },
  "Data_1list_Parameters": [
    {
      "Data_1list_RawValues": [
        {
          "Seqnr": 0,
          "SampleId": 243031618,
          "Value": "NaN",
          "is_flagged": "N",
          "SampleTimestamp": "2023-12-10T23:48:54Z",
          "SampleTimestampUtc": "2023-12-10T14:48:54Z",
          "CreatedTimestamp": "2023-12-10T23:48:54Z",
          "CreatedTimestampUtc": "2023-12-10T14:48:54Z",
          "UpdatedTimestamp": "2023-12-10T23:48:54Z",
          "UpdatedTimestampUtc": "2023-12-10T14:48:54Z",
          "NumViolations": 0,
          "SampleMean": 0.0,
          "SampleMin": 0.0,
          "SampleMax": 0.0,
          "SampleMedian": 0.0,
          "SampleStdev": 0.0,
          "SampleQ1": "NaN",
          "SampleQ3": "NaN",
          "SampleSize": 1
        }
      ],
      "ParameterClass": "NON_KEY",
      "Data_flat_Limits": {
        "CKC_ID": "0",
        "MeasurementSpecLimits": {
          "SpecHighEnabled": "Y",
          "SpecLowEnabled": "N",
          "spec_high": 100.0,
          "target": 0.0
        },
        "ControlLimits": {
          "CtrlMeanLowEnabled": "N",
          "CtrlMeanTargetEnabled": "N",
          "CtrlMeanHighEnabled": "N",
          "CtrlLowEnabled": "N",
          "CtrlHighEnabled": "N",
          "CtrlStdevLowEnabled": "N",
          "CtrlSigmaCenterEnabled": "N",
          "CtrlRangeCenterEnabled": "N",
          "CtrlCenterEnabled": "N",
          "CtrlStdevHighEnabled": "N",
          "CtrlRangeLowEnabled": "N",
          "CtrlRangeHighEnabled": "N"
        }
      },
      "Data_flat_MeasurementAggregates": {
        "exec_count": 1,
        "base_count": 1,
        "flagged_count": 0,
        "mean": 0.0,
        "min": 0.0,
        "max": 0.0,
        "NumViolations": 0,
        "ViolationComments": "",
        "PrimaryViolation": "",
        "PrimaryViolationComments": "",
        "Samples": "243031618"
      },
      "ParameterName": "CO",
      "ParameterUnit": "%",
      "ChannelId": "58253",
      "SourceDataLevel": "L",
      "channel_name": "CO TEST1 MDIP_DCB StdInv_SRM",
      "channel_description": "CO TEST1 MDIP_DCB StdInv_SRM",
      "RvStoreFlag": "N",
      "created_timestamp_utc": "2023-12-10T14:48:54Z",
      "created_timestamp": "2023-12-10T23:48:54Z",
      "updated_timestamp_utc": "2023-12-10T14:48:54Z",
      "updated_timestamp": "2023-12-10T23:48:54Z"
    }
  ],
  "Document": {
    "Version": "1.0",
    "Type": "ProcessControl",
    "Repetition": {
      "Id": "0",
      "IdBaseValue": "2023-12-10T14:48:54Z"
    }
  },
  "ProductionAction": {
    "Id": "SPACEAGGED2:CJJ:BE:BE1KOR:Test1:",
    "Type": "SpaceAggregation"
  },
  "Item": {
    "Id": "Measlot:2Z34900G",
    "IdSystemName": "Measlot",
    "Type": "Lot"
  },
  "SystemLog": {
    "UniqueSourceKey": "CJJ:BE:2Z34900G:BE1KOR:Test1:CO:58253:243031618:0",
    "ExtractedTimestampUtc": "0001-01-01T00:00:00",
    "EnqueuedTimestampUtc": "0001-01-01T00:00:00",
    "DocCreatedTimestampUtc": "2023-12-10T23:48:54Z",
    "QueueOffset": 0,
    "QueuePartition": 0
  },
  "SearchPatterns": {
    "SpaceKey": "Measlot:2Z34900G:SPACEAGGED2:CJJ:BE:BE1KOR:Test1::ProcessControl:1.0",
    "TimeGroup": "0",
    "SiteKey": "CJJ"
  }
}