{
  "Data_flat_Metadata": {
    "Baunumber": "95076911",
    "OperatorId": "CHEMFOPS1",
    "MeasLot": "2Z34905I",
    "ParameterOper": "Test1",
    "ParameterFacility": "BE1KOR",
    "SiteKey": "CJJ",
    "SpaceInstanceName": "BE",
    "BeginTimestampUtc": "2023-12-10T13:52:33Z",
    "BeginTimestamp": "2023-12-10T22:52:33Z",
    "EndTimestampUtc": "2023-12-10T13:52:33Z",
    "EndTimestamp": "2023-12-10T22:52:33Z",
    "Equipment": "LTE007"
  },
  "Data_flat_StrangeMetadata": {
    "PackageFamily": "MDIP",
    "Package": "PG-MDIP-24-12",
    "Device": "K9051E59531",
    "SpecName": "Test1",
    "SalesName": "IKCM15F60GA",
    "DeviceFamily": "K9051",
    "PackageGroup": "MDIP-FP-24",
    "PackageClass": "MDIP-FP",
    "BusinessSegment": "59",
    "MoveInQuantity": "895",
    "MoveOutQuantity": "892",
    "ProcessOwner": "PTE",
    "BeSegmentName": "CHE",
    "ManufacturingWipLevel": "ASSY",
    "BasicType": "K9051E"
  },
  "Data_1list_Parameters": [
    {
      "Data_1list_RawValues": [
        {
          "Seqnr": 0,
          "SampleId": 243031367,
          "Value": "NaN",
          "is_flagged": "N",
          "SampleTimestamp": "2023-12-10T22:52:33Z",
          "SampleTimestampUtc": "2023-12-10T13:52:33Z",
          "CreatedTimestamp": "2023-12-10T22:52:34Z",
          "CreatedTimestampUtc": "2023-12-10T13:52:34Z",
          "UpdatedTimestamp": "2023-12-10T22:52:34Z",
          "UpdatedTimestampUtc": "2023-12-10T13:52:34Z",
          "NumViolations": 0,
          "SampleMean": 0.0,
          "SampleMin": 0.0,
          "SampleMax": 0.0,
          "SampleMedian": 0.0,
          "SampleStdev": 0.0,
          "SampleQ1": "NaN",
          "SampleQ3": "NaN",
          "SampleSize": 1
        }
      ],
      "ParameterClass": "NON_KEY",
      "Data_flat_Limits": {
        "CKC_ID": "0",
        "MeasurementSpecLimits": {
          "SpecHighEnabled": "Y",
          "SpecLowEnabled": "N",
          "spec_high": 100.0,
          "target": 0.0
        },
        "ControlLimits": {
          "CtrlMeanLowEnabled": "N",
          "CtrlMeanTargetEnabled": "N",
          "CtrlMeanHighEnabled": "N",
          "CtrlLowEnabled": "N",
          "CtrlHighEnabled": "N",
          "CtrlStdevLowEnabled": "N",
          "CtrlSigmaCenterEnabled": "N",
          "CtrlRangeCenterEnabled": "N",
          "CtrlCenterEnabled": "N",
          "CtrlStdevHighEnabled": "N",
          "CtrlRangeLowEnabled": "N",
          "CtrlRangeHighEnabled": "N"
        }
      },
      "Data_flat_MeasurementAggregates": {
        "exec_count": 1,
        "base_count": 1,
        "flagged_count": 0,
        "mean": 0.0,
        "min": 0.0,
        "max": 0.0,
        "NumViolations": 0,
        "ViolationComments": "",
        "PrimaryViolation": "",
        "PrimaryViolationComments": "",
        "Samples": "243031367"
      },
      "ParameterName": "CO",
      "ParameterUnit": "%",
      "ChannelId": "58471",
      "SourceDataLevel": "L",
      "channel_name": "CO TEST1 MDIP_FP All",
      "channel_description": "CO TEST1 MDIP_FP All",
      "RvStoreFlag": "N",
      "created_timestamp_utc": "2023-12-10T13:52:34Z",
      "created_timestamp": "2023-12-10T22:52:34Z",
      "updated_timestamp_utc": "2023-12-10T13:52:34Z",
      "updated_timestamp": "2023-12-10T22:52:34Z"
    }
  ],
  "Document": {
    "Version": "1.0",
    "Type": "ProcessControl",
    "Repetition": {
      "Id": "0",
      "IdBaseValue": "2023-12-10T13:52:34Z"
    }
  },
  "ProductionAction": {
    "Id": "SPACEAGGED2:CJJ:BE:BE1KOR:Test1:",
    "Type": "SpaceAggregation"
  },
  "Item": {
    "Id": "Measlot:2Z34905I",
    "IdSystemName": "Measlot",
    "Type": "Lot"
  },
  "SystemLog": {
    "UniqueSourceKey": "CJJ:BE:2Z34905I:BE1KOR:Test1:CO:58471:243031367:0",
    "ExtractedTimestampUtc": "0001-01-01T00:00:00",
    "EnqueuedTimestampUtc": "0001-01-01T00:00:00",
    "DocCreatedTimestampUtc": "2023-12-10T22:52:33Z",
    "QueueOffset": 0,
    "QueuePartition": 0
  },
  "SearchPatterns": {
    "SpaceKey": "Measlot:2Z34905I:SPACEAGGED2:CJJ:BE:BE1KOR:Test1::ProcessControl:1.0",
    "TimeGroup": "0",
    "SiteKey": "CJJ"
  }
}