{
  "Data_flat_Metadata": {
    "ParameterOper": "Die_Bond2",
    "ParameterFacility": "BE1I",
    "SiteKey": "BAT",
    "SpaceInstanceName": "BE",
    "BeginTimestampUtc": "2023-11-14T07:46:13Z",
    "BeginTimestamp": "2023-11-14T14:46:13Z",
    "EndTimestampUtc": "2023-11-14T07:46:13Z",
    "EndTimestamp": "2023-11-14T14:46:13Z"
  },
  "Data_flat_StrangeMetadata": {
    "Device": "L2891S",
    "Module": "GLUE VOID",
    "ParameterClass": "E_SPC",
    "Segment": "DA",
    "F56Parameter": "N"
  },
  "Data_1list_Parameters": [
    {
      "Data_1list_RawValues": [
        {
          "Seqnr": 6,
          "SampleId": 240191193,
          "Value": 0.0,
          "is_flagged": "N",
          "SampleTimestamp": "2023-11-14T14:46:13Z",
          "SampleTimestampUtc": "2023-11-14T07:46:13Z",
          "CreatedTimestamp": "2023-11-14T14:46:13Z",
          "CreatedTimestampUtc": "2023-11-14T07:46:13Z",
          "UpdatedTimestamp": "2023-11-14T14:46:13Z",
          "UpdatedTimestampUtc": "2023-11-14T07:46:13Z",
          "NumViolations": 0,
          "SampleMean": 0.0,
          "SampleMin": 0.0,
          "SampleMax": 0.0,
          "SampleMedian": 0.0,
          "SampleStdev": 0.0,
          "SampleQ1": 0.0,
          "SampleQ3": 0.0,
          "SampleSize": 10
        },
        {
          "Seqnr": 7,
          "SampleId": 240191193,
          "Value": 0.0,
          "is_flagged": "N",
          "SampleTimestamp": "2023-11-14T14:46:13Z",
          "SampleTimestampUtc": "2023-11-14T07:46:13Z",
          "CreatedTimestamp": "2023-11-14T14:46:13Z",
          "CreatedTimestampUtc": "2023-11-14T07:46:13Z",
          "UpdatedTimestamp": "2023-11-14T14:46:13Z",
          "UpdatedTimestampUtc": "2023-11-14T07:46:13Z",
          "NumViolations": 0,
          "SampleMean": 0.0,
          "SampleMin": 0.0,
          "SampleMax": 0.0,
          "SampleMedian": 0.0,
          "SampleStdev": 0.0,
          "SampleQ1": 0.0,
          "SampleQ3": 0.0,
          "SampleSize": 10
        },
        {
          "Seqnr": 8,
          "SampleId": 240191193,
          "Value": 0.0,
          "is_flagged": "N",
          "SampleTimestamp": "2023-11-14T14:46:13Z",
          "SampleTimestampUtc": "2023-11-14T07:46:13Z",
          "CreatedTimestamp": "2023-11-14T14:46:13Z",
          "CreatedTimestampUtc": "2023-11-14T07:46:13Z",
          "UpdatedTimestamp": "2023-11-14T14:46:13Z",
          "UpdatedTimestampUtc": "2023-11-14T07:46:13Z",
          "NumViolations": 0,
          "SampleMean": 0.0,
          "SampleMin": 0.0,
          "SampleMax": 0.0,
          "SampleMedian": 0.0,
          "SampleStdev": 0.0,
          "SampleQ1": 0.0,
          "SampleQ3": 0.0,
          "SampleSize": 10
        },
        {
          "Seqnr": 9,
          "SampleId": 240191193,
          "Value": 0.0,
          "is_flagged": "N",
          "SampleTimestamp": "2023-11-14T14:46:13Z",
          "SampleTimestampUtc": "2023-11-14T07:46:13Z",
          "CreatedTimestamp": "2023-11-14T14:46:13Z",
          "CreatedTimestampUtc": "2023-11-14T07:46:13Z",
          "UpdatedTimestamp": "2023-11-14T14:46:13Z",
          "UpdatedTimestampUtc": "2023-11-14T07:46:13Z",
          "NumViolations": 0,
          "SampleMean": 0.0,
          "SampleMin": 0.0,
          "SampleMax": 0.0,
          "SampleMedian": 0.0,
          "SampleStdev": 0.0,
          "SampleQ1": 0.0,
          "SampleQ3": 0.0,
          "SampleSize": 10
        },
        {
          "Seqnr": 5,
          "SampleId": 240191193,
          "Value": 0.0,
          "is_flagged": "N",
          "SampleTimestamp": "2023-11-14T14:46:13Z",
          "SampleTimestampUtc": "2023-11-14T07:46:13Z",
          "CreatedTimestamp": "2023-11-14T14:46:13Z",
          "CreatedTimestampUtc": "2023-11-14T07:46:13Z",
          "UpdatedTimestamp": "2023-11-14T14:46:13Z",
          "UpdatedTimestampUtc": "2023-11-14T07:46:13Z",
          "NumViolations": 0,
          "SampleMean": 0.0,
          "SampleMin": 0.0,
          "SampleMax": 0.0,
          "SampleMedian": 0.0,
          "SampleStdev": 0.0,
          "SampleQ1": 0.0,
          "SampleQ3": 0.0,
          "SampleSize": 10
        },
        {
          "Seqnr": 4,
          "SampleId": 240191193,
          "Value": 0.0,
          "is_flagged": "N",
          "SampleTimestamp": "2023-11-14T14:46:13Z",
          "SampleTimestampUtc": "2023-11-14T07:46:13Z",
          "CreatedTimestamp": "2023-11-14T14:46:13Z",
          "CreatedTimestampUtc": "2023-11-14T07:46:13Z",
          "UpdatedTimestamp": "2023-11-14T14:46:13Z",
          "UpdatedTimestampUtc": "2023-11-14T07:46:13Z",
          "NumViolations": 0,
          "SampleMean": 0.0,
          "SampleMin": 0.0,
          "SampleMax": 0.0,
          "SampleMedian": 0.0,
          "SampleStdev": 0.0,
          "SampleQ1": 0.0,
          "SampleQ3": 0.0,
          "SampleSize": 10
        },
        {
          "Seqnr": 10,
          "SampleId": 240191193,
          "Value": 0.0,
          "is_flagged": "N",
          "SampleTimestamp": "2023-11-14T14:46:13Z",
          "SampleTimestampUtc": "2023-11-14T07:46:13Z",
          "CreatedTimestamp": "2023-11-14T14:46:13Z",
          "CreatedTimestampUtc": "2023-11-14T07:46:13Z",
          "UpdatedTimestamp": "2023-11-14T14:46:13Z",
          "UpdatedTimestampUtc": "2023-11-14T07:46:13Z",
          "NumViolations": 0,
          "SampleMean": 0.0,
          "SampleMin": 0.0,
          "SampleMax": 0.0,
          "SampleMedian": 0.0,
          "SampleStdev": 0.0,
          "SampleQ1": 0.0,
          "SampleQ3": 0.0,
          "SampleSize": 10
        },
        {
          "Seqnr": 2,
          "SampleId": 240191193,
          "Value": 0.0,
          "is_flagged": "N",
          "SampleTimestamp": "2023-11-14T14:46:13Z",
          "SampleTimestampUtc": "2023-11-14T07:46:13Z",
          "CreatedTimestamp": "2023-11-14T14:46:13Z",
          "CreatedTimestampUtc": "2023-11-14T07:46:13Z",
          "UpdatedTimestamp": "2023-11-14T14:46:13Z",
          "UpdatedTimestampUtc": "2023-11-14T07:46:13Z",
          "NumViolations": 0,
          "SampleMean": 0.0,
          "SampleMin": 0.0,
          "SampleMax": 0.0,
          "SampleMedian": 0.0,
          "SampleStdev": 0.0,
          "SampleQ1": 0.0,
          "SampleQ3": 0.0,
          "SampleSize": 10
        },
        {
          "Seqnr": 1,
          "SampleId": 240191193,
          "Value": 0.0,
          "is_flagged": "N",
          "SampleTimestamp": "2023-11-14T14:46:13Z",
          "SampleTimestampUtc": "2023-11-14T07:46:13Z",
          "CreatedTimestamp": "2023-11-14T14:46:13Z",
          "CreatedTimestampUtc": "2023-11-14T07:46:13Z",
          "UpdatedTimestamp": "2023-11-14T14:46:13Z",
          "UpdatedTimestampUtc": "2023-11-14T07:46:13Z",
          "NumViolations": 0,
          "SampleMean": 0.0,
          "SampleMin": 0.0,
          "SampleMax": 0.0,
          "SampleMedian": 0.0,
          "SampleStdev": 0.0,
          "SampleQ1": 0.0,
          "SampleQ3": 0.0,
          "SampleSize": 10
        },
        {
          "Seqnr": 3,
          "SampleId": 240191193,
          "Value": 0.0,
          "is_flagged": "N",
          "SampleTimestamp": "2023-11-14T14:46:13Z",
          "SampleTimestampUtc": "2023-11-14T07:46:13Z",
          "CreatedTimestamp": "2023-11-14T14:46:13Z",
          "CreatedTimestampUtc": "2023-11-14T07:46:13Z",
          "UpdatedTimestamp": "2023-11-14T14:46:13Z",
          "UpdatedTimestampUtc": "2023-11-14T07:46:13Z",
          "NumViolations": 0,
          "SampleMean": 0.0,
          "SampleMin": 0.0,
          "SampleMax": 0.0,
          "SampleMedian": 0.0,
          "SampleStdev": 0.0,
          "SampleQ1": 0.0,
          "SampleQ3": 0.0,
          "SampleSize": 10
        }
      ],
      "CFComment": "FOL",
      "FourDReport": "*",
      "Data_flat_Limits": {
        "CKC_ID": "0",
        "MeasurementSpecLimits": {
          "SpecHighEnabled": "Y",
          "SpecLowEnabled": "N",
          "spec_high": 10.0,
          "target": 0.0
        },
        "ControlLimits": {
          "CtrlMeanLowEnabled": "N",
          "ctrl_mean_target": 0.425636363636364,
          "CtrlMeanTargetEnabled": "Y",
          "ctrl_mean_high": 5.0,
          "CtrlMeanHighEnabled": "Y",
          "CtrlLowEnabled": "N",
          "CtrlHighEnabled": "N",
          "CtrlStdevLowEnabled": "N",
          "CtrlSigmaCenterEnabled": "N",
          "CtrlRangeCenterEnabled": "Y",
          "CtrlCenterEnabled": "N",
          "CtrlStdevHighEnabled": "N",
          "CtrlRangeLowEnabled": "N",
          "ctrl_range_target": 0.160059675515053,
          "ctrl_range_high": 5.0,
          "CtrlRangeHighEnabled": "Y"
        }
      },
      "Data_flat_MeasurementAggregates": {
        "exec_count": 10,
        "base_count": 10,
        "flagged_count": 0,
        "mean": 0.0,
        "median": 0.0,
        "stdev": 0.0,
        "range": 0.0,
        "min": 0.0,
        "max": 0.0,
        "q02": 0.0,
        "q05": 0.0,
        "q25": 0.0,
        "q75": 0.0,
        "q95": 0.0,
        "q98": 0.0,
        "NumViolations": 0,
        "Samples": "240191193"
      },
      "ParameterName": "GlueVoidSingle",
      "ParameterUnit": "%",
      "ChannelId": "7904",
      "SourceDataLevel": "C",
      "channel_name": "Void_MaxPercentage",
      "channel_description": "Created from LDS  exclude list by  action 'Create SPC Channel'",
      "RvStoreFlag": "Y",
      "created_timestamp_utc": "2023-11-14T07:46:13Z",
      "created_timestamp": "2023-11-14T14:46:13Z",
      "updated_timestamp_utc": "2023-11-14T07:46:13Z",
      "updated_timestamp": "2023-11-14T14:46:13Z"
    }
  ],
  "Document": {
    "Version": "1.0",
    "Type": "ProcessControl",
    "Repetition": {
      "Id": "0",
      "IdBaseValue": "2023-11-14T07:46:13Z"
    }
  },
  "ProductionAction": {
    "Id": "SPACEAGGED2:BAT:BE:BE1I:Die_Bond2:",
    "Type": "SpaceAggregation"
  },
  "Item": {
    "Id": "Measlot:",
    "IdSystemName": "Measlot",
    "Type": "Lot"
  },
  "SystemLog": {
    "UniqueSourceKey": "BAT:BE:VE347303B11:BE1I:Die_Bond2:GlueVoidSingle:7904:240191193:0",
    "ExtractedTimestampUtc": "0001-01-01T00:00:00",
    "EnqueuedTimestampUtc": "0001-01-01T00:00:00",
    "DocCreatedTimestampUtc": "2023-11-14T14:46:13Z",
    "QueueOffset": 0,
    "QueuePartition": 0
  },
  "SearchPatterns": {
    "SpaceKey": "Measlot::SPACEAGGED2:BAT:BE:BE1I:Die_Bond2::ProcessControl:1.0",
    "TimeGroup": "0",
    "SiteKey": "BAT"
  }
}