{
  "Data_flat_Metadata": {
    "ParameterOper": "Mould",
    "ParameterFacility": "BE1I",
    "SiteKey": "BAT",
    "SpaceInstanceName": "BE",
    "BeginTimestampUtc": "2023-11-14T06:46:08Z",
    "BeginTimestamp": "2023-11-14T13:46:08Z",
    "EndTimestampUtc": "2023-11-14T06:46:08Z",
    "EndTimestamp": "2023-11-14T13:46:08Z"
  },
  "Data_flat_StrangeMetadata": {
    "Device": "U5880B",
    "Module": "DSO 300-LSS",
    "ParameterClass": "NON_SPC",
    "Segment": "MOLD"
  },
  "Data_1list_Parameters": [
    {
      "Data_1list_RawValues": [
        {
          "Seqnr": 5,
          "SampleId": 240187193,
          "Value": 171.8,
          "is_flagged": "N",
          "SampleTimestamp": "2023-11-14T13:46:08Z",
          "SampleTimestampUtc": "2023-11-14T06:46:08Z",
          "CreatedTimestamp": "2023-11-14T13:46:08Z",
          "CreatedTimestampUtc": "2023-11-14T06:46:08Z",
          "UpdatedTimestamp": "2023-11-14T13:46:08Z",
          "UpdatedTimestampUtc": "2023-11-14T06:46:08Z",
          "NumViolations": 0,
          "SampleMean": 171.9,
          "SampleMin": 171.7,
          "SampleMax": 172.1,
          "SampleMedian": 171.9,
          "SampleStdev": 0.14142135623731,
          "SampleQ1": 171.825,
          "SampleQ3": 171.975,
          "SampleSize": 6
        },
        {
          "Seqnr": 6,
          "SampleId": 240187193,
          "Value": 171.9,
          "is_flagged": "N",
          "SampleTimestamp": "2023-11-14T13:46:08Z",
          "SampleTimestampUtc": "2023-11-14T06:46:08Z",
          "CreatedTimestamp": "2023-11-14T13:46:08Z",
          "CreatedTimestampUtc": "2023-11-14T06:46:08Z",
          "UpdatedTimestamp": "2023-11-14T13:46:08Z",
          "UpdatedTimestampUtc": "2023-11-14T06:46:08Z",
          "NumViolations": 0,
          "SampleMean": 171.9,
          "SampleMin": 171.7,
          "SampleMax": 172.1,
          "SampleMedian": 171.9,
          "SampleStdev": 0.14142135623731,
          "SampleQ1": 171.825,
          "SampleQ3": 171.975,
          "SampleSize": 6
        },
        {
          "Seqnr": 4,
          "SampleId": 240187193,
          "Value": 172.0,
          "is_flagged": "N",
          "SampleTimestamp": "2023-11-14T13:46:08Z",
          "SampleTimestampUtc": "2023-11-14T06:46:08Z",
          "CreatedTimestamp": "2023-11-14T13:46:08Z",
          "CreatedTimestampUtc": "2023-11-14T06:46:08Z",
          "UpdatedTimestamp": "2023-11-14T13:46:08Z",
          "UpdatedTimestampUtc": "2023-11-14T06:46:08Z",
          "NumViolations": 0,
          "SampleMean": 171.9,
          "SampleMin": 171.7,
          "SampleMax": 172.1,
          "SampleMedian": 171.9,
          "SampleStdev": 0.14142135623731,
          "SampleQ1": 171.825,
          "SampleQ3": 171.975,
          "SampleSize": 6
        },
        {
          "Seqnr": 3,
          "SampleId": 240187193,
          "Value": 172.1,
          "is_flagged": "N",
          "SampleTimestamp": "2023-11-14T13:46:08Z",
          "SampleTimestampUtc": "2023-11-14T06:46:08Z",
          "CreatedTimestamp": "2023-11-14T13:46:08Z",
          "CreatedTimestampUtc": "2023-11-14T06:46:08Z",
          "UpdatedTimestamp": "2023-11-14T13:46:08Z",
          "UpdatedTimestampUtc": "2023-11-14T06:46:08Z",
          "NumViolations": 0,
          "SampleMean": 171.9,
          "SampleMin": 171.7,
          "SampleMax": 172.1,
          "SampleMedian": 171.9,
          "SampleStdev": 0.14142135623731,
          "SampleQ1": 171.825,
          "SampleQ3": 171.975,
          "SampleSize": 6
        },
        {
          "Seqnr": 2,
          "SampleId": 240187193,
          "Value": 171.9,
          "is_flagged": "N",
          "SampleTimestamp": "2023-11-14T13:46:08Z",
          "SampleTimestampUtc": "2023-11-14T06:46:08Z",
          "CreatedTimestamp": "2023-11-14T13:46:08Z",
          "CreatedTimestampUtc": "2023-11-14T06:46:08Z",
          "UpdatedTimestamp": "2023-11-14T13:46:08Z",
          "UpdatedTimestampUtc": "2023-11-14T06:46:08Z",
          "NumViolations": 0,
          "SampleMean": 171.9,
          "SampleMin": 171.7,
          "SampleMax": 172.1,
          "SampleMedian": 171.9,
          "SampleStdev": 0.14142135623731,
          "SampleQ1": 171.825,
          "SampleQ3": 171.975,
          "SampleSize": 6
        },
        {
          "Seqnr": 1,
          "SampleId": 240187193,
          "Value": 171.7,
          "is_flagged": "N",
          "SampleTimestamp": "2023-11-14T13:46:08Z",
          "SampleTimestampUtc": "2023-11-14T06:46:08Z",
          "CreatedTimestamp": "2023-11-14T13:46:08Z",
          "CreatedTimestampUtc": "2023-11-14T06:46:08Z",
          "UpdatedTimestamp": "2023-11-14T13:46:08Z",
          "UpdatedTimestampUtc": "2023-11-14T06:46:08Z",
          "NumViolations": 0,
          "SampleMean": 171.9,
          "SampleMin": 171.7,
          "SampleMax": 172.1,
          "SampleMedian": 171.9,
          "SampleStdev": 0.14142135623731,
          "SampleQ1": 171.825,
          "SampleQ3": 171.975,
          "SampleSize": 6
        }
      ],
      "CFComment": "EOL",
      "FourDReport": "*",
      "Data_flat_Limits": {
        "CKC_ID": "0",
        "MeasurementSpecLimits": {
          "SpecHighEnabled": "Y",
          "SpecLowEnabled": "Y",
          "spec_high": 190.0,
          "spec_low": 160.0,
          "target": 175.0
        },
        "ControlLimits": {
          "CtrlMeanLowEnabled": "N",
          "ctrl_mean_target": 168.532380952381,
          "CtrlMeanTargetEnabled": "Y",
          "ctrl_mean_high": 175.98538017947,
          "CtrlMeanHighEnabled": "Y",
          "CtrlLowEnabled": "N",
          "CtrlHighEnabled": "N",
          "CtrlStdevLowEnabled": "N",
          "CtrlSigmaCenterEnabled": "N",
          "CtrlRangeCenterEnabled": "Y",
          "CtrlCenterEnabled": "N",
          "CtrlStdevHighEnabled": "N",
          "CtrlRangeLowEnabled": "N",
          "ctrl_range_target": 6.56657196726984,
          "ctrl_range_high": 15.3444322836368,
          "CtrlRangeHighEnabled": "Y"
        }
      },
      "Data_flat_MeasurementAggregates": {
        "exec_count": 6,
        "base_count": 6,
        "flagged_count": 0,
        "mean": 171.9,
        "median": 171.9,
        "stdev": 0.12909944487358055,
        "range": 0.4000000000000057,
        "min": 171.7,
        "max": 172.1,
        "q02": 171.71,
        "q05": 171.72499999999997,
        "q25": 171.82500000000002,
        "q75": 171.975,
        "q95": 172.075,
        "q98": 172.08999999999997,
        "NumViolations": 0,
        "Samples": "240187193"
      },
      "ParameterName": "PreheatTemperature",
      "ParameterUnit": "deg",
      "ChannelId": "56761",
      "SourceDataLevel": "C",
      "channel_name": "PreHeat_Temperature 160-190",
      "channel_description": "Created from LDS  exclude list by  action 'Create SPC Channel'",
      "RvStoreFlag": "Y",
      "created_timestamp_utc": "2023-11-14T06:46:08Z",
      "created_timestamp": "2023-11-14T13:46:08Z",
      "updated_timestamp_utc": "2023-11-14T06:46:08Z",
      "updated_timestamp": "2023-11-14T13:46:08Z"
    }
  ],
  "Document": {
    "Version": "1.0",
    "Type": "ProcessControl",
    "Repetition": {
      "Id": "0",
      "IdBaseValue": "2023-11-14T06:46:08Z"
    }
  },
  "ProductionAction": {
    "Id": "SPACEAGGED2:BAT:BE:BE1I:Mould:",
    "Type": "SpaceAggregation"
  },
  "Item": {
    "Id": "Measlot:",
    "IdSystemName": "Measlot",
    "Type": "Lot"
  },
  "SystemLog": {
    "UniqueSourceKey": "BAT:BE:RU307316B11:BE1I:Mould:PreheatTemperature:56761:240187193:0",
    "ExtractedTimestampUtc": "0001-01-01T00:00:00",
    "EnqueuedTimestampUtc": "0001-01-01T00:00:00",
    "DocCreatedTimestampUtc": "2023-11-14T13:46:08Z",
    "QueueOffset": 0,
    "QueuePartition": 0
  },
  "SearchPatterns": {
    "SpaceKey": "Measlot::SPACEAGGED2:BAT:BE:BE1I:Mould::ProcessControl:1.0",
    "TimeGroup": "0",
    "SiteKey": "BAT"
  }
}