{
  "Data_flat_Metadata": {
    "ParameterOper": "Mould",
    "ParameterFacility": "BE1I",
    "SiteKey": "BAT",
    "SpaceInstanceName": "BE",
    "BeginTimestampUtc": "2023-11-14T06:43:46Z",
    "BeginTimestamp": "2023-11-14T13:43:46Z",
    "EndTimestampUtc": "2023-11-14T06:43:46Z",
    "EndTimestamp": "2023-11-14T13:43:46Z"
  },
  "Data_flat_StrangeMetadata": {
    "Device": "U5880B",
    "ParameterClass": "E_SPC",
    "Segment": "MOLD"
  },
  "Data_1list_Parameters": [
    {
      "Data_1list_RawValues": [
        {
          "Seqnr": 6,
          "SampleId": 240187155,
          "Value": 175.2,
          "is_flagged": "N",
          "SampleTimestamp": "2023-11-14T13:43:46Z",
          "SampleTimestampUtc": "2023-11-14T06:43:46Z",
          "CreatedTimestamp": "2023-11-14T13:43:46Z",
          "CreatedTimestampUtc": "2023-11-14T06:43:46Z",
          "UpdatedTimestamp": "2023-11-14T13:43:46Z",
          "UpdatedTimestampUtc": "2023-11-14T06:43:46Z",
          "NumViolations": 0,
          "SampleMean": 175.23,
          "SampleMin": 174.9,
          "SampleMax": 175.5,
          "SampleMedian": 175.2,
          "SampleStdev": 0.176698110409316,
          "SampleQ1": 175.125,
          "SampleQ3": 175.375,
          "SampleSize": 10
        },
        {
          "Seqnr": 7,
          "SampleId": 240187155,
          "Value": 174.9,
          "is_flagged": "N",
          "SampleTimestamp": "2023-11-14T13:43:46Z",
          "SampleTimestampUtc": "2023-11-14T06:43:46Z",
          "CreatedTimestamp": "2023-11-14T13:43:46Z",
          "CreatedTimestampUtc": "2023-11-14T06:43:46Z",
          "UpdatedTimestamp": "2023-11-14T13:43:46Z",
          "UpdatedTimestampUtc": "2023-11-14T06:43:46Z",
          "NumViolations": 0,
          "SampleMean": 175.23,
          "SampleMin": 174.9,
          "SampleMax": 175.5,
          "SampleMedian": 175.2,
          "SampleStdev": 0.176698110409316,
          "SampleQ1": 175.125,
          "SampleQ3": 175.375,
          "SampleSize": 10
        },
        {
          "Seqnr": 8,
          "SampleId": 240187155,
          "Value": 175.1,
          "is_flagged": "N",
          "SampleTimestamp": "2023-11-14T13:43:46Z",
          "SampleTimestampUtc": "2023-11-14T06:43:46Z",
          "CreatedTimestamp": "2023-11-14T13:43:46Z",
          "CreatedTimestampUtc": "2023-11-14T06:43:46Z",
          "UpdatedTimestamp": "2023-11-14T13:43:46Z",
          "UpdatedTimestampUtc": "2023-11-14T06:43:46Z",
          "NumViolations": 0,
          "SampleMean": 175.23,
          "SampleMin": 174.9,
          "SampleMax": 175.5,
          "SampleMedian": 175.2,
          "SampleStdev": 0.176698110409316,
          "SampleQ1": 175.125,
          "SampleQ3": 175.375,
          "SampleSize": 10
        },
        {
          "Seqnr": 9,
          "SampleId": 240187155,
          "Value": 175.4,
          "is_flagged": "N",
          "SampleTimestamp": "2023-11-14T13:43:46Z",
          "SampleTimestampUtc": "2023-11-14T06:43:46Z",
          "CreatedTimestamp": "2023-11-14T13:43:46Z",
          "CreatedTimestampUtc": "2023-11-14T06:43:46Z",
          "UpdatedTimestamp": "2023-11-14T13:43:46Z",
          "UpdatedTimestampUtc": "2023-11-14T06:43:46Z",
          "NumViolations": 0,
          "SampleMean": 175.23,
          "SampleMin": 174.9,
          "SampleMax": 175.5,
          "SampleMedian": 175.2,
          "SampleStdev": 0.176698110409316,
          "SampleQ1": 175.125,
          "SampleQ3": 175.375,
          "SampleSize": 10
        },
        {
          "Seqnr": 10,
          "SampleId": 240187155,
          "Value": 175.2,
          "is_flagged": "N",
          "SampleTimestamp": "2023-11-14T13:43:46Z",
          "SampleTimestampUtc": "2023-11-14T06:43:46Z",
          "CreatedTimestamp": "2023-11-14T13:43:46Z",
          "CreatedTimestampUtc": "2023-11-14T06:43:46Z",
          "UpdatedTimestamp": "2023-11-14T13:43:46Z",
          "UpdatedTimestampUtc": "2023-11-14T06:43:46Z",
          "NumViolations": 0,
          "SampleMean": 175.23,
          "SampleMin": 174.9,
          "SampleMax": 175.5,
          "SampleMedian": 175.2,
          "SampleStdev": 0.176698110409316,
          "SampleQ1": 175.125,
          "SampleQ3": 175.375,
          "SampleSize": 10
        },
        {
          "Seqnr": 1,
          "SampleId": 240187155,
          "Value": 175.4,
          "is_flagged": "N",
          "SampleTimestamp": "2023-11-14T13:43:46Z",
          "SampleTimestampUtc": "2023-11-14T06:43:46Z",
          "CreatedTimestamp": "2023-11-14T13:43:46Z",
          "CreatedTimestampUtc": "2023-11-14T06:43:46Z",
          "UpdatedTimestamp": "2023-11-14T13:43:46Z",
          "UpdatedTimestampUtc": "2023-11-14T06:43:46Z",
          "NumViolations": 0,
          "SampleMean": 175.23,
          "SampleMin": 174.9,
          "SampleMax": 175.5,
          "SampleMedian": 175.2,
          "SampleStdev": 0.176698110409316,
          "SampleQ1": 175.125,
          "SampleQ3": 175.375,
          "SampleSize": 10
        },
        {
          "Seqnr": 2,
          "SampleId": 240187155,
          "Value": 175.1,
          "is_flagged": "N",
          "SampleTimestamp": "2023-11-14T13:43:46Z",
          "SampleTimestampUtc": "2023-11-14T06:43:46Z",
          "CreatedTimestamp": "2023-11-14T13:43:46Z",
          "CreatedTimestampUtc": "2023-11-14T06:43:46Z",
          "UpdatedTimestamp": "2023-11-14T13:43:46Z",
          "UpdatedTimestampUtc": "2023-11-14T06:43:46Z",
          "NumViolations": 0,
          "SampleMean": 175.23,
          "SampleMin": 174.9,
          "SampleMax": 175.5,
          "SampleMedian": 175.2,
          "SampleStdev": 0.176698110409316,
          "SampleQ1": 175.125,
          "SampleQ3": 175.375,
          "SampleSize": 10
        },
        {
          "Seqnr": 3,
          "SampleId": 240187155,
          "Value": 175.3,
          "is_flagged": "N",
          "SampleTimestamp": "2023-11-14T13:43:46Z",
          "SampleTimestampUtc": "2023-11-14T06:43:46Z",
          "CreatedTimestamp": "2023-11-14T13:43:46Z",
          "CreatedTimestampUtc": "2023-11-14T06:43:46Z",
          "UpdatedTimestamp": "2023-11-14T13:43:46Z",
          "UpdatedTimestampUtc": "2023-11-14T06:43:46Z",
          "NumViolations": 0,
          "SampleMean": 175.23,
          "SampleMin": 174.9,
          "SampleMax": 175.5,
          "SampleMedian": 175.2,
          "SampleStdev": 0.176698110409316,
          "SampleQ1": 175.125,
          "SampleQ3": 175.375,
          "SampleSize": 10
        },
        {
          "Seqnr": 4,
          "SampleId": 240187155,
          "Value": 175.2,
          "is_flagged": "N",
          "SampleTimestamp": "2023-11-14T13:43:46Z",
          "SampleTimestampUtc": "2023-11-14T06:43:46Z",
          "CreatedTimestamp": "2023-11-14T13:43:46Z",
          "CreatedTimestampUtc": "2023-11-14T06:43:46Z",
          "UpdatedTimestamp": "2023-11-14T13:43:46Z",
          "UpdatedTimestampUtc": "2023-11-14T06:43:46Z",
          "NumViolations": 0,
          "SampleMean": 175.23,
          "SampleMin": 174.9,
          "SampleMax": 175.5,
          "SampleMedian": 175.2,
          "SampleStdev": 0.176698110409316,
          "SampleQ1": 175.125,
          "SampleQ3": 175.375,
          "SampleSize": 10
        },
        {
          "Seqnr": 5,
          "SampleId": 240187155,
          "Value": 175.5,
          "is_flagged": "N",
          "SampleTimestamp": "2023-11-14T13:43:46Z",
          "SampleTimestampUtc": "2023-11-14T06:43:46Z",
          "CreatedTimestamp": "2023-11-14T13:43:46Z",
          "CreatedTimestampUtc": "2023-11-14T06:43:46Z",
          "UpdatedTimestamp": "2023-11-14T13:43:46Z",
          "UpdatedTimestampUtc": "2023-11-14T06:43:46Z",
          "NumViolations": 0,
          "SampleMean": 175.23,
          "SampleMin": 174.9,
          "SampleMax": 175.5,
          "SampleMedian": 175.2,
          "SampleStdev": 0.176698110409316,
          "SampleQ1": 175.125,
          "SampleQ3": 175.375,
          "SampleSize": 10
        }
      ],
      "CFComment": "EOL",
      "FourDReport": "*",
      "Data_flat_Limits": {
        "CKC_ID": "0",
        "MeasurementSpecLimits": {
          "SpecHighEnabled": "Y",
          "SpecLowEnabled": "Y",
          "spec_high": 180.0,
          "spec_low": 170.0,
          "target": 175.0
        },
        "ControlLimits": {
          "ctrl_mean_low": 172.0,
          "CtrlMeanLowEnabled": "Y",
          "ctrl_mean_target": 175.0,
          "CtrlMeanTargetEnabled": "Y",
          "ctrl_mean_high": 178.0,
          "CtrlMeanHighEnabled": "Y",
          "CtrlLowEnabled": "N",
          "CtrlHighEnabled": "N",
          "CtrlStdevLowEnabled": "N",
          "CtrlSigmaCenterEnabled": "N",
          "CtrlRangeCenterEnabled": "Y",
          "CtrlCenterEnabled": "N",
          "CtrlStdevHighEnabled": "N",
          "CtrlRangeLowEnabled": "N",
          "ctrl_range_target": 2.5,
          "ctrl_range_high": 5.0,
          "CtrlRangeHighEnabled": "Y"
        }
      },
      "Data_flat_MeasurementAggregates": {
        "exec_count": 10,
        "base_count": 10,
        "flagged_count": 0,
        "mean": 175.23,
        "median": 175.2,
        "stdev": 0.1676305461424041,
        "range": 0.5999999999999943,
        "min": 174.9,
        "max": 175.5,
        "q02": 174.936,
        "q05": 174.99,
        "q25": 175.125,
        "q75": 175.375,
        "q95": 175.45499999999998,
        "q98": 175.482,
        "NumViolations": 0,
        "Samples": "240187155"
      },
      "ParameterName": "MoldTemperature",
      "ParameterUnit": "deg",
      "ChannelId": "29881",
      "SourceDataLevel": "C",
      "channel_name": "Mold_Temperature 170-180",
      "channel_description": "Created from LDS  exclude list by  action 'Create SPC Channel'",
      "RvStoreFlag": "Y",
      "created_timestamp_utc": "2023-11-14T06:43:46Z",
      "created_timestamp": "2023-11-14T13:43:46Z",
      "updated_timestamp_utc": "2023-11-14T06:43:46Z",
      "updated_timestamp": "2023-11-14T13:43:46Z"
    }
  ],
  "Document": {
    "Version": "1.0",
    "Type": "ProcessControl",
    "Repetition": {
      "Id": "0",
      "IdBaseValue": "2023-11-14T06:43:46Z"
    }
  },
  "ProductionAction": {
    "Id": "SPACEAGGED2:BAT:BE:BE1I:Mould:",
    "Type": "SpaceAggregation"
  },
  "Item": {
    "Id": "Measlot:",
    "IdSystemName": "Measlot",
    "Type": "Lot"
  },
  "SystemLog": {
    "UniqueSourceKey": "BAT:BE:RU307316B11:BE1I:Mould:MoldTemperature:29881:240187155:0",
    "ExtractedTimestampUtc": "0001-01-01T00:00:00",
    "EnqueuedTimestampUtc": "0001-01-01T00:00:00",
    "DocCreatedTimestampUtc": "2023-11-14T13:43:46Z",
    "QueueOffset": 0,
    "QueuePartition": 0
  },
  "SearchPatterns": {
    "SpaceKey": "Measlot::SPACEAGGED2:BAT:BE:BE1I:Mould::ProcessControl:1.0",
    "TimeGroup": "0",
    "SiteKey": "BAT"
  }
}