{
  "IdSource": "SPACEACT2:TIJ:BE:104OOG8.1:Pre_assy_Corte:SP:WaferKerf_Width:1834:3096851:0",
  "Data_flat_Metadata": {
    "Segment": "Tijuana",
    "Module": "SP",
    "FourDReport": "*",
    "ParameterClass": "NON_PPAP",
    "ProcessEquipment": "WSDI0109",
    "Category": "PT-0008-07",
    "Classification": "SPC-Monitoreo",
    "Operator": "omarroq1",
    "PartNumber": "PA002410340",
    "Track": "Z1",
    "Area": "Pre_assy_Corte",
    "Lot": "104OOG8.1",
    "ParameterName": "WaferKerf_Width",
    "ParameterUnit": "mm",
    "SiteKey": "TIJ",
    "ChannelId": "1834",
    "SpaceInstanceName": "BE",
    "CreatedTimestampUtc": "2023-10-10T02:51:41Z",
    "CreatedTimestamp": "2023-10-09T19:51:41Z",
    "UpdatedTimestamp": "2023-10-09T19:51:41Z",
    "UpdatedTimestampUtc": "2023-10-10T02:51:41Z",
    "ExportedTimestampUtc": "2023-10-09T19:51:41Z",
    "ExportedTimestamp": "2023-10-09T19:51:41Z",
    "SampleTimestampUtc": "2023-10-10T02:51:41Z",
    "SampleTimestamp": "2023-10-09T19:51:41Z",
    "SourceDataLevel": "C",
    "ChannelName": "WaferKerf_Width/Pre_assy/PT-0008-07",
    "ChannelDescr": "Wafer saw process",
    "RvStoreFlag": "Y",
    "CalcCreated": "10/09/2020 18:49:24",
    "ILdsID": 0,
    "AcceptFlag": "Y",
    "UpdatedBy": " ",
    "ClOrigin": 0,
    "OutOfOrder": "N",
    "Calc2ID": 64863,
    "ViolCount": 0,
    "CalculationStrategy": "ND",
    "LdsID": "2401",
    "IsCalcParam": 0,
    "ChState": "Online"
  },
  "Data_1list_RawValues": {
    "Data_flat_Limits": {
      "CkcId": "0",
      "MeasurementSpecLimits": {
        "SpecHighEnabled": "N",
        "SpecLowEnabled": "Y",
        "SpecHigh": 0.0508,
        "SpecTarget": 0.037,
        "SpecTargetOrigin": "V",
        "ExtSpecLimEnable": "NN",
        "ExtSpecUpper": 0.0,
        "ExtSpecLower": 0.0,
        "LimitEnable": "YYNYNNYNYYYYYYYYYYYNNNYYYYYYYNNNNNNNN"
      },
      "SpaceAggregates": {
        "Mean": ",0309",
        "Median": ",0305",
        "Sigma": ",000547722557505167",
        "Min": ",0305",
        "Max": ",0315",
        "Q1": ",0305",
        "Q3": ",0315"
      },
      "ControlLimits": {
        "ctrl_mean_low": 0.02812,
        "CtrlMeanLowEnabled": "Y",
        "ctrl_mean_target": 0.03103,
        "CtrlMeanTargetEnabled": "Y",
        "ctrl_mean_high": 0.03393,
        "CtrlMeanHighEnabled": "Y",
        "CtrlLowEnabled": "N",
        "CtrlSigmaCenterEnabled": "Y",
        "CtrlRangeCenterEnabled": "N",
        "CtrlCenterEnabled": "N",
        "CtrlHighEnabled": "N",
        "CtrlSigmaLowEnabled": "Y",
        "CtrlSigmaHighEnabled": "Y",
        "ctrl_range_low": 0.0,
        "CtrlRangeLowEnabled": "N",
        "ctrl_range_target": 0.00127,
        "ctrl_range_high": 0.00254,
        "CtrlRangeHighEnabled": "N",
        "ExtMaMV": 0.03056,
        "ExtEwmaMV": 0.030660383289931,
        "ExtMsMV": 0.000141421356237311,
        "EwmaS": 0.000555795729412499,
        "EwmaR": 0.001181444608,
        "ExtEwmaMVLCL": 0.0,
        "ExtEwmaMVCenter": 0.0,
        "ExtEwmaMVUCL": 0.0,
        "ExtMaMVLCL": 0.0,
        "ExtMaMVCenter": 0.0,
        "ExtMaMVUCL": 0.0,
        "EwmaSLCL": 0.0,
        "EwmaSCenter": 0.0,
        "EwmaSUCL": 0.0,
        "EwmaRLCL": 0.0,
        "EwmaRCenter": 0.0,
        "EwmaRUCL": 0.0,
        "ExtMSMVLCL": 0.0,
        "ExtMSMVCenter": 0.0,
        "ExtMSMVUCL": 0.0,
        "MVLal": 0.0,
        "MVUal": 0.0,
        "RawLal": 0.0,
        "RawUal": 0.0,
        "SigmaLal": 0.0,
        "SigmaUal": 0.0,
        "RangeLal": 0.0,
        "RangeUal": 0.0
      }
    },
    "Data_1list_RawValues": [
      {
        "SampleId": 3096851,
        "Seqnr": 1,
        "Value": 0.0305,
        "InternalFlagged": "N",
        "ExternalFlagged": "N",
        "NumViolations": 0
      },
      {
        "SampleId": 3096851,
        "Seqnr": 5,
        "Value": 0.0305,
        "InternalFlagged": "N",
        "ExternalFlagged": "N",
        "NumViolations": 0
      },
      {
        "SampleId": 3096851,
        "Seqnr": 4,
        "Value": 0.0305,
        "InternalFlagged": "N",
        "ExternalFlagged": "N",
        "NumViolations": 0
      },
      {
        "SampleId": 3096851,
        "Seqnr": 3,
        "Value": 0.0315,
        "InternalFlagged": "N",
        "ExternalFlagged": "N",
        "NumViolations": 0
      },
      {
        "SampleId": 3096851,
        "Seqnr": 2,
        "Value": 0.0315,
        "InternalFlagged": "N",
        "ExternalFlagged": "N",
        "NumViolations": 0
      }
    ],
    "SampleSize": 5
  },
  "ProductionAction": {
    "Id": "SPACEACT1:TIJ:BE:Pre_assy_Corte:SP:WaferKerf_Width:1834",
    "Type": "SpaceAction"
  },
  "Item": {
    "Id": "Measlot:104OOG8.1",
    "IdSystemName": "Measlot",
    "Type": "Lot"
  },
  "SystemLog": {
    "ExtractedTimestampUtc": "0001-01-01T00:00:00",
    "EnqueuedTimestampUtc": "0001-01-01T00:00:00",
    "UniqueSourceKey": "TIJ:BE:104OOG8.1:Pre_assy_Corte:SP:WaferKerf_Width:1834:3096851:0"
  }
}