{
  "IdSource": "SPACEACT3:CEG:BE:81771429:IHM::K1-P-HCOOH:101141:332712506:0",
  "Data_flat_Metadata": {
    "Plant": "0600",
    "Line": "IHM",
    "ProductionOrder": "81771429",
    "Batch": "HR05865P0",
    "MaterialNumber": "42812",
    "ProductGroup": "M-IHM-B190",
    "MeasurementRecipe": "9",
    "ProcessEquipment": "132013101092",
    "OrderType": "2100",
    "QrkGroup": "2100",
    "ProcessGroup": "system_soldering",
    "SpcClass": "2100",
    "ParameterType": "2100",
    "LongParameterName": "K1-Druck nach HCOOH fluten",
    "MaterialNumberText": "2100",
    "ProcessEquipmentName": "VADU22",
    "Operator": "2100",
    "ParameterClass": "NON_SPC",
    "Segment": "HPS",
    "Package": "IHM",
    "PosName": "2100",
    "ParameterName": "K1-P-HCOOH",
    "ParameterUnit": "mBar",
    "SiteKey": "CEG",
    "ChannelId": "101141",
    "SpaceInstanceName": "BE",
    "CreatedTimestampUtc": "2023-10-27T09:26:31Z",
    "CreatedTimestamp": "2023-10-27T11:26:31Z",
    "UpdatedTimestamp": "2023-10-27T11:26:31Z",
    "UpdatedTimestampUtc": "2023-10-27T09:26:31Z",
    "ExportedTimestampUtc": "2023-10-27T11:21:34Z",
    "ExportedTimestamp": "2023-10-27T11:21:34Z",
    "SampleTimestampUtc": "2023-10-27T09:21:34Z",
    "SampleTimestamp": "2023-10-27T11:21:34Z",
    "SourceDataLevel": "C",
    "Equipment": "VADU22",
    "ChannelName": "K1-P-HCOOH",
    "RvStoreFlag": "Y",
    "CalcCreated": "10/29/2018 11:54:13",
    "ILdsID": 0,
    "AcceptFlag": "Y",
    "UpdatedBy": " ",
    "ClOrigin": 0,
    "OutOfOrder": "N",
    "Calc2ID": 8952192,
    "ViolCount": 0,
    "CalculationStrategy": "ND",
    "LdsID": "2100",
    "IsCalcParam": 0,
    "ChannelType": "N",
    "ChState": "Offline"
  },
  "Data_1list_RawValues": {
    "Data_flat_Limits": {
      "CkcId": "0",
      "MeasurementSpecLimits": {
        "SpecHighEnabled": "Y",
        "SpecLowEnabled": "Y",
        "SpecHigh": 405.0,
        "SpecLow": 365.0,
        "SpecTarget": 385.0,
        "SpecTargetOrigin": "V",
        "ExtSpecLimEnable": "NN",
        "ExtSpecUpper": 0.0,
        "ExtSpecLower": 0.0,
        "LimitEnable": "YYNNYNYNNNYYYYYYYYYNNNYYYYYYNNNNNNNNN"
      },
      "SpaceAggregates": {
        "Mean": "385,2",
        "Median": "385,2",
        "Sigma": "0",
        "Min": "385,2",
        "Max": "385,2",
        "Q1": "385,2",
        "Q3": "385,2"
      },
      "ControlLimits": {
        "CtrlMeanLowEnabled": "N",
        "CtrlMeanTargetEnabled": "N",
        "CtrlMeanHighEnabled": "N",
        "CtrlLowEnabled": "N",
        "CtrlSigmaCenterEnabled": "N",
        "CtrlRangeCenterEnabled": "N",
        "CtrlCenterEnabled": "N",
        "CtrlHighEnabled": "N",
        "CtrlSigmaLowEnabled": "N",
        "CtrlSigmaHighEnabled": "N",
        "CtrlRangeLowEnabled": "N",
        "CtrlRangeHighEnabled": "N",
        "ExtMaMV": 384.957142857143,
        "ExtEwmaMV": 385.192051883652,
        "ExtMsMV": 0.141421356237301,
        "EwmaS": 0.0,
        "EwmaR": 0.0,
        "ExtEwmaMVLCL": 0.0,
        "ExtEwmaMVCenter": 0.0,
        "ExtEwmaMVUCL": 0.0,
        "ExtMaMVLCL": 0.0,
        "ExtMaMVCenter": 0.0,
        "ExtMaMVUCL": 0.0,
        "EwmaSLCL": 0.0,
        "EwmaSCenter": 0.0,
        "EwmaSUCL": 0.0,
        "EwmaRLCL": 0.0,
        "EwmaRCenter": 0.0,
        "EwmaRUCL": 0.0,
        "ExtMSMVLCL": 0.0,
        "ExtMSMVCenter": 0.0,
        "ExtMSMVUCL": 0.0,
        "MVLal": 0.0,
        "MVUal": 0.0,
        "RawLal": 0.0,
        "RawUal": 0.0,
        "SigmaLal": 0.0,
        "SigmaUal": 0.0,
        "RangeLal": 0.0,
        "RangeUal": 0.0
      }
    },
    "Data_1list_RawValues": [
      {
        "SampleId": 332712506,
        "Seqnr": 1,
        "Value": 385.2,
        "InternalFlagged": "N",
        "ExternalFlagged": "N",
        "NumViolations": 0
      }
    ],
    "SampleSize": 1
  },
  "ProductionAction": {
    "Id": "SPACEACT1:CEG:BE:IHM::K1-P-HCOOH:101141",
    "Type": "SpaceAction"
  },
  "Item": {
    "Id": "ERROR:81771429",
    "IdSystemName": "ERROR",
    "Type": "Fauf"
  },
  "SystemLog": {
    "ExtractedTimestampUtc": "0001-01-01T00:00:00",
    "EnqueuedTimestampUtc": "0001-01-01T00:00:00",
    "UniqueSourceKey": "CEG:BE:81771429:IHM::K1-P-HCOOH:101141:332712506:0"
  }
}